Archive member included to satisfy reference by file (symbol)

c:/st/stm32cubeide_1.8.0/stm32cubeide/plugins/com.st.stm32cube.ide.mcu.externaltools.gnu-tools-for-stm32.9-2020-q2-update.win32_2.0.0.202105311346/tools/bin/../lib/gcc/arm-none-eabi/9.3.1/../../../../arm-none-eabi/lib/thumb/v7e-m+fp/hard\libc_nano.a(lib_a-errno.o)
                              ./Core/Src/syscalls.o (__errno)
c:/st/stm32cubeide_1.8.0/stm32cubeide/plugins/com.st.stm32cube.ide.mcu.externaltools.gnu-tools-for-stm32.9-2020-q2-update.win32_2.0.0.202105311346/tools/bin/../lib/gcc/arm-none-eabi/9.3.1/../../../../arm-none-eabi/lib/thumb/v7e-m+fp/hard\libc_nano.a(lib_a-exit.o)
                              c:/st/stm32cubeide_1.8.0/stm32cubeide/plugins/com.st.stm32cube.ide.mcu.externaltools.gnu-tools-for-stm32.9-2020-q2-update.win32_2.0.0.202105311346/tools/bin/../lib/gcc/arm-none-eabi/9.3.1/../../../../arm-none-eabi/lib/thumb/v7e-m+fp/hard/crt0.o (exit)
c:/st/stm32cubeide_1.8.0/stm32cubeide/plugins/com.st.stm32cube.ide.mcu.externaltools.gnu-tools-for-stm32.9-2020-q2-update.win32_2.0.0.202105311346/tools/bin/../lib/gcc/arm-none-eabi/9.3.1/../../../../arm-none-eabi/lib/thumb/v7e-m+fp/hard\libc_nano.a(lib_a-impure.o)
                              c:/st/stm32cubeide_1.8.0/stm32cubeide/plugins/com.st.stm32cube.ide.mcu.externaltools.gnu-tools-for-stm32.9-2020-q2-update.win32_2.0.0.202105311346/tools/bin/../lib/gcc/arm-none-eabi/9.3.1/../../../../arm-none-eabi/lib/thumb/v7e-m+fp/hard\libc_nano.a(lib_a-exit.o) (_global_impure_ptr)
c:/st/stm32cubeide_1.8.0/stm32cubeide/plugins/com.st.stm32cube.ide.mcu.externaltools.gnu-tools-for-stm32.9-2020-q2-update.win32_2.0.0.202105311346/tools/bin/../lib/gcc/arm-none-eabi/9.3.1/../../../../arm-none-eabi/lib/thumb/v7e-m+fp/hard\libc_nano.a(lib_a-init.o)
                              c:/st/stm32cubeide_1.8.0/stm32cubeide/plugins/com.st.stm32cube.ide.mcu.externaltools.gnu-tools-for-stm32.9-2020-q2-update.win32_2.0.0.202105311346/tools/bin/../lib/gcc/arm-none-eabi/9.3.1/../../../../arm-none-eabi/lib/thumb/v7e-m+fp/hard/crt0.o (__libc_init_array)
c:/st/stm32cubeide_1.8.0/stm32cubeide/plugins/com.st.stm32cube.ide.mcu.externaltools.gnu-tools-for-stm32.9-2020-q2-update.win32_2.0.0.202105311346/tools/bin/../lib/gcc/arm-none-eabi/9.3.1/../../../../arm-none-eabi/lib/thumb/v7e-m+fp/hard\libc_nano.a(lib_a-memcmp.o)
                              ./ThirdParty/SEGGER/OS/SEGGER_SYSVIEW_FreeRTOS.o (memcmp)
c:/st/stm32cubeide_1.8.0/stm32cubeide/plugins/com.st.stm32cube.ide.mcu.externaltools.gnu-tools-for-stm32.9-2020-q2-update.win32_2.0.0.202105311346/tools/bin/../lib/gcc/arm-none-eabi/9.3.1/../../../../arm-none-eabi/lib/thumb/v7e-m+fp/hard\libc_nano.a(lib_a-memcpy-stub.o)
                              ./ThirdParty/FreeRTOS/queue.o (memcpy)
c:/st/stm32cubeide_1.8.0/stm32cubeide/plugins/com.st.stm32cube.ide.mcu.externaltools.gnu-tools-for-stm32.9-2020-q2-update.win32_2.0.0.202105311346/tools/bin/../lib/gcc/arm-none-eabi/9.3.1/../../../../arm-none-eabi/lib/thumb/v7e-m+fp/hard\libc_nano.a(lib_a-memset.o)
                              c:/st/stm32cubeide_1.8.0/stm32cubeide/plugins/com.st.stm32cube.ide.mcu.externaltools.gnu-tools-for-stm32.9-2020-q2-update.win32_2.0.0.202105311346/tools/bin/../lib/gcc/arm-none-eabi/9.3.1/../../../../arm-none-eabi/lib/thumb/v7e-m+fp/hard/crt0.o (memset)
c:/st/stm32cubeide_1.8.0/stm32cubeide/plugins/com.st.stm32cube.ide.mcu.externaltools.gnu-tools-for-stm32.9-2020-q2-update.win32_2.0.0.202105311346/tools/bin/../lib/gcc/arm-none-eabi/9.3.1/../../../../arm-none-eabi/lib/thumb/v7e-m+fp/hard\libc_nano.a(lib_a-strlen.o)
                              ./ThirdParty/SEGGER/SEGGER/SEGGER_RTT.o (strlen)

Allocating common symbols
Common symbol       size              file

SEGGER_SYSVIEW_InterruptId
                    0x4               ./ThirdParty/SEGGER/SEGGER/SEGGER_SYSVIEW.o
task_to_delete      0x4               ./Core/Src/main.o
handle_button       0x4               ./Core/Src/main.o
SEGGER_SYSVIEW_TickCnt
                    0x4               ./ThirdParty/SEGGER/SEGGER/SEGGER_SYSVIEW.o
handle_LED_blue     0x4               ./Core/Src/main.o
uwTick              0x4               ./Drivers/STM32L4xx_HAL_Driver/Src/stm32l4xx_hal.o
xQueueRegistry      0x40              ./ThirdParty/FreeRTOS/queue.o
handle_LED_green    0x4               ./Core/Src/main.o
htim6               0x4c              ./Core/Src/stm32l4xx_hal_timebase_tim.o
handle_LED_red      0x4               ./Core/Src/main.o
_SEGGER_RTT         0xa8              ./ThirdParty/SEGGER/SEGGER/SEGGER_RTT.o

Discarded input sections

 .text          0x0000000000000000        0x0 c:/st/stm32cubeide_1.8.0/stm32cubeide/plugins/com.st.stm32cube.ide.mcu.externaltools.gnu-tools-for-stm32.9-2020-q2-update.win32_2.0.0.202105311346/tools/bin/../lib/gcc/arm-none-eabi/9.3.1/thumb/v7e-m+fp/hard/crti.o
[...]
Memory Configuration

Name             Origin             Length             Attributes
RAM              0x0000000020000000 0x00000000000a0000 xrw
RAM2             0x0000000010000000 0x0000000000010000 xrw
RAM3             0x0000000020040000 0x0000000000060000 xrw
FLASH            0x0000000008000000 0x0000000000200000 xr
*default*        0x0000000000000000 0xffffffffffffffff

Linker script and memory map

LOAD c:/st/stm32cubeide_1.8.0/stm32cubeide/plugins/com.st.stm32cube.ide.mcu.externaltools.gnu-tools-for-stm32.9-2020-q2-update.win32_2.0.0.202105311346/tools/bin/../lib/gcc/arm-none-eabi/9.3.1/thumb/v7e-m+fp/hard/crti.o
LOAD c:/st/stm32cubeide_1.8.0/stm32cubeide/plugins/com.st.stm32cube.ide.mcu.externaltools.gnu-tools-for-stm32.9-2020-q2-update.win32_2.0.0.202105311346/tools/bin/../lib/gcc/arm-none-eabi/9.3.1/thumb/v7e-m+fp/hard/crtbegin.o
LOAD c:/st/stm32cubeide_1.8.0/stm32cubeide/plugins/com.st.stm32cube.ide.mcu.externaltools.gnu-tools-for-stm32.9-2020-q2-update.win32_2.0.0.202105311346/tools/bin/../lib/gcc/arm-none-eabi/9.3.1/../../../../arm-none-eabi/lib/thumb/v7e-m+fp/hard/crt0.o
LOAD ./Core/Src/main.o
LOAD ./Core/Src/stm32l4xx_hal_msp.o
LOAD ./Core/Src/stm32l4xx_hal_timebase_tim.o
LOAD ./Core/Src/stm32l4xx_it.o
LOAD ./Core/Src/syscalls.o
LOAD ./Core/Src/sysmem.o
LOAD ./Core/Src/system_stm32l4xx.o
LOAD ./Core/Startup/startup_stm32l4r5zitx.o
LOAD ./Drivers/STM32L4xx_HAL_Driver/Src/stm32l4xx_hal.o
LOAD ./Drivers/STM32L4xx_HAL_Driver/Src/stm32l4xx_hal_cortex.o
LOAD ./Drivers/STM32L4xx_HAL_Driver/Src/stm32l4xx_hal_dma.o
LOAD ./Drivers/STM32L4xx_HAL_Driver/Src/stm32l4xx_hal_dma_ex.o
LOAD ./Drivers/STM32L4xx_HAL_Driver/Src/stm32l4xx_hal_exti.o
LOAD ./Drivers/STM32L4xx_HAL_Driver/Src/stm32l4xx_hal_flash.o
LOAD ./Drivers/STM32L4xx_HAL_Driver/Src/stm32l4xx_hal_flash_ex.o
LOAD ./Drivers/STM32L4xx_HAL_Driver/Src/stm32l4xx_hal_flash_ramfunc.o
LOAD ./Drivers/STM32L4xx_HAL_Driver/Src/stm32l4xx_hal_gpio.o
LOAD ./Drivers/STM32L4xx_HAL_Driver/Src/stm32l4xx_hal_i2c.o
LOAD ./Drivers/STM32L4xx_HAL_Driver/Src/stm32l4xx_hal_i2c_ex.o
LOAD ./Drivers/STM32L4xx_HAL_Driver/Src/stm32l4xx_hal_pwr.o
LOAD ./Drivers/STM32L4xx_HAL_Driver/Src/stm32l4xx_hal_pwr_ex.o
LOAD ./Drivers/STM32L4xx_HAL_Driver/Src/stm32l4xx_hal_rcc.o
LOAD ./Drivers/STM32L4xx_HAL_Driver/Src/stm32l4xx_hal_rcc_ex.o
LOAD ./Drivers/STM32L4xx_HAL_Driver/Src/stm32l4xx_hal_tim.o
LOAD ./Drivers/STM32L4xx_HAL_Driver/Src/stm32l4xx_hal_tim_ex.o
LOAD ./ThirdParty/FreeRTOS/croutine.o
LOAD ./ThirdParty/FreeRTOS/event_groups.o
LOAD ./ThirdParty/FreeRTOS/list.o
LOAD ./ThirdParty/FreeRTOS/queue.o
LOAD ./ThirdParty/FreeRTOS/stream_buffer.o
LOAD ./ThirdParty/FreeRTOS/tasks.o
LOAD ./ThirdParty/FreeRTOS/timers.o
LOAD ./ThirdParty/FreeRTOS/portable/GCC/ARM_CM4F/port.o
LOAD ./ThirdParty/FreeRTOS/portable/MemMang/heap_4.o
LOAD ./ThirdParty/SEGGER/Config/SEGGER_SYSVIEW_Config_FreeRTOS.o
LOAD ./ThirdParty/SEGGER/OS/SEGGER_SYSVIEW_FreeRTOS.o
LOAD ./ThirdParty/SEGGER/Rec/segger_uart.o
LOAD ./ThirdParty/SEGGER/SEGGER/SEGGER_RTT.o
LOAD ./ThirdParty/SEGGER/SEGGER/SEGGER_RTT_ASM_ARMv7M.o
LOAD ./ThirdParty/SEGGER/SEGGER/SEGGER_RTT_printf.o
LOAD ./ThirdParty/SEGGER/SEGGER/SEGGER_SYSVIEW.o
LOAD ./ThirdParty/SEGGER/SEGGER/Syscalls/SEGGER_RTT_Syscalls_GCC.o
START GROUP
LOAD c:/st/stm32cubeide_1.8.0/stm32cubeide/plugins/com.st.stm32cube.ide.mcu.externaltools.gnu-tools-for-stm32.9-2020-q2-update.win32_2.0.0.202105311346/tools/bin/../lib/gcc/arm-none-eabi/9.3.1/../../../../arm-none-eabi/lib/thumb/v7e-m+fp/hard\libc_nano.a
LOAD c:/st/stm32cubeide_1.8.0/stm32cubeide/plugins/com.st.stm32cube.ide.mcu.externaltools.gnu-tools-for-stm32.9-2020-q2-update.win32_2.0.0.202105311346/tools/bin/../lib/gcc/arm-none-eabi/9.3.1/../../../../arm-none-eabi/lib/thumb/v7e-m+fp/hard\libm.a
END GROUP
START GROUP
LOAD c:/st/stm32cubeide_1.8.0/stm32cubeide/plugins/com.st.stm32cube.ide.mcu.externaltools.gnu-tools-for-stm32.9-2020-q2-update.win32_2.0.0.202105311346/tools/bin/../lib/gcc/arm-none-eabi/9.3.1/thumb/v7e-m+fp/hard\libgcc.a
LOAD c:/st/stm32cubeide_1.8.0/stm32cubeide/plugins/com.st.stm32cube.ide.mcu.externaltools.gnu-tools-for-stm32.9-2020-q2-update.win32_2.0.0.202105311346/tools/bin/../lib/gcc/arm-none-eabi/9.3.1/../../../../arm-none-eabi/lib/thumb/v7e-m+fp/hard\libc_nano.a
END GROUP
START GROUP
LOAD c:/st/stm32cubeide_1.8.0/stm32cubeide/plugins/com.st.stm32cube.ide.mcu.externaltools.gnu-tools-for-stm32.9-2020-q2-update.win32_2.0.0.202105311346/tools/bin/../lib/gcc/arm-none-eabi/9.3.1/thumb/v7e-m+fp/hard\libgcc.a
LOAD c:/st/stm32cubeide_1.8.0/stm32cubeide/plugins/com.st.stm32cube.ide.mcu.externaltools.gnu-tools-for-stm32.9-2020-q2-update.win32_2.0.0.202105311346/tools/bin/../lib/gcc/arm-none-eabi/9.3.1/../../../../arm-none-eabi/lib/thumb/v7e-m+fp/hard\libc_nano.a
END GROUP
LOAD c:/st/stm32cubeide_1.8.0/stm32cubeide/plugins/com.st.stm32cube.ide.mcu.externaltools.gnu-tools-for-stm32.9-2020-q2-update.win32_2.0.0.202105311346/tools/bin/../lib/gcc/arm-none-eabi/9.3.1/thumb/v7e-m+fp/hard/crtend.o
LOAD c:/st/stm32cubeide_1.8.0/stm32cubeide/plugins/com.st.stm32cube.ide.mcu.externaltools.gnu-tools-for-stm32.9-2020-q2-update.win32_2.0.0.202105311346/tools/bin/../lib/gcc/arm-none-eabi/9.3.1/thumb/v7e-m+fp/hard/crtn.o
                0x00000000200a0000                _estack = (ORIGIN (RAM) + LENGTH (RAM))
                0x0000000000000200                _Min_Heap_Size = 0x200
                0x0000000000000400                _Min_Stack_Size = 0x400

.isr_vector     0x0000000008000000      0x1bc
                0x0000000008000000                . = ALIGN (0x4)
 *(.isr_vector)
 .isr_vector    0x0000000008000000      0x1bc ./Core/Startup/startup_stm32l4r5zitx.o
                0x0000000008000000                g_pfnVectors
                0x00000000080001bc                . = ALIGN (0x4)

.text           0x00000000080001c0     0x7598
                0x00000000080001c0                . = ALIGN (0x4)
 *(.text)
 .text          0x00000000080001c0       0x40 c:/st/stm32cubeide_1.8.0/stm32cubeide/plugins/com.st.stm32cube.ide.mcu.externaltools.gnu-tools-for-stm32.9-2020-q2-update.win32_2.0.0.202105311346/tools/bin/../lib/gcc/arm-none-eabi/9.3.1/thumb/v7e-m+fp/hard/crtbegin.o
 .text          0x0000000008000200       0x94 ./ThirdParty/SEGGER/SEGGER/SEGGER_RTT_ASM_ARMv7M.o
                0x0000000008000200                SEGGER_RTT_ASM_WriteSkipNoLock
 *(.text*)
 .text.main     0x0000000008000294      0x128 ./Core/Src/main.o
                0x0000000008000294                main
 .text.SystemClock_Config
                0x00000000080003bc       0xa6 ./Core/Src/main.o
                0x00000000080003bc                SystemClock_Config
 *fill*         0x0000000008000462        0x2 
 .text.MX_GPIO_Init
                0x0000000008000464       0xc4 ./Core/Src/main.o
 .text.handler_LED_red
                0x0000000008000528       0x68 ./Core/Src/main.o
 .text.handler_LED_blue
                0x0000000008000590       0x6c ./Core/Src/main.o
 .text.handler_LED_green
                0x00000000080005fc       0x6c ./Core/Src/main.o
 .text.handler_button
                0x0000000008000668       0xfc ./Core/Src/main.o
 .text.NotifyAndSuspend
                0x0000000008000764       0x40 ./Core/Src/main.o
                0x0000000008000764                NotifyAndSuspend
 .text.HAL_TIM_PeriodElapsedCallback
                0x00000000080007a4       0x24 ./Core/Src/main.o
                0x00000000080007a4                HAL_TIM_PeriodElapsedCallback
 .text.Error_Handler
                0x00000000080007c8        0xa ./Core/Src/main.o
                0x00000000080007c8                Error_Handler
 *fill*         0x00000000080007d2        0x2 
 .text.HAL_MspInit
                0x00000000080007d4       0x48 ./Core/Src/stm32l4xx_hal_msp.o
                0x00000000080007d4                HAL_MspInit
 .text.HAL_InitTick
                0x000000000800081c       0xb0 ./Core/Src/stm32l4xx_hal_timebase_tim.o
                0x000000000800081c                HAL_InitTick
 .text.NMI_Handler
                0x00000000080008cc        0x6 ./Core/Src/stm32l4xx_it.o
                0x00000000080008cc                NMI_Handler
 .text.HardFault_Handler
                0x00000000080008d2        0x6 ./Core/Src/stm32l4xx_it.o
                0x00000000080008d2                HardFault_Handler
 .text.MemManage_Handler
                0x00000000080008d8        0x6 ./Core/Src/stm32l4xx_it.o
                0x00000000080008d8                MemManage_Handler
 .text.BusFault_Handler
                0x00000000080008de        0x6 ./Core/Src/stm32l4xx_it.o
                0x00000000080008de                BusFault_Handler
 .text.UsageFault_Handler
                0x00000000080008e4        0x6 ./Core/Src/stm32l4xx_it.o
                0x00000000080008e4                UsageFault_Handler
 .text.DebugMon_Handler
                0x00000000080008ea        0xe ./Core/Src/stm32l4xx_it.o
                0x00000000080008ea                DebugMon_Handler
 .text.TIM6_DAC_IRQHandler
                0x00000000080008f8       0x14 ./Core/Src/stm32l4xx_it.o
                0x00000000080008f8                TIM6_DAC_IRQHandler
 .text.SystemInit
                0x000000000800090c       0x24 ./Core/Src/system_stm32l4xx.o
                0x000000000800090c                SystemInit
 .text.Reset_Handler
                0x0000000008000930       0x50 ./Core/Startup/startup_stm32l4r5zitx.o
                0x0000000008000930                Reset_Handler
 .text.Default_Handler
                0x0000000008000980        0x2 ./Core/Startup/startup_stm32l4r5zitx.o
                0x0000000008000980                RTC_Alarm_IRQHandler
                0x0000000008000980                EXTI2_IRQHandler
                0x0000000008000980                TIM8_TRG_COM_IRQHandler
                0x0000000008000980                TIM8_CC_IRQHandler
                0x0000000008000980                TIM1_CC_IRQHandler
                0x0000000008000980                TSC_IRQHandler
                0x0000000008000980                TAMP_STAMP_IRQHandler
                0x0000000008000980                EXTI3_IRQHandler
                0x0000000008000980                LPTIM2_IRQHandler
                0x0000000008000980                DFSDM1_FLT1_IRQHandler
                0x0000000008000980                GFXMMU_IRQHandler
                0x0000000008000980                I2C3_ER_IRQHandler
                0x0000000008000980                DFSDM1_FLT2_IRQHandler
                0x0000000008000980                EXTI0_IRQHandler
                0x0000000008000980                I2C2_EV_IRQHandler
                0x0000000008000980                CAN1_RX0_IRQHandler
                0x0000000008000980                FPU_IRQHandler
                0x0000000008000980                TIM1_UP_TIM16_IRQHandler
                0x0000000008000980                LTDC_ER_IRQHandler
                0x0000000008000980                SPI1_IRQHandler
                0x0000000008000980                OCTOSPI1_IRQHandler
                0x0000000008000980                DCMI_IRQHandler
                0x0000000008000980                TIM8_UP_IRQHandler
                0x0000000008000980                OCTOSPI2_IRQHandler
                0x0000000008000980                DMA2_Channel2_IRQHandler
                0x0000000008000980                DMA1_Channel4_IRQHandler
                0x0000000008000980                SAI2_IRQHandler
                0x0000000008000980                ADC1_IRQHandler
                0x0000000008000980                DFSDM1_FLT3_IRQHandler
                0x0000000008000980                USART3_IRQHandler
                0x0000000008000980                DMA1_Channel7_IRQHandler
                0x0000000008000980                CAN1_RX1_IRQHandler
                0x0000000008000980                UART5_IRQHandler
                0x0000000008000980                TIM4_IRQHandler
                0x0000000008000980                DMA2_Channel1_IRQHandler
                0x0000000008000980                I2C1_EV_IRQHandler
                0x0000000008000980                DMAMUX1_OVR_IRQHandler
                0x0000000008000980                DMA1_Channel6_IRQHandler
                0x0000000008000980                UART4_IRQHandler
                0x0000000008000980                DMA2_Channel4_IRQHandler
                0x0000000008000980                TIM3_IRQHandler
                0x0000000008000980                RCC_IRQHandler
                0x0000000008000980                DMA1_Channel1_IRQHandler
                0x0000000008000980                Default_Handler
                0x0000000008000980                DMA2_Channel7_IRQHandler
                0x0000000008000980                EXTI15_10_IRQHandler
                0x0000000008000980                TIM7_IRQHandler
                0x0000000008000980                SDMMC1_IRQHandler
                0x0000000008000980                TIM5_IRQHandler
                0x0000000008000980                I2C3_EV_IRQHandler
                0x0000000008000980                EXTI9_5_IRQHandler
                0x0000000008000980                RTC_WKUP_IRQHandler
                0x0000000008000980                LTDC_IRQHandler
                0x0000000008000980                PVD_PVM_IRQHandler
                0x0000000008000980                SPI2_IRQHandler
                0x0000000008000980                CAN1_TX_IRQHandler
                0x0000000008000980                DMA2_Channel5_IRQHandler
                0x0000000008000980                CRS_IRQHandler
                0x0000000008000980                DMA1_Channel5_IRQHandler
                0x0000000008000980                EXTI4_IRQHandler
                0x0000000008000980                RNG_IRQHandler
                0x0000000008000980                TIM1_TRG_COM_TIM17_IRQHandler
                0x0000000008000980                DMA1_Channel3_IRQHandler
                0x0000000008000980                COMP_IRQHandler
                0x0000000008000980                WWDG_IRQHandler
                0x0000000008000980                I2C4_EV_IRQHandler
                0x0000000008000980                LPUART1_IRQHandler
                0x0000000008000980                DMA2_Channel6_IRQHandler
                0x0000000008000980                TIM2_IRQHandler
                0x0000000008000980                DMA2D_IRQHandler
                0x0000000008000980                EXTI1_IRQHandler
                0x0000000008000980                DFSDM1_FLT0_IRQHandler
                0x0000000008000980                I2C2_ER_IRQHandler
                0x0000000008000980                DMA1_Channel2_IRQHandler
                0x0000000008000980                TIM8_BRK_IRQHandler
                0x0000000008000980                CAN1_SCE_IRQHandler
                0x0000000008000980                FLASH_IRQHandler
                0x0000000008000980                USART1_IRQHandler
                0x0000000008000980                OTG_FS_IRQHandler
                0x0000000008000980                SPI3_IRQHandler
                0x0000000008000980                I2C1_ER_IRQHandler
                0x0000000008000980                FMC_IRQHandler
                0x0000000008000980                LPTIM1_IRQHandler
                0x0000000008000980                I2C4_ER_IRQHandler
                0x0000000008000980                SAI1_IRQHandler
                0x0000000008000980                DMA2_Channel3_IRQHandler
                0x0000000008000980                TIM1_BRK_TIM15_IRQHandler
 .text.HAL_Init
                0x0000000008000982       0x30 ./Drivers/STM32L4xx_HAL_Driver/Src/stm32l4xx_hal.o
                0x0000000008000982                HAL_Init
 *fill*         0x00000000080009b2        0x2 
 .text.HAL_IncTick
                0x00000000080009b4       0x28 ./Drivers/STM32L4xx_HAL_Driver/Src/stm32l4xx_hal.o
                0x00000000080009b4                HAL_IncTick
 .text.HAL_GetTick
                0x00000000080009dc       0x18 ./Drivers/STM32L4xx_HAL_Driver/Src/stm32l4xx_hal.o
                0x00000000080009dc                HAL_GetTick
 .text.__NVIC_SetPriorityGrouping
                0x00000000080009f4       0x48 ./Drivers/STM32L4xx_HAL_Driver/Src/stm32l4xx_hal_cortex.o
 .text.__NVIC_GetPriorityGrouping
                0x0000000008000a3c       0x1c ./Drivers/STM32L4xx_HAL_Driver/Src/stm32l4xx_hal_cortex.o
 .text.__NVIC_EnableIRQ
                0x0000000008000a58       0x3c ./Drivers/STM32L4xx_HAL_Driver/Src/stm32l4xx_hal_cortex.o
 .text.__NVIC_SetPriority
                0x0000000008000a94       0x54 ./Drivers/STM32L4xx_HAL_Driver/Src/stm32l4xx_hal_cortex.o
 .text.NVIC_EncodePriority
                0x0000000008000ae8       0x66 ./Drivers/STM32L4xx_HAL_Driver/Src/stm32l4xx_hal_cortex.o
 .text.HAL_NVIC_SetPriorityGrouping
                0x0000000008000b4e       0x16 ./Drivers/STM32L4xx_HAL_Driver/Src/stm32l4xx_hal_cortex.o
                0x0000000008000b4e                HAL_NVIC_SetPriorityGrouping
 .text.HAL_NVIC_SetPriority
                0x0000000008000b64       0x38 ./Drivers/STM32L4xx_HAL_Driver/Src/stm32l4xx_hal_cortex.o
                0x0000000008000b64                HAL_NVIC_SetPriority
 .text.HAL_NVIC_EnableIRQ
                0x0000000008000b9c       0x1c ./Drivers/STM32L4xx_HAL_Driver/Src/stm32l4xx_hal_cortex.o
                0x0000000008000b9c                HAL_NVIC_EnableIRQ
 .text.HAL_GPIO_Init
                0x0000000008000bb8      0x324 ./Drivers/STM32L4xx_HAL_Driver/Src/stm32l4xx_hal_gpio.o
                0x0000000008000bb8                HAL_GPIO_Init
 .text.HAL_GPIO_ReadPin
                0x0000000008000edc       0x30 ./Drivers/STM32L4xx_HAL_Driver/Src/stm32l4xx_hal_gpio.o
                0x0000000008000edc                HAL_GPIO_ReadPin
 .text.HAL_GPIO_WritePin
                0x0000000008000f0c       0x30 ./Drivers/STM32L4xx_HAL_Driver/Src/stm32l4xx_hal_gpio.o
                0x0000000008000f0c                HAL_GPIO_WritePin
 .text.HAL_GPIO_TogglePin
                0x0000000008000f3c       0x34 ./Drivers/STM32L4xx_HAL_Driver/Src/stm32l4xx_hal_gpio.o
                0x0000000008000f3c                HAL_GPIO_TogglePin
 .text.HAL_PWREx_GetVoltageRange
                0x0000000008000f70       0x40 ./Drivers/STM32L4xx_HAL_Driver/Src/stm32l4xx_hal_pwr_ex.o
                0x0000000008000f70                HAL_PWREx_GetVoltageRange
 .text.HAL_PWREx_ControlVoltageScaling
                0x0000000008000fb0      0x148 ./Drivers/STM32L4xx_HAL_Driver/Src/stm32l4xx_hal_pwr_ex.o
                0x0000000008000fb0                HAL_PWREx_ControlVoltageScaling
 .text.HAL_RCC_OscConfig
                0x00000000080010f8      0x84c ./Drivers/STM32L4xx_HAL_Driver/Src/stm32l4xx_hal_rcc.o
                0x00000000080010f8                HAL_RCC_OscConfig
 .text.HAL_RCC_ClockConfig
                0x0000000008001944      0x258 ./Drivers/STM32L4xx_HAL_Driver/Src/stm32l4xx_hal_rcc.o
                0x0000000008001944                HAL_RCC_ClockConfig
 .text.HAL_RCC_GetSysClockFreq
                0x0000000008001b9c      0x118 ./Drivers/STM32L4xx_HAL_Driver/Src/stm32l4xx_hal_rcc.o
                0x0000000008001b9c                HAL_RCC_GetSysClockFreq
 .text.HAL_RCC_GetHCLKFreq
                0x0000000008001cb4       0x18 ./Drivers/STM32L4xx_HAL_Driver/Src/stm32l4xx_hal_rcc.o
                0x0000000008001cb4                HAL_RCC_GetHCLKFreq
 .text.HAL_RCC_GetPCLK1Freq
                0x0000000008001ccc       0x2c ./Drivers/STM32L4xx_HAL_Driver/Src/stm32l4xx_hal_rcc.o
                0x0000000008001ccc                HAL_RCC_GetPCLK1Freq
 .text.HAL_RCC_GetClockConfig
                0x0000000008001cf8       0x64 ./Drivers/STM32L4xx_HAL_Driver/Src/stm32l4xx_hal_rcc.o
                0x0000000008001cf8                HAL_RCC_GetClockConfig
 .text.RCC_SetFlashLatencyFromMSIRange
                0x0000000008001d5c       0xb4 ./Drivers/STM32L4xx_HAL_Driver/Src/stm32l4xx_hal_rcc.o
 .text.RCC_GetSysClockFreqFromPLLSource
                0x0000000008001e10       0xd0 ./Drivers/STM32L4xx_HAL_Driver/Src/stm32l4xx_hal_rcc.o
 .text.HAL_TIM_Base_Init
                0x0000000008001ee0       0xae ./Drivers/STM32L4xx_HAL_Driver/Src/stm32l4xx_hal_tim.o
                0x0000000008001ee0                HAL_TIM_Base_Init
 .text.HAL_TIM_Base_MspInit
                0x0000000008001f8e       0x14 ./Drivers/STM32L4xx_HAL_Driver/Src/stm32l4xx_hal_tim.o
                0x0000000008001f8e                HAL_TIM_Base_MspInit
 *fill*         0x0000000008001fa2        0x2 
 .text.HAL_TIM_Base_Start_IT
                0x0000000008001fa4       0xe0 ./Drivers/STM32L4xx_HAL_Driver/Src/stm32l4xx_hal_tim.o
                0x0000000008001fa4                HAL_TIM_Base_Start_IT
 .text.HAL_TIM_IRQHandler
                0x0000000008002084      0x23e ./Drivers/STM32L4xx_HAL_Driver/Src/stm32l4xx_hal_tim.o
                0x0000000008002084                HAL_TIM_IRQHandler
 .text.HAL_TIM_OC_DelayElapsedCallback
                0x00000000080022c2       0x14 ./Drivers/STM32L4xx_HAL_Driver/Src/stm32l4xx_hal_tim.o
                0x00000000080022c2                HAL_TIM_OC_DelayElapsedCallback
 .text.HAL_TIM_IC_CaptureCallback
                0x00000000080022d6       0x14 ./Drivers/STM32L4xx_HAL_Driver/Src/stm32l4xx_hal_tim.o
                0x00000000080022d6                HAL_TIM_IC_CaptureCallback
 .text.HAL_TIM_PWM_PulseFinishedCallback
                0x00000000080022ea       0x14 ./Drivers/STM32L4xx_HAL_Driver/Src/stm32l4xx_hal_tim.o
                0x00000000080022ea                HAL_TIM_PWM_PulseFinishedCallback
 .text.HAL_TIM_TriggerCallback
                0x00000000080022fe       0x14 ./Drivers/STM32L4xx_HAL_Driver/Src/stm32l4xx_hal_tim.o
                0x00000000080022fe                HAL_TIM_TriggerCallback
 *fill*         0x0000000008002312        0x2 
 .text.TIM_Base_SetConfig
                0x0000000008002314      0x134 ./Drivers/STM32L4xx_HAL_Driver/Src/stm32l4xx_hal_tim.o
                0x0000000008002314                TIM_Base_SetConfig
 .text.HAL_TIMEx_CommutCallback
                0x0000000008002448       0x14 ./Drivers/STM32L4xx_HAL_Driver/Src/stm32l4xx_hal_tim_ex.o
                0x0000000008002448                HAL_TIMEx_CommutCallback
 .text.HAL_TIMEx_BreakCallback
                0x000000000800245c       0x14 ./Drivers/STM32L4xx_HAL_Driver/Src/stm32l4xx_hal_tim_ex.o
                0x000000000800245c                HAL_TIMEx_BreakCallback
 .text.HAL_TIMEx_Break2Callback
                0x0000000008002470       0x14 ./Drivers/STM32L4xx_HAL_Driver/Src/stm32l4xx_hal_tim_ex.o
                0x0000000008002470                HAL_TIMEx_Break2Callback
 .text.vListInitialise
                0x0000000008002484       0x40 ./ThirdParty/FreeRTOS/list.o
                0x0000000008002484                vListInitialise
 .text.vListInitialiseItem
                0x00000000080024c4       0x1a ./ThirdParty/FreeRTOS/list.o
                0x00000000080024c4                vListInitialiseItem
 .text.vListInsertEnd
                0x00000000080024de       0x48 ./ThirdParty/FreeRTOS/list.o
                0x00000000080024de                vListInsertEnd
 .text.vListInsert
                0x0000000008002526       0x72 ./ThirdParty/FreeRTOS/list.o
                0x0000000008002526                vListInsert
 .text.uxListRemove
                0x0000000008002598       0x54 ./ThirdParty/FreeRTOS/list.o
                0x0000000008002598                uxListRemove
 .text.xQueueGenericReset
                0x00000000080025ec       0xd0 ./ThirdParty/FreeRTOS/queue.o
                0x00000000080025ec                xQueueGenericReset
 .text.xQueueGenericCreate
                0x00000000080026bc       0xbe ./ThirdParty/FreeRTOS/queue.o
                0x00000000080026bc                xQueueGenericCreate
 .text.prvInitialiseNewQueue
                0x000000000800277a       0x52 ./ThirdParty/FreeRTOS/queue.o
 .text.xQueueGenericSend
                0x00000000080027cc      0x24c ./ThirdParty/FreeRTOS/queue.o
                0x00000000080027cc                xQueueGenericSend
 .text.xQueueGenericSendFromISR
                0x0000000008002a18      0x17c ./ThirdParty/FreeRTOS/queue.o
                0x0000000008002a18                xQueueGenericSendFromISR
 .text.xQueueReceive
                0x0000000008002b94      0x220 ./ThirdParty/FreeRTOS/queue.o
                0x0000000008002b94                xQueueReceive
 .text.prvCopyDataToQueue
                0x0000000008002db4       0xd4 ./ThirdParty/FreeRTOS/queue.o
 .text.prvCopyDataFromQueue
                0x0000000008002e88       0x4c ./ThirdParty/FreeRTOS/queue.o
 .text.prvUnlockQueue
                0x0000000008002ed4       0xa4 ./ThirdParty/FreeRTOS/queue.o
 .text.prvIsQueueEmpty
                0x0000000008002f78       0x2c ./ThirdParty/FreeRTOS/queue.o
 .text.prvIsQueueFull
                0x0000000008002fa4       0x30 ./ThirdParty/FreeRTOS/queue.o
 .text.vQueueAddToRegistry
                0x0000000008002fd4       0x64 ./ThirdParty/FreeRTOS/queue.o
                0x0000000008002fd4                vQueueAddToRegistry
 .text.vQueueWaitForMessageRestricted
                0x0000000008003038       0x68 ./ThirdParty/FreeRTOS/queue.o
                0x0000000008003038                vQueueWaitForMessageRestricted
 .text.xTaskCreate
                0x00000000080030a0       0x82 ./ThirdParty/FreeRTOS/tasks.o
                0x00000000080030a0                xTaskCreate
 .text.prvInitialiseNewTask
                0x0000000008003122      0x12c ./ThirdParty/FreeRTOS/tasks.o
 *fill*         0x000000000800324e        0x2 
 .text.prvAddNewTaskToReadyList
                0x0000000008003250      0x118 ./ThirdParty/FreeRTOS/tasks.o
 .text.xTaskDelayUntil
                0x0000000008003368      0x104 ./ThirdParty/FreeRTOS/tasks.o
                0x0000000008003368                xTaskDelayUntil
 .text.vTaskDelay
                0x000000000800346c       0x70 ./ThirdParty/FreeRTOS/tasks.o
                0x000000000800346c                vTaskDelay
 .text.vTaskSuspend
                0x00000000080034dc      0x15c ./ThirdParty/FreeRTOS/tasks.o
                0x00000000080034dc                vTaskSuspend
 .text.prvTaskIsTaskSuspended
                0x0000000008003638       0x64 ./ThirdParty/FreeRTOS/tasks.o
 .text.vTaskResume
                0x000000000800369c       0xd4 ./ThirdParty/FreeRTOS/tasks.o
                0x000000000800369c                vTaskResume
 .text.vTaskStartScheduler
                0x0000000008003770       0xc4 ./ThirdParty/FreeRTOS/tasks.o
                0x0000000008003770                vTaskStartScheduler
 .text.vTaskSuspendAll
                0x0000000008003834       0x1c ./ThirdParty/FreeRTOS/tasks.o
                0x0000000008003834                vTaskSuspendAll
 .text.xTaskResumeAll
                0x0000000008003850      0x140 ./ThirdParty/FreeRTOS/tasks.o
                0x0000000008003850                xTaskResumeAll
 .text.xTaskGetTickCount
                0x0000000008003990       0x20 ./ThirdParty/FreeRTOS/tasks.o
                0x0000000008003990                xTaskGetTickCount
 .text.xTaskGetTickCountFromISR
                0x00000000080039b0       0x24 ./ThirdParty/FreeRTOS/tasks.o
                0x00000000080039b0                xTaskGetTickCountFromISR
 .text.xTaskIncrementTick
                0x00000000080039d4      0x178 ./ThirdParty/FreeRTOS/tasks.o
                0x00000000080039d4                xTaskIncrementTick
 .text.vTaskSwitchContext
                0x0000000008003b4c       0xd4 ./ThirdParty/FreeRTOS/tasks.o
                0x0000000008003b4c                vTaskSwitchContext
 .text.vTaskPlaceOnEventList
                0x0000000008003c20       0x48 ./ThirdParty/FreeRTOS/tasks.o
                0x0000000008003c20                vTaskPlaceOnEventList
 .text.vTaskPlaceOnEventListRestricted
                0x0000000008003c68       0x5c ./ThirdParty/FreeRTOS/tasks.o
                0x0000000008003c68                vTaskPlaceOnEventListRestricted
 .text.xTaskRemoveFromEventList
                0x0000000008003cc4       0xcc ./ThirdParty/FreeRTOS/tasks.o
                0x0000000008003cc4                xTaskRemoveFromEventList
 .text.vTaskInternalSetTimeOutState
                0x0000000008003d90       0x2c ./ThirdParty/FreeRTOS/tasks.o
                0x0000000008003d90                vTaskInternalSetTimeOutState
 .text.xTaskCheckForTimeOut
                0x0000000008003dbc       0xcc ./ThirdParty/FreeRTOS/tasks.o
                0x0000000008003dbc                xTaskCheckForTimeOut
 .text.vTaskMissedYield
                0x0000000008003e88       0x18 ./ThirdParty/FreeRTOS/tasks.o
                0x0000000008003e88                vTaskMissedYield
 .text.prvIdleTask
                0x0000000008003ea0       0x30 ./ThirdParty/FreeRTOS/tasks.o
 .text.prvInitialiseTaskLists
                0x0000000008003ed0       0x80 ./ThirdParty/FreeRTOS/tasks.o
 .text.prvCheckTasksWaitingTermination
                0x0000000008003f50       0x5c ./ThirdParty/FreeRTOS/tasks.o
 .text.prvDeleteTCB
                0x0000000008003fac       0x20 ./ThirdParty/FreeRTOS/tasks.o
 .text.prvResetNextTaskUnblockTime
                0x0000000008003fcc       0x38 ./ThirdParty/FreeRTOS/tasks.o
 .text.xTaskGetSchedulerState
                0x0000000008004004       0x3c ./ThirdParty/FreeRTOS/tasks.o
                0x0000000008004004                xTaskGetSchedulerState
 .text.xTaskPriorityDisinherit
                0x0000000008004040      0x100 ./ThirdParty/FreeRTOS/tasks.o
                0x0000000008004040                xTaskPriorityDisinherit
 .text.xTaskGenericNotifyWait
                0x0000000008004140      0x110 ./ThirdParty/FreeRTOS/tasks.o
                0x0000000008004140                xTaskGenericNotifyWait
 .text.xTaskGenericNotify
                0x0000000008004250      0x1e4 ./ThirdParty/FreeRTOS/tasks.o
                0x0000000008004250                xTaskGenericNotify
 .text.prvAddCurrentTaskToDelayedList
                0x0000000008004434       0xf0 ./ThirdParty/FreeRTOS/tasks.o
 .text.xTimerCreateTimerTask
                0x0000000008004524       0x64 ./ThirdParty/FreeRTOS/timers.o
                0x0000000008004524                xTimerCreateTimerTask
 .text.xTimerGenericCommand
                0x0000000008004588       0x9c ./ThirdParty/FreeRTOS/timers.o
                0x0000000008004588                xTimerGenericCommand
 .text.prvProcessExpiredTimer
                0x0000000008004624       0x98 ./ThirdParty/FreeRTOS/timers.o
 .text.prvTimerTask
                0x00000000080046bc       0x24 ./ThirdParty/FreeRTOS/timers.o
 .text.prvProcessTimerOrBlockTask
                0x00000000080046e0       0x9c ./ThirdParty/FreeRTOS/timers.o
 .text.prvGetNextExpireTime
                0x000000000800477c       0x48 ./ThirdParty/FreeRTOS/timers.o
 .text.prvSampleTimeNow
                0x00000000080047c4       0x40 ./ThirdParty/FreeRTOS/timers.o
 .text.prvInsertTimerInActiveList
                0x0000000008004804       0x84 ./ThirdParty/FreeRTOS/timers.o
 .text.prvProcessReceivedCommands
                0x0000000008004888      0x18c ./ThirdParty/FreeRTOS/timers.o
 .text.prvSwitchTimerLists
                0x0000000008004a14       0xc8 ./ThirdParty/FreeRTOS/timers.o
 .text.prvCheckForValidListAndQueue
                0x0000000008004adc       0x6c ./ThirdParty/FreeRTOS/timers.o
 .text.pxPortInitialiseStack
                0x0000000008004b48       0x68 ./ThirdParty/FreeRTOS/portable/GCC/ARM_CM4F/port.o
                0x0000000008004b48                pxPortInitialiseStack
 .text.prvTaskExitError
                0x0000000008004bb0       0x58 ./ThirdParty/FreeRTOS/portable/GCC/ARM_CM4F/port.o
 *fill*         0x0000000008004c08        0x8 
 .text.SVC_Handler
                0x0000000008004c10       0x28 ./ThirdParty/FreeRTOS/portable/GCC/ARM_CM4F/port.o
                0x0000000008004c10                SVC_Handler
 .text.prvPortStartFirstTask
                0x0000000008004c38       0x2c ./ThirdParty/FreeRTOS/portable/GCC/ARM_CM4F/port.o
 .text.xPortStartScheduler
                0x0000000008004c64      0x144 ./ThirdParty/FreeRTOS/portable/GCC/ARM_CM4F/port.o
                0x0000000008004c64                xPortStartScheduler
 .text.vInitPrioGroupValue
                0x0000000008004da8       0xfc ./ThirdParty/FreeRTOS/portable/GCC/ARM_CM4F/port.o
                0x0000000008004da8                vInitPrioGroupValue
 .text.vPortEnterCritical
                0x0000000008004ea4       0x60 ./ThirdParty/FreeRTOS/portable/GCC/ARM_CM4F/port.o
                0x0000000008004ea4                vPortEnterCritical
 .text.vPortExitCritical
                0x0000000008004f04       0x54 ./ThirdParty/FreeRTOS/portable/GCC/ARM_CM4F/port.o
                0x0000000008004f04                vPortExitCritical
 *fill*         0x0000000008004f58        0x8 
 .text.PendSV_Handler
                0x0000000008004f60       0x68 ./ThirdParty/FreeRTOS/portable/GCC/ARM_CM4F/port.o
                0x0000000008004f60                PendSV_Handler
 .text.SysTick_Handler
                0x0000000008004fc8       0x54 ./ThirdParty/FreeRTOS/portable/GCC/ARM_CM4F/port.o
                0x0000000008004fc8                SysTick_Handler
 .text.vPortSetupTimerInterrupt
                0x000000000800501c       0x38 ./ThirdParty/FreeRTOS/portable/GCC/ARM_CM4F/port.o
                0x000000000800501c                vPortSetupTimerInterrupt
 .text.vPortEnableVFP
                0x0000000008005054       0x18 ./ThirdParty/FreeRTOS/portable/GCC/ARM_CM4F/port.o
 .text.vPortValidateInterruptPriority
                0x000000000800506c       0x80 ./ThirdParty/FreeRTOS/portable/GCC/ARM_CM4F/port.o
                0x000000000800506c                vPortValidateInterruptPriority
 .text.pvPortMalloc
                0x00000000080050ec      0x1c0 ./ThirdParty/FreeRTOS/portable/MemMang/heap_4.o
                0x00000000080050ec                pvPortMalloc
 .text.vPortFree
                0x00000000080052ac       0xc4 ./ThirdParty/FreeRTOS/portable/MemMang/heap_4.o
                0x00000000080052ac                vPortFree
 .text.prvHeapInit
                0x0000000008005370       0xc4 ./ThirdParty/FreeRTOS/portable/MemMang/heap_4.o
 .text.prvInsertBlockIntoFreeList
                0x0000000008005434       0xb4 ./ThirdParty/FreeRTOS/portable/MemMang/heap_4.o
 .text._cbSendSystemDesc
                0x00000000080054e8       0x1c ./ThirdParty/SEGGER/Config/SEGGER_SYSVIEW_Config_FreeRTOS.o
 .text.SEGGER_SYSVIEW_Conf
                0x0000000008005504       0x28 ./ThirdParty/SEGGER/Config/SEGGER_SYSVIEW_Config_FreeRTOS.o
                0x0000000008005504                SEGGER_SYSVIEW_Conf
 .text._cbSendTaskList
                0x000000000800552c       0x90 ./ThirdParty/SEGGER/OS/SEGGER_SYSVIEW_FreeRTOS.o
 .text._cbGetTime
                0x00000000080055bc       0x90 ./ThirdParty/SEGGER/OS/SEGGER_SYSVIEW_FreeRTOS.o
 .text.SYSVIEW_AddTask
                0x000000000800564c       0xd0 ./ThirdParty/SEGGER/OS/SEGGER_SYSVIEW_FreeRTOS.o
                0x000000000800564c                SYSVIEW_AddTask
 .text.SYSVIEW_SendTaskInfo
                0x000000000800571c       0x42 ./ThirdParty/SEGGER/OS/SEGGER_SYSVIEW_FreeRTOS.o
                0x000000000800571c                SYSVIEW_SendTaskInfo
 *fill*         0x000000000800575e        0x2 
 .text.USART2_IRQHandler
                0x0000000008005760       0x94 ./ThirdParty/SEGGER/Rec/segger_uart.o
                0x0000000008005760                USART2_IRQHandler
 .text._DoInit  0x00000000080057f4       0xb0 ./ThirdParty/SEGGER/SEGGER/SEGGER_RTT.o
 .text.SEGGER_RTT_ReadNoLock
                0x00000000080058a4      0x10c ./ThirdParty/SEGGER/SEGGER/SEGGER_RTT.o
                0x00000000080058a4                SEGGER_RTT_ReadNoLock
 .text.SEGGER_RTT_AllocUpBuffer
                0x00000000080059b0      0x108 ./ThirdParty/SEGGER/SEGGER/SEGGER_RTT.o
                0x00000000080059b0                SEGGER_RTT_AllocUpBuffer
 .text.SEGGER_RTT_ConfigDownBuffer
                0x0000000008005ab8       0x98 ./ThirdParty/SEGGER/SEGGER/SEGGER_RTT.o
                0x0000000008005ab8                SEGGER_RTT_ConfigDownBuffer
 .text._EncodeStr
                0x0000000008005b50       0xa0 ./ThirdParty/SEGGER/SEGGER/SEGGER_SYSVIEW.o
 .text._PreparePacket
                0x0000000008005bf0       0x18 ./ThirdParty/SEGGER/SEGGER/SEGGER_SYSVIEW.o
 .text._HandleIncomingPacket
                0x0000000008005c08       0xe4 ./ThirdParty/SEGGER/SEGGER/SEGGER_SYSVIEW.o
 .text._TrySendOverflowPacket
                0x0000000008005cec       0xe4 ./ThirdParty/SEGGER/SEGGER/SEGGER_SYSVIEW.o
 .text._SendPacket
                0x0000000008005dd0      0x1cc ./ThirdParty/SEGGER/SEGGER/SEGGER_SYSVIEW.o
 .text._StoreChar
                0x0000000008005f9c       0xf6 ./ThirdParty/SEGGER/SEGGER/SEGGER_SYSVIEW.o
 *fill*         0x0000000008006092        0x2 
 .text._PrintUnsigned
                0x0000000008006094      0x12c ./ThirdParty/SEGGER/SEGGER/SEGGER_SYSVIEW.o
 .text._PrintInt
                0x00000000080061c0      0x11e ./ThirdParty/SEGGER/SEGGER/SEGGER_SYSVIEW.o
 *fill*         0x00000000080062de        0x2 
 .text._VPrintTarget
                0x00000000080062e0      0x3f0 ./ThirdParty/SEGGER/SEGGER/SEGGER_SYSVIEW.o
 .text.SEGGER_SYSVIEW_Init
                0x00000000080066d0       0x88 ./ThirdParty/SEGGER/SEGGER/SEGGER_SYSVIEW.o
                0x00000000080066d0                SEGGER_SYSVIEW_Init
 .text.SEGGER_SYSVIEW_SetRAMBase
                0x0000000008006758       0x20 ./ThirdParty/SEGGER/SEGGER/SEGGER_SYSVIEW.o
                0x0000000008006758                SEGGER_SYSVIEW_SetRAMBase
 .text.SEGGER_SYSVIEW_RecordVoid
                0x0000000008006778       0x3c ./ThirdParty/SEGGER/SEGGER/SEGGER_SYSVIEW.o
                0x0000000008006778                SEGGER_SYSVIEW_RecordVoid
 .text.SEGGER_SYSVIEW_RecordU32
                0x00000000080067b4       0x78 ./ThirdParty/SEGGER/SEGGER/SEGGER_SYSVIEW.o
                0x00000000080067b4                SEGGER_SYSVIEW_RecordU32
 .text.SEGGER_SYSVIEW_RecordU32x2
                0x000000000800682c       0xb4 ./ThirdParty/SEGGER/SEGGER/SEGGER_SYSVIEW.o
                0x000000000800682c                SEGGER_SYSVIEW_RecordU32x2
 .text.SEGGER_SYSVIEW_RecordU32x3
                0x00000000080068e0       0xec ./ThirdParty/SEGGER/SEGGER/SEGGER_SYSVIEW.o
                0x00000000080068e0                SEGGER_SYSVIEW_RecordU32x3
 .text.SEGGER_SYSVIEW_RecordU32x4
                0x00000000080069cc      0x124 ./ThirdParty/SEGGER/SEGGER/SEGGER_SYSVIEW.o
                0x00000000080069cc                SEGGER_SYSVIEW_RecordU32x4
 .text.SEGGER_SYSVIEW_Start
                0x0000000008006af0      0x174 ./ThirdParty/SEGGER/SEGGER/SEGGER_SYSVIEW.o
                0x0000000008006af0                SEGGER_SYSVIEW_Start
 .text.SEGGER_SYSVIEW_Stop
                0x0000000008006c64       0x4c ./ThirdParty/SEGGER/SEGGER/SEGGER_SYSVIEW.o
                0x0000000008006c64                SEGGER_SYSVIEW_Stop
 .text.SEGGER_SYSVIEW_GetSysDesc
                0x0000000008006cb0      0x134 ./ThirdParty/SEGGER/SEGGER/SEGGER_SYSVIEW.o
                0x0000000008006cb0                SEGGER_SYSVIEW_GetSysDesc
 .text.SEGGER_SYSVIEW_SendTaskInfo
                0x0000000008006de4      0x1c8 ./ThirdParty/SEGGER/SEGGER/SEGGER_SYSVIEW.o
                0x0000000008006de4                SEGGER_SYSVIEW_SendTaskInfo
 .text.SEGGER_SYSVIEW_SendTaskList
                0x0000000008006fac       0x28 ./ThirdParty/SEGGER/SEGGER/SEGGER_SYSVIEW.o
                0x0000000008006fac                SEGGER_SYSVIEW_SendTaskList
 .text.SEGGER_SYSVIEW_SendSysDesc
                0x0000000008006fd4       0x48 ./ThirdParty/SEGGER/SEGGER/SEGGER_SYSVIEW.o
                0x0000000008006fd4                SEGGER_SYSVIEW_SendSysDesc
 .text.SEGGER_SYSVIEW_RecordSystime
                0x000000000800701c       0x64 ./ThirdParty/SEGGER/SEGGER/SEGGER_SYSVIEW.o
                0x000000000800701c                SEGGER_SYSVIEW_RecordSystime
 .text.SEGGER_SYSVIEW_RecordEnterISR
                0x0000000008007080       0x84 ./ThirdParty/SEGGER/SEGGER/SEGGER_SYSVIEW.o
                0x0000000008007080                SEGGER_SYSVIEW_RecordEnterISR
 .text.SEGGER_SYSVIEW_RecordExitISR
                0x0000000008007104       0x38 ./ThirdParty/SEGGER/SEGGER/SEGGER_SYSVIEW.o
                0x0000000008007104                SEGGER_SYSVIEW_RecordExitISR
 .text.SEGGER_SYSVIEW_RecordExitISRToScheduler
                0x000000000800713c       0x38 ./ThirdParty/SEGGER/SEGGER/SEGGER_SYSVIEW.o
                0x000000000800713c                SEGGER_SYSVIEW_RecordExitISRToScheduler
 .text.SEGGER_SYSVIEW_OnIdle
                0x0000000008007174       0x38 ./ThirdParty/SEGGER/SEGGER/SEGGER_SYSVIEW.o
                0x0000000008007174                SEGGER_SYSVIEW_OnIdle
 .text.SEGGER_SYSVIEW_OnTaskCreate
                0x00000000080071ac       0x84 ./ThirdParty/SEGGER/SEGGER/SEGGER_SYSVIEW.o
                0x00000000080071ac                SEGGER_SYSVIEW_OnTaskCreate
 .text.SEGGER_SYSVIEW_OnTaskStartExec
                0x0000000008007230       0x84 ./ThirdParty/SEGGER/SEGGER/SEGGER_SYSVIEW.o
                0x0000000008007230                SEGGER_SYSVIEW_OnTaskStartExec
 .text.SEGGER_SYSVIEW_OnTaskStartReady
                0x00000000080072b4       0x84 ./ThirdParty/SEGGER/SEGGER/SEGGER_SYSVIEW.o
                0x00000000080072b4                SEGGER_SYSVIEW_OnTaskStartReady
 .text.SEGGER_SYSVIEW_OnTaskStopReady
                0x0000000008007338       0xc0 ./ThirdParty/SEGGER/SEGGER/SEGGER_SYSVIEW.o
                0x0000000008007338                SEGGER_SYSVIEW_OnTaskStopReady
 .text.SEGGER_SYSVIEW_ShrinkId
                0x00000000080073f8       0x20 ./ThirdParty/SEGGER/SEGGER/SEGGER_SYSVIEW.o
                0x00000000080073f8                SEGGER_SYSVIEW_ShrinkId
 .text.SEGGER_SYSVIEW_SendModule
                0x0000000008007418      0x100 ./ThirdParty/SEGGER/SEGGER/SEGGER_SYSVIEW.o
                0x0000000008007418                SEGGER_SYSVIEW_SendModule
 .text.SEGGER_SYSVIEW_SendModuleDescription
                0x0000000008007518       0x3c ./ThirdParty/SEGGER/SEGGER/SEGGER_SYSVIEW.o
                0x0000000008007518                SEGGER_SYSVIEW_SendModuleDescription
 .text.SEGGER_SYSVIEW_SendNumModules
                0x0000000008007554       0x7c ./ThirdParty/SEGGER/SEGGER/SEGGER_SYSVIEW.o
                0x0000000008007554                SEGGER_SYSVIEW_SendNumModules
 .text.SEGGER_SYSVIEW_PrintfTarget
                0x00000000080075d0       0x28 ./ThirdParty/SEGGER/SEGGER/SEGGER_SYSVIEW.o
                0x00000000080075d0                SEGGER_SYSVIEW_PrintfTarget
 .text.SEGGER_SYSVIEW_Warn
                0x00000000080075f8       0xb8 ./ThirdParty/SEGGER/SEGGER/SEGGER_SYSVIEW.o
                0x00000000080075f8                SEGGER_SYSVIEW_Warn
 .text.__libc_init_array
                0x00000000080076b0       0x48 c:/st/stm32cubeide_1.8.0/stm32cubeide/plugins/com.st.stm32cube.ide.mcu.externaltools.gnu-tools-for-stm32.9-2020-q2-update.win32_2.0.0.202105311346/tools/bin/../lib/gcc/arm-none-eabi/9.3.1/../../../../arm-none-eabi/lib/thumb/v7e-m+fp/hard\libc_nano.a(lib_a-init.o)
                0x00000000080076b0                __libc_init_array
 .text.memcmp   0x00000000080076f8       0x1c c:/st/stm32cubeide_1.8.0/stm32cubeide/plugins/com.st.stm32cube.ide.mcu.externaltools.gnu-tools-for-stm32.9-2020-q2-update.win32_2.0.0.202105311346/tools/bin/../lib/gcc/arm-none-eabi/9.3.1/../../../../arm-none-eabi/lib/thumb/v7e-m+fp/hard\libc_nano.a(lib_a-memcmp.o)
                0x00000000080076f8                memcmp
 .text.memcpy   0x0000000008007714       0x1c c:/st/stm32cubeide_1.8.0/stm32cubeide/plugins/com.st.stm32cube.ide.mcu.externaltools.gnu-tools-for-stm32.9-2020-q2-update.win32_2.0.0.202105311346/tools/bin/../lib/gcc/arm-none-eabi/9.3.1/../../../../arm-none-eabi/lib/thumb/v7e-m+fp/hard\libc_nano.a(lib_a-memcpy-stub.o)
                0x0000000008007714                memcpy
 .text.memset   0x0000000008007730       0x10 c:/st/stm32cubeide_1.8.0/stm32cubeide/plugins/com.st.stm32cube.ide.mcu.externaltools.gnu-tools-for-stm32.9-2020-q2-update.win32_2.0.0.202105311346/tools/bin/../lib/gcc/arm-none-eabi/9.3.1/../../../../arm-none-eabi/lib/thumb/v7e-m+fp/hard\libc_nano.a(lib_a-memset.o)
                0x0000000008007730                memset
 *(.glue_7)
 .glue_7        0x0000000008007740        0x0 linker stubs
 *(.glue_7t)
 .glue_7t       0x0000000008007740        0x0 linker stubs
 *(.eh_frame)
 .eh_frame      0x0000000008007740        0x0 c:/st/stm32cubeide_1.8.0/stm32cubeide/plugins/com.st.stm32cube.ide.mcu.externaltools.gnu-tools-for-stm32.9-2020-q2-update.win32_2.0.0.202105311346/tools/bin/../lib/gcc/arm-none-eabi/9.3.1/thumb/v7e-m+fp/hard/crtbegin.o
 *(.init)
 .init          0x0000000008007740        0x4 c:/st/stm32cubeide_1.8.0/stm32cubeide/plugins/com.st.stm32cube.ide.mcu.externaltools.gnu-tools-for-stm32.9-2020-q2-update.win32_2.0.0.202105311346/tools/bin/../lib/gcc/arm-none-eabi/9.3.1/thumb/v7e-m+fp/hard/crti.o
                0x0000000008007740                _init
 .init          0x0000000008007744        0x8 c:/st/stm32cubeide_1.8.0/stm32cubeide/plugins/com.st.stm32cube.ide.mcu.externaltools.gnu-tools-for-stm32.9-2020-q2-update.win32_2.0.0.202105311346/tools/bin/../lib/gcc/arm-none-eabi/9.3.1/thumb/v7e-m+fp/hard/crtn.o
 *(.fini)
 .fini          0x000000000800774c        0x4 c:/st/stm32cubeide_1.8.0/stm32cubeide/plugins/com.st.stm32cube.ide.mcu.externaltools.gnu-tools-for-stm32.9-2020-q2-update.win32_2.0.0.202105311346/tools/bin/../lib/gcc/arm-none-eabi/9.3.1/thumb/v7e-m+fp/hard/crti.o
                0x000000000800774c                _fini
 .fini          0x0000000008007750        0x8 c:/st/stm32cubeide_1.8.0/stm32cubeide/plugins/com.st.stm32cube.ide.mcu.externaltools.gnu-tools-for-stm32.9-2020-q2-update.win32_2.0.0.202105311346/tools/bin/../lib/gcc/arm-none-eabi/9.3.1/thumb/v7e-m+fp/hard/crtn.o
                0x0000000008007758                . = ALIGN (0x4)
                0x0000000008007758                _etext = .

.vfp11_veneer   0x0000000008007758        0x0
 .vfp11_veneer  0x0000000008007758        0x0 linker stubs

.v4_bx          0x0000000008007758        0x0
 .v4_bx         0x0000000008007758        0x0 linker stubs

.iplt           0x0000000008007758        0x0
 .iplt          0x0000000008007758        0x0 c:/st/stm32cubeide_1.8.0/stm32cubeide/plugins/com.st.stm32cube.ide.mcu.externaltools.gnu-tools-for-stm32.9-2020-q2-update.win32_2.0.0.202105311346/tools/bin/../lib/gcc/arm-none-eabi/9.3.1/thumb/v7e-m+fp/hard/crtbegin.o

.rodata         0x0000000008007758      0x18c
                0x0000000008007758                . = ALIGN (0x4)
 *(.rodata)
 .rodata        0x0000000008007758       0x3f ./Core/Src/main.o
 *fill*         0x0000000008007797        0x1 
 .rodata        0x0000000008007798        0x5 ./ThirdParty/FreeRTOS/tasks.o
 *fill*         0x000000000800779d        0x3 
 .rodata        0x00000000080077a0        0xd ./ThirdParty/FreeRTOS/timers.o
 *fill*         0x00000000080077ad        0x3 
 .rodata        0x00000000080077b0       0x4d ./ThirdParty/SEGGER/Config/SEGGER_SYSVIEW_Config_FreeRTOS.o
 *fill*         0x00000000080077fd        0x3 
 .rodata        0x0000000008007800       0x58 ./ThirdParty/SEGGER/OS/SEGGER_SYSVIEW_FreeRTOS.o
 .rodata        0x0000000008007858       0x17 ./ThirdParty/SEGGER/SEGGER/SEGGER_RTT.o
 *fill*         0x000000000800786f        0x1 
 .rodata        0x0000000008007870        0x8 ./ThirdParty/SEGGER/SEGGER/SEGGER_SYSVIEW.o
 *(.rodata*)
 .rodata.AHBPrescTable
                0x0000000008007878       0x10 ./Core/Src/system_stm32l4xx.o
                0x0000000008007878                AHBPrescTable
 .rodata.APBPrescTable
                0x0000000008007888        0x8 ./Core/Src/system_stm32l4xx.o
                0x0000000008007888                APBPrescTable
 .rodata.MSIRangeTable
                0x0000000008007890       0x30 ./Core/Src/system_stm32l4xx.o
                0x0000000008007890                MSIRangeTable
 .rodata.SYSVIEW_X_OS_TraceAPI
                0x00000000080078c0        0x8 ./ThirdParty/SEGGER/OS/SEGGER_SYSVIEW_FreeRTOS.o
                0x00000000080078c0                SYSVIEW_X_OS_TraceAPI
 .rodata._abSync
                0x00000000080078c8        0xa ./ThirdParty/SEGGER/SEGGER/SEGGER_SYSVIEW.o
 *fill*         0x00000000080078d2        0x2 
 .rodata._aV2C.7074
                0x00000000080078d4       0x10 ./ThirdParty/SEGGER/SEGGER/SEGGER_SYSVIEW.o
                0x00000000080078e4                . = ALIGN (0x4)

.rel.dyn        0x00000000080078e4        0x0
 .rel.iplt      0x00000000080078e4        0x0 c:/st/stm32cubeide_1.8.0/stm32cubeide/plugins/com.st.stm32cube.ide.mcu.externaltools.gnu-tools-for-stm32.9-2020-q2-update.win32_2.0.0.202105311346/tools/bin/../lib/gcc/arm-none-eabi/9.3.1/thumb/v7e-m+fp/hard/crtbegin.o

.ARM.extab      0x00000000080078e4        0x0
                0x00000000080078e4                . = ALIGN (0x4)
 *(.ARM.extab* .gnu.linkonce.armextab.*)
                0x00000000080078e4                . = ALIGN (0x4)

.ARM            0x00000000080078e4        0x0
                0x00000000080078e4                . = ALIGN (0x4)
                0x00000000080078e4                __exidx_start = .
 *(.ARM.exidx*)
                0x00000000080078e4                __exidx_end = .
                0x00000000080078e4                . = ALIGN (0x4)

.preinit_array  0x00000000080078e4        0x0
                0x00000000080078e4                . = ALIGN (0x4)
                0x00000000080078e4                PROVIDE (__preinit_array_start = .)
 *(.preinit_array*)
                0x00000000080078e4                PROVIDE (__preinit_array_end = .)
                0x00000000080078e4                . = ALIGN (0x4)

.init_array     0x00000000080078e4        0x4
                0x00000000080078e4                . = ALIGN (0x4)
                0x00000000080078e4                PROVIDE (__init_array_start = .)
 *(SORT_BY_NAME(.init_array.*))
 *(.init_array*)
 .init_array    0x00000000080078e4        0x4 c:/st/stm32cubeide_1.8.0/stm32cubeide/plugins/com.st.stm32cube.ide.mcu.externaltools.gnu-tools-for-stm32.9-2020-q2-update.win32_2.0.0.202105311346/tools/bin/../lib/gcc/arm-none-eabi/9.3.1/thumb/v7e-m+fp/hard/crtbegin.o
                0x00000000080078e8                PROVIDE (__init_array_end = .)
                0x00000000080078e8                . = ALIGN (0x4)

.fini_array     0x00000000080078e8        0x4
                0x00000000080078e8                . = ALIGN (0x4)
                [!provide]                        PROVIDE (__fini_array_start = .)
 *(SORT_BY_NAME(.fini_array.*))
 *(.fini_array*)
 .fini_array    0x00000000080078e8        0x4 c:/st/stm32cubeide_1.8.0/stm32cubeide/plugins/com.st.stm32cube.ide.mcu.externaltools.gnu-tools-for-stm32.9-2020-q2-update.win32_2.0.0.202105311346/tools/bin/../lib/gcc/arm-none-eabi/9.3.1/thumb/v7e-m+fp/hard/crtbegin.o
                [!provide]                        PROVIDE (__fini_array_end = .)
                0x00000000080078ec                . = ALIGN (0x4)
                0x00000000080078ec                _sidata = LOADADDR (.data)

.data           0x0000000020000000       0x14 load address 0x00000000080078ec
                0x0000000020000000                . = ALIGN (0x4)
                0x0000000020000000                _sdata = .
 *(.data)
 *(.data*)
 .data.SystemCoreClock
                0x0000000020000000        0x4 ./Core/Src/system_stm32l4xx.o
                0x0000000020000000                SystemCoreClock
 .data.uwTickPrio
                0x0000000020000004        0x4 ./Drivers/STM32L4xx_HAL_Driver/Src/stm32l4xx_hal.o
                0x0000000020000004                uwTickPrio
 .data.uwTickFreq
                0x0000000020000008        0x1 ./Drivers/STM32L4xx_HAL_Driver/Src/stm32l4xx_hal.o
                0x0000000020000008                uwTickFreq
 *fill*         0x0000000020000009        0x3 
 .data.uxTopUsedPriority
                0x000000002000000c        0x4 ./ThirdParty/FreeRTOS/tasks.o
                0x000000002000000c                uxTopUsedPriority
 .data.uxCriticalNesting
                0x0000000020000010        0x4 ./ThirdParty/FreeRTOS/portable/GCC/ARM_CM4F/port.o
 *(.RamFunc)
 *(.RamFunc*)
                0x0000000020000014                . = ALIGN (0x4)
                0x0000000020000014                _edata = .

.igot.plt       0x0000000020000014        0x0 load address 0x0000000008007900
 .igot.plt      0x0000000020000014        0x0 c:/st/stm32cubeide_1.8.0/stm32cubeide/plugins/com.st.stm32cube.ide.mcu.externaltools.gnu-tools-for-stm32.9-2020-q2-update.win32_2.0.0.202105311346/tools/bin/../lib/gcc/arm-none-eabi/9.3.1/thumb/v7e-m+fp/hard/crtbegin.o
                0x0000000020000014                . = ALIGN (0x4)

.bss            0x0000000020000014    0x1c4a8 load address 0x0000000008007900
                0x0000000020000014                _sbss = .
                0x0000000020000014                __bss_start__ = _sbss
 *(.bss)
 .bss           0x0000000020000014       0x1c c:/st/stm32cubeide_1.8.0/stm32cubeide/plugins/com.st.stm32cube.ide.mcu.externaltools.gnu-tools-for-stm32.9-2020-q2-update.win32_2.0.0.202105311346/tools/bin/../lib/gcc/arm-none-eabi/9.3.1/thumb/v7e-m+fp/hard/crtbegin.o
 *(.bss*)
 .bss.pxCurrentTCB
                0x0000000020000030        0x4 ./ThirdParty/FreeRTOS/tasks.o
                0x0000000020000030                pxCurrentTCB
 .bss.pxReadyTasksLists
                0x0000000020000034       0x64 ./ThirdParty/FreeRTOS/tasks.o
 .bss.xDelayedTaskList1
                0x0000000020000098       0x14 ./ThirdParty/FreeRTOS/tasks.o
 .bss.xDelayedTaskList2
                0x00000000200000ac       0x14 ./ThirdParty/FreeRTOS/tasks.o
 .bss.pxDelayedTaskList
                0x00000000200000c0        0x4 ./ThirdParty/FreeRTOS/tasks.o
 .bss.pxOverflowDelayedTaskList
                0x00000000200000c4        0x4 ./ThirdParty/FreeRTOS/tasks.o
 .bss.xPendingReadyList
                0x00000000200000c8       0x14 ./ThirdParty/FreeRTOS/tasks.o
 .bss.xTasksWaitingTermination
                0x00000000200000dc       0x14 ./ThirdParty/FreeRTOS/tasks.o
 .bss.uxDeletedTasksWaitingCleanUp
                0x00000000200000f0        0x4 ./ThirdParty/FreeRTOS/tasks.o
 .bss.xSuspendedTaskList
                0x00000000200000f4       0x14 ./ThirdParty/FreeRTOS/tasks.o
 .bss.uxCurrentNumberOfTasks
                0x0000000020000108        0x4 ./ThirdParty/FreeRTOS/tasks.o
 .bss.xTickCount
                0x000000002000010c        0x4 ./ThirdParty/FreeRTOS/tasks.o
 .bss.uxTopReadyPriority
                0x0000000020000110        0x4 ./ThirdParty/FreeRTOS/tasks.o
 .bss.xSchedulerRunning
                0x0000000020000114        0x4 ./ThirdParty/FreeRTOS/tasks.o
 .bss.xPendedTicks
                0x0000000020000118        0x4 ./ThirdParty/FreeRTOS/tasks.o
 .bss.xYieldPending
                0x000000002000011c        0x4 ./ThirdParty/FreeRTOS/tasks.o
 .bss.xNumOfOverflows
                0x0000000020000120        0x4 ./ThirdParty/FreeRTOS/tasks.o
 .bss.uxTaskNumber
                0x0000000020000124        0x4 ./ThirdParty/FreeRTOS/tasks.o
 .bss.xNextTaskUnblockTime
                0x0000000020000128        0x4 ./ThirdParty/FreeRTOS/tasks.o
 .bss.xIdleTaskHandle
                0x000000002000012c        0x4 ./ThirdParty/FreeRTOS/tasks.o
 .bss.uxSchedulerSuspended
                0x0000000020000130        0x4 ./ThirdParty/FreeRTOS/tasks.o
 .bss.xActiveTimerList1
                0x0000000020000134       0x14 ./ThirdParty/FreeRTOS/timers.o
 .bss.xActiveTimerList2
                0x0000000020000148       0x14 ./ThirdParty/FreeRTOS/timers.o
 .bss.pxCurrentTimerList
                0x000000002000015c        0x4 ./ThirdParty/FreeRTOS/timers.o
 .bss.pxOverflowTimerList
                0x0000000020000160        0x4 ./ThirdParty/FreeRTOS/timers.o
 .bss.xTimerQueue
                0x0000000020000164        0x4 ./ThirdParty/FreeRTOS/timers.o
 .bss.xTimerTaskHandle
                0x0000000020000168        0x4 ./ThirdParty/FreeRTOS/timers.o
 .bss.xLastTime.7308
                0x000000002000016c        0x4 ./ThirdParty/FreeRTOS/timers.o
 .bss.ucMaxSysCallPriority
                0x0000000020000170        0x1 ./ThirdParty/FreeRTOS/portable/GCC/ARM_CM4F/port.o
 *fill*         0x0000000020000171        0x3 
 .bss.ulMaxPRIGROUPValue
                0x0000000020000174        0x4 ./ThirdParty/FreeRTOS/portable/GCC/ARM_CM4F/port.o
 .bss.ucHeap    0x0000000020000178    0x12c00 ./ThirdParty/FreeRTOS/portable/MemMang/heap_4.o
 .bss.xStart    0x0000000020012d78        0x8 ./ThirdParty/FreeRTOS/portable/MemMang/heap_4.o
 .bss.pxEnd     0x0000000020012d80        0x4 ./ThirdParty/FreeRTOS/portable/MemMang/heap_4.o
 .bss.xFreeBytesRemaining
                0x0000000020012d84        0x4 ./ThirdParty/FreeRTOS/portable/MemMang/heap_4.o
 .bss.xMinimumEverFreeBytesRemaining
                0x0000000020012d88        0x4 ./ThirdParty/FreeRTOS/portable/MemMang/heap_4.o
 .bss.xNumberOfSuccessfulAllocations
                0x0000000020012d8c        0x4 ./ThirdParty/FreeRTOS/portable/MemMang/heap_4.o
 .bss.xNumberOfSuccessfulFrees
                0x0000000020012d90        0x4 ./ThirdParty/FreeRTOS/portable/MemMang/heap_4.o
 .bss.xBlockAllocatedBit
                0x0000000020012d94        0x4 ./ThirdParty/FreeRTOS/portable/MemMang/heap_4.o
 .bss._aTasks   0x0000000020012d98       0xa0 ./ThirdParty/SEGGER/OS/SEGGER_SYSVIEW_FreeRTOS.o
 .bss._NumTasks
                0x0000000020012e38        0x4 ./ThirdParty/SEGGER/OS/SEGGER_SYSVIEW_FreeRTOS.o
 .bss._cbOnRx   0x0000000020012e3c        0x4 ./ThirdParty/SEGGER/Rec/segger_uart.o
 .bss._cbOnTx   0x0000000020012e40        0x4 ./ThirdParty/SEGGER/Rec/segger_uart.o
 .bss._acUpBuffer
                0x0000000020012e44      0x400 ./ThirdParty/SEGGER/SEGGER/SEGGER_RTT.o
 .bss._acDownBuffer
                0x0000000020013244       0x10 ./ThirdParty/SEGGER/SEGGER/SEGGER_RTT.o
 .bss._UpBuffer
                0x0000000020013254     0x9000 ./ThirdParty/SEGGER/SEGGER/SEGGER_SYSVIEW.o
 .bss._DownBuffer
                0x000000002001c254        0x8 ./ThirdParty/SEGGER/SEGGER/SEGGER_SYSVIEW.o
 .bss._SYSVIEW_Globals
                0x000000002001c25c       0x28 ./ThirdParty/SEGGER/SEGGER/SEGGER_SYSVIEW.o
 .bss._pFirstModule
                0x000000002001c284        0x4 ./ThirdParty/SEGGER/SEGGER/SEGGER_SYSVIEW.o
 .bss._NumModules
                0x000000002001c288        0x1 ./ThirdParty/SEGGER/SEGGER/SEGGER_SYSVIEW.o
 *fill*         0x000000002001c289        0x3 
 .bss._aPacket  0x000000002001c28c       0xe3 ./ThirdParty/SEGGER/SEGGER/SEGGER_SYSVIEW.o
 *(COMMON)
 *fill*         0x000000002001c36f        0x1 
 COMMON         0x000000002001c370       0x14 ./Core/Src/main.o
                0x000000002001c370                task_to_delete
                0x000000002001c374                handle_button
                0x000000002001c378                handle_LED_blue
                0x000000002001c37c                handle_LED_green
                0x000000002001c380                handle_LED_red
 COMMON         0x000000002001c384       0x4c ./Core/Src/stm32l4xx_hal_timebase_tim.o
                0x000000002001c384                htim6
 COMMON         0x000000002001c3d0        0x4 ./Drivers/STM32L4xx_HAL_Driver/Src/stm32l4xx_hal.o
                0x000000002001c3d0                uwTick
 COMMON         0x000000002001c3d4       0x40 ./ThirdParty/FreeRTOS/queue.o
                0x000000002001c3d4                xQueueRegistry
 COMMON         0x000000002001c414       0xa8 ./ThirdParty/SEGGER/SEGGER/SEGGER_RTT.o
                0x000000002001c414                _SEGGER_RTT
                0x000000002001c4bc                . = ALIGN (0x4)
                0x000000002001c4bc                _ebss = .
                0x000000002001c4bc                __bss_end__ = _ebss

._user_heap_stack
                0x000000002001c4bc      0x604 load address 0x0000000008007900
                0x000000002001c4c0                . = ALIGN (0x8)
 *fill*         0x000000002001c4bc        0x4 
                [!provide]                        PROVIDE (end = .)
                0x000000002001c4c0                PROVIDE (_end = .)
                0x000000002001c6c0                . = (. + _Min_Heap_Size)
 *fill*         0x000000002001c4c0      0x200 
                0x000000002001cac0                . = (. + _Min_Stack_Size)
 *fill*         0x000000002001c6c0      0x400 
                0x000000002001cac0                . = ALIGN (0x8)

/DISCARD/
 libc.a(*)
 libm.a(*)
 libgcc.a(*)

.ARM.attributes
                0x0000000000000000       0x30
 *(.ARM.attributes)
 .ARM.attributes
                0x0000000000000000       0x1e c:/st/stm32cubeide_1.8.0/stm32cubeide/plugins/com.st.stm32cube.ide.mcu.externaltools.gnu-tools-for-stm32.9-2020-q2-update.win32_2.0.0.202105311346/tools/bin/../lib/gcc/arm-none-eabi/9.3.1/thumb/v7e-m+fp/hard/crti.o
 .ARM.attributes
                0x000000000000001e       0x34 c:/st/stm32cubeide_1.8.0/stm32cubeide/plugins/com.st.stm32cube.ide.mcu.externaltools.gnu-tools-for-stm32.9-2020-q2-update.win32_2.0.0.202105311346/tools/bin/../lib/gcc/arm-none-eabi/9.3.1/thumb/v7e-m+fp/hard/crtbegin.o
 .ARM.attributes
                0x0000000000000052       0x34 ./Core/Src/main.o
 .ARM.attributes
                0x0000000000000086       0x34 ./Core/Src/stm32l4xx_hal_msp.o
 .ARM.attributes
                0x00000000000000ba       0x34 ./Core/Src/stm32l4xx_hal_timebase_tim.o
 .ARM.attributes
                0x00000000000000ee       0x34 ./Core/Src/stm32l4xx_it.o
 .ARM.attributes
                0x0000000000000122       0x34 ./Core/Src/system_stm32l4xx.o
 .ARM.attributes
                0x0000000000000156       0x21 ./Core/Startup/startup_stm32l4r5zitx.o
 .ARM.attributes
                0x0000000000000177       0x34 ./Drivers/STM32L4xx_HAL_Driver/Src/stm32l4xx_hal.o
 .ARM.attributes
                0x00000000000001ab       0x34 ./Drivers/STM32L4xx_HAL_Driver/Src/stm32l4xx_hal_cortex.o
 .ARM.attributes
                0x00000000000001df       0x34 ./Drivers/STM32L4xx_HAL_Driver/Src/stm32l4xx_hal_gpio.o
 .ARM.attributes
                0x0000000000000213       0x34 ./Drivers/STM32L4xx_HAL_Driver/Src/stm32l4xx_hal_pwr_ex.o
 .ARM.attributes
                0x0000000000000247       0x34 ./Drivers/STM32L4xx_HAL_Driver/Src/stm32l4xx_hal_rcc.o
 .ARM.attributes
                0x000000000000027b       0x34 ./Drivers/STM32L4xx_HAL_Driver/Src/stm32l4xx_hal_tim.o
 .ARM.attributes
                0x00000000000002af       0x34 ./Drivers/STM32L4xx_HAL_Driver/Src/stm32l4xx_hal_tim_ex.o
 .ARM.attributes
                0x00000000000002e3       0x34 ./ThirdParty/FreeRTOS/list.o
 .ARM.attributes
                0x0000000000000317       0x34 ./ThirdParty/FreeRTOS/queue.o
 .ARM.attributes
                0x000000000000034b       0x34 ./ThirdParty/FreeRTOS/tasks.o
 .ARM.attributes
                0x000000000000037f       0x34 ./ThirdParty/FreeRTOS/timers.o
 .ARM.attributes
                0x00000000000003b3       0x34 ./ThirdParty/FreeRTOS/portable/GCC/ARM_CM4F/port.o
 .ARM.attributes
                0x00000000000003e7       0x34 ./ThirdParty/FreeRTOS/portable/MemMang/heap_4.o
 .ARM.attributes
                0x000000000000041b       0x34 ./ThirdParty/SEGGER/Config/SEGGER_SYSVIEW_Config_FreeRTOS.o
 .ARM.attributes
                0x000000000000044f       0x34 ./ThirdParty/SEGGER/OS/SEGGER_SYSVIEW_FreeRTOS.o
 .ARM.attributes
                0x0000000000000483       0x34 ./ThirdParty/SEGGER/Rec/segger_uart.o
 .ARM.attributes
                0x00000000000004b7       0x34 ./ThirdParty/SEGGER/SEGGER/SEGGER_RTT.o
 .ARM.attributes
                0x00000000000004eb       0x20 ./ThirdParty/SEGGER/SEGGER/SEGGER_RTT_ASM_ARMv7M.o
 .ARM.attributes
                0x000000000000050b       0x34 ./ThirdParty/SEGGER/SEGGER/SEGGER_SYSVIEW.o
 .ARM.attributes
                0x000000000000053f       0x34 c:/st/stm32cubeide_1.8.0/stm32cubeide/plugins/com.st.stm32cube.ide.mcu.externaltools.gnu-tools-for-stm32.9-2020-q2-update.win32_2.0.0.202105311346/tools/bin/../lib/gcc/arm-none-eabi/9.3.1/../../../../arm-none-eabi/lib/thumb/v7e-m+fp/hard\libc_nano.a(lib_a-init.o)
 .ARM.attributes
                0x0000000000000573       0x34 c:/st/stm32cubeide_1.8.0/stm32cubeide/plugins/com.st.stm32cube.ide.mcu.externaltools.gnu-tools-for-stm32.9-2020-q2-update.win32_2.0.0.202105311346/tools/bin/../lib/gcc/arm-none-eabi/9.3.1/../../../../arm-none-eabi/lib/thumb/v7e-m+fp/hard\libc_nano.a(lib_a-memcmp.o)
 .ARM.attributes
                0x00000000000005a7       0x34 c:/st/stm32cubeide_1.8.0/stm32cubeide/plugins/com.st.stm32cube.ide.mcu.externaltools.gnu-tools-for-stm32.9-2020-q2-update.win32_2.0.0.202105311346/tools/bin/../lib/gcc/arm-none-eabi/9.3.1/../../../../arm-none-eabi/lib/thumb/v7e-m+fp/hard\libc_nano.a(lib_a-memcpy-stub.o)
 .ARM.attributes
                0x00000000000005db       0x34 c:/st/stm32cubeide_1.8.0/stm32cubeide/plugins/com.st.stm32cube.ide.mcu.externaltools.gnu-tools-for-stm32.9-2020-q2-update.win32_2.0.0.202105311346/tools/bin/../lib/gcc/arm-none-eabi/9.3.1/../../../../arm-none-eabi/lib/thumb/v7e-m+fp/hard\libc_nano.a(lib_a-memset.o)
 .ARM.attributes
                0x000000000000060f       0x1e c:/st/stm32cubeide_1.8.0/stm32cubeide/plugins/com.st.stm32cube.ide.mcu.externaltools.gnu-tools-for-stm32.9-2020-q2-update.win32_2.0.0.202105311346/tools/bin/../lib/gcc/arm-none-eabi/9.3.1/thumb/v7e-m+fp/hard/crtn.o
OUTPUT(002LED_Blinky.elf elf32-littlearm)
LOAD linker stubs
LOAD c:/st/stm32cubeide_1.8.0/stm32cubeide/plugins/com.st.stm32cube.ide.mcu.externaltools.gnu-tools-for-stm32.9-2020-q2-update.win32_2.0.0.202105311346/tools/bin/../lib/gcc/arm-none-eabi/9.3.1/../../../../arm-none-eabi/lib/thumb/v7e-m+fp/hard\libc.a
LOAD c:/st/stm32cubeide_1.8.0/stm32cubeide/plugins/com.st.stm32cube.ide.mcu.externaltools.gnu-tools-for-stm32.9-2020-q2-update.win32_2.0.0.202105311346/tools/bin/../lib/gcc/arm-none-eabi/9.3.1/../../../../arm-none-eabi/lib/thumb/v7e-m+fp/hard\libm.a
LOAD c:/st/stm32cubeide_1.8.0/stm32cubeide/plugins/com.st.stm32cube.ide.mcu.externaltools.gnu-tools-for-stm32.9-2020-q2-update.win32_2.0.0.202105311346/tools/bin/../lib/gcc/arm-none-eabi/9.3.1/thumb/v7e-m+fp/hard\libgcc.a

.debug_info     0x0000000000000000    0x1ce9c
 .debug_info    0x0000000000000000     0x1b97 ./Core/Src/main.o
 .debug_info    0x0000000000001b97      0x59c ./Core/Src/stm32l4xx_hal_msp.o
 .debug_info    0x0000000000002133      0xf93 ./Core/Src/stm32l4xx_hal_timebase_tim.o
 .debug_info    0x00000000000030c6      0xa3c ./Core/Src/stm32l4xx_it.o
 .debug_info    0x0000000000003b02      0x7aa ./Core/Src/system_stm32l4xx.o
 .debug_info    0x00000000000042ac       0x22 ./Core/Startup/startup_stm32l4r5zitx.o
 .debug_info    0x00000000000042ce      0xd17 ./Drivers/STM32L4xx_HAL_Driver/Src/stm32l4xx_hal.o
 .debug_info    0x0000000000004fe5     0x1046 ./Drivers/STM32L4xx_HAL_Driver/Src/stm32l4xx_hal_cortex.o
 .debug_info    0x000000000000602b      0xa96 ./Drivers/STM32L4xx_HAL_Driver/Src/stm32l4xx_hal_gpio.o
 .debug_info    0x0000000000006ac1      0xc6e ./Drivers/STM32L4xx_HAL_Driver/Src/stm32l4xx_hal_pwr_ex.o
 .debug_info    0x000000000000772f      0xf63 ./Drivers/STM32L4xx_HAL_Driver/Src/stm32l4xx_hal_rcc.o
 .debug_info    0x0000000000008692     0x2f64 ./Drivers/STM32L4xx_HAL_Driver/Src/stm32l4xx_hal_tim.o
 .debug_info    0x000000000000b5f6     0x19bd ./Drivers/STM32L4xx_HAL_Driver/Src/stm32l4xx_hal_tim_ex.o
 .debug_info    0x000000000000cfb3      0xb9a ./ThirdParty/FreeRTOS/list.o
 .debug_info    0x000000000000db4d     0x1ffc ./ThirdParty/FreeRTOS/queue.o
 .debug_info    0x000000000000fb49     0x2a1f ./ThirdParty/FreeRTOS/tasks.o
 .debug_info    0x0000000000012568     0x157f ./ThirdParty/FreeRTOS/timers.o
 .debug_info    0x0000000000013ae7      0x5b1 ./ThirdParty/FreeRTOS/portable/GCC/ARM_CM4F/port.o
 .debug_info    0x0000000000014098      0xda4 ./ThirdParty/FreeRTOS/portable/MemMang/heap_4.o
 .debug_info    0x0000000000014e3c      0x131 ./ThirdParty/SEGGER/Config/SEGGER_SYSVIEW_Config_FreeRTOS.o
 .debug_info    0x0000000000014f6d      0xc58 ./ThirdParty/SEGGER/OS/SEGGER_SYSVIEW_FreeRTOS.o
 .debug_info    0x0000000000015bc5     0x1509 ./ThirdParty/SEGGER/Rec/segger_uart.o
 .debug_info    0x00000000000170ce     0x1dc1 ./ThirdParty/SEGGER/SEGGER/SEGGER_RTT.o
 .debug_info    0x0000000000018e8f       0x26 ./ThirdParty/SEGGER/SEGGER/SEGGER_RTT_ASM_ARMv7M.o
 .debug_info    0x0000000000018eb5     0x3fe7 ./ThirdParty/SEGGER/SEGGER/SEGGER_SYSVIEW.o

.debug_abbrev   0x0000000000000000     0x3709
 .debug_abbrev  0x0000000000000000      0x35f ./Core/Src/main.o
 .debug_abbrev  0x000000000000035f      0x13d ./Core/Src/stm32l4xx_hal_msp.o
 .debug_abbrev  0x000000000000049c      0x1bf ./Core/Src/stm32l4xx_hal_timebase_tim.o
 .debug_abbrev  0x000000000000065b      0x176 ./Core/Src/stm32l4xx_it.o
 .debug_abbrev  0x00000000000007d1      0x165 ./Core/Src/system_stm32l4xx.o
 .debug_abbrev  0x0000000000000936       0x12 ./Core/Startup/startup_stm32l4r5zitx.o
 .debug_abbrev  0x0000000000000948      0x227 ./Drivers/STM32L4xx_HAL_Driver/Src/stm32l4xx_hal.o
 .debug_abbrev  0x0000000000000b6f      0x33c ./Drivers/STM32L4xx_HAL_Driver/Src/stm32l4xx_hal_cortex.o
 .debug_abbrev  0x0000000000000eab      0x1e8 ./Drivers/STM32L4xx_HAL_Driver/Src/stm32l4xx_hal_gpio.o
 .debug_abbrev  0x0000000000001093      0x1f3 ./Drivers/STM32L4xx_HAL_Driver/Src/stm32l4xx_hal_pwr_ex.o
 .debug_abbrev  0x0000000000001286      0x2b1 ./Drivers/STM32L4xx_HAL_Driver/Src/stm32l4xx_hal_rcc.o
 .debug_abbrev  0x0000000000001537      0x25e ./Drivers/STM32L4xx_HAL_Driver/Src/stm32l4xx_hal_tim.o
 .debug_abbrev  0x0000000000001795      0x266 ./Drivers/STM32L4xx_HAL_Driver/Src/stm32l4xx_hal_tim_ex.o
 .debug_abbrev  0x00000000000019fb      0x1f7 ./ThirdParty/FreeRTOS/list.o
 .debug_abbrev  0x0000000000001bf2      0x333 ./ThirdParty/FreeRTOS/queue.o
 .debug_abbrev  0x0000000000001f25      0x3a9 ./ThirdParty/FreeRTOS/tasks.o
 .debug_abbrev  0x00000000000022ce      0x2fd ./ThirdParty/FreeRTOS/timers.o
 .debug_abbrev  0x00000000000025cb      0x231 ./ThirdParty/FreeRTOS/portable/GCC/ARM_CM4F/port.o
 .debug_abbrev  0x00000000000027fc      0x2d3 ./ThirdParty/FreeRTOS/portable/MemMang/heap_4.o
 .debug_abbrev  0x0000000000002acf       0xc1 ./ThirdParty/SEGGER/Config/SEGGER_SYSVIEW_Config_FreeRTOS.o
 .debug_abbrev  0x0000000000002b90      0x219 ./ThirdParty/SEGGER/OS/SEGGER_SYSVIEW_FreeRTOS.o
 .debug_abbrev  0x0000000000002da9      0x2e0 ./ThirdParty/SEGGER/Rec/segger_uart.o
 .debug_abbrev  0x0000000000003089      0x2e1 ./ThirdParty/SEGGER/SEGGER/SEGGER_RTT.o
 .debug_abbrev  0x000000000000336a       0x14 ./ThirdParty/SEGGER/SEGGER/SEGGER_RTT_ASM_ARMv7M.o
 .debug_abbrev  0x000000000000337e      0x38b ./ThirdParty/SEGGER/SEGGER/SEGGER_SYSVIEW.o

.debug_aranges  0x0000000000000000     0x1540
 .debug_aranges
                0x0000000000000000       0x68 ./Core/Src/main.o
 .debug_aranges
                0x0000000000000068       0x20 ./Core/Src/stm32l4xx_hal_msp.o
 .debug_aranges
                0x0000000000000088       0x30 ./Core/Src/stm32l4xx_hal_timebase_tim.o
 .debug_aranges
                0x00000000000000b8       0x50 ./Core/Src/stm32l4xx_it.o
 .debug_aranges
                0x0000000000000108       0x28 ./Core/Src/system_stm32l4xx.o
 .debug_aranges
                0x0000000000000130       0x28 ./Core/Startup/startup_stm32l4r5zitx.o
 .debug_aranges
                0x0000000000000158      0x130 ./Drivers/STM32L4xx_HAL_Driver/Src/stm32l4xx_hal.o
 .debug_aranges
                0x0000000000000288      0x118 ./Drivers/STM32L4xx_HAL_Driver/Src/stm32l4xx_hal_cortex.o
 .debug_aranges
                0x00000000000003a0       0x58 ./Drivers/STM32L4xx_HAL_Driver/Src/stm32l4xx_hal_gpio.o
 .debug_aranges
                0x00000000000003f8      0x170 ./Drivers/STM32L4xx_HAL_Driver/Src/stm32l4xx_hal_pwr_ex.o
 .debug_aranges
                0x0000000000000568       0x98 ./Drivers/STM32L4xx_HAL_Driver/Src/stm32l4xx_hal_rcc.o
 .debug_aranges
                0x0000000000000600      0x3e0 ./Drivers/STM32L4xx_HAL_Driver/Src/stm32l4xx_hal_tim.o
 .debug_aranges
                0x00000000000009e0      0x180 ./Drivers/STM32L4xx_HAL_Driver/Src/stm32l4xx_hal_tim_ex.o
 .debug_aranges
                0x0000000000000b60       0x40 ./ThirdParty/FreeRTOS/list.o
 .debug_aranges
                0x0000000000000ba0      0x130 ./ThirdParty/FreeRTOS/queue.o
 .debug_aranges
                0x0000000000000cd0      0x208 ./ThirdParty/FreeRTOS/tasks.o
 .debug_aranges
                0x0000000000000ed8       0xd8 ./ThirdParty/FreeRTOS/timers.o
 .debug_aranges
                0x0000000000000fb0       0x88 ./ThirdParty/FreeRTOS/portable/GCC/ARM_CM4F/port.o
 .debug_aranges
                0x0000000000001038       0x58 ./ThirdParty/FreeRTOS/portable/MemMang/heap_4.o
 .debug_aranges
                0x0000000000001090       0x28 ./ThirdParty/SEGGER/Config/SEGGER_SYSVIEW_Config_FreeRTOS.o
 .debug_aranges
                0x00000000000010b8       0x48 ./ThirdParty/SEGGER/OS/SEGGER_SYSVIEW_FreeRTOS.o
 .debug_aranges
                0x0000000000001100       0x68 ./ThirdParty/SEGGER/Rec/segger_uart.o
 .debug_aranges
                0x0000000000001168      0x138 ./ThirdParty/SEGGER/SEGGER/SEGGER_RTT.o
 .debug_aranges
                0x00000000000012a0       0x20 ./ThirdParty/SEGGER/SEGGER/SEGGER_RTT_ASM_ARMv7M.o
 .debug_aranges
                0x00000000000012c0      0x280 ./ThirdParty/SEGGER/SEGGER/SEGGER_SYSVIEW.o

.debug_ranges   0x0000000000000000     0x13a8
 .debug_ranges  0x0000000000000000       0x58 ./Core/Src/main.o
 .debug_ranges  0x0000000000000058       0x10 ./Core/Src/stm32l4xx_hal_msp.o
 .debug_ranges  0x0000000000000068       0x20 ./Core/Src/stm32l4xx_hal_timebase_tim.o
 .debug_ranges  0x0000000000000088       0x40 ./Core/Src/stm32l4xx_it.o
 .debug_ranges  0x00000000000000c8       0x18 ./Core/Src/system_stm32l4xx.o
 .debug_ranges  0x00000000000000e0       0x20 ./Core/Startup/startup_stm32l4r5zitx.o
 .debug_ranges  0x0000000000000100      0x120 ./Drivers/STM32L4xx_HAL_Driver/Src/stm32l4xx_hal.o
 .debug_ranges  0x0000000000000220      0x108 ./Drivers/STM32L4xx_HAL_Driver/Src/stm32l4xx_hal_cortex.o
 .debug_ranges  0x0000000000000328       0x48 ./Drivers/STM32L4xx_HAL_Driver/Src/stm32l4xx_hal_gpio.o
 .debug_ranges  0x0000000000000370      0x160 ./Drivers/STM32L4xx_HAL_Driver/Src/stm32l4xx_hal_pwr_ex.o
 .debug_ranges  0x00000000000004d0       0x88 ./Drivers/STM32L4xx_HAL_Driver/Src/stm32l4xx_hal_rcc.o
 .debug_ranges  0x0000000000000558      0x3d0 ./Drivers/STM32L4xx_HAL_Driver/Src/stm32l4xx_hal_tim.o
 .debug_ranges  0x0000000000000928      0x170 ./Drivers/STM32L4xx_HAL_Driver/Src/stm32l4xx_hal_tim_ex.o
 .debug_ranges  0x0000000000000a98       0x30 ./ThirdParty/FreeRTOS/list.o
 .debug_ranges  0x0000000000000ac8      0x120 ./ThirdParty/FreeRTOS/queue.o
 .debug_ranges  0x0000000000000be8      0x1f8 ./ThirdParty/FreeRTOS/tasks.o
 .debug_ranges  0x0000000000000de0       0xc8 ./ThirdParty/FreeRTOS/timers.o
 .debug_ranges  0x0000000000000ea8       0x78 ./ThirdParty/FreeRTOS/portable/GCC/ARM_CM4F/port.o
 .debug_ranges  0x0000000000000f20       0x48 ./ThirdParty/FreeRTOS/portable/MemMang/heap_4.o
 .debug_ranges  0x0000000000000f68       0x18 ./ThirdParty/SEGGER/Config/SEGGER_SYSVIEW_Config_FreeRTOS.o
 .debug_ranges  0x0000000000000f80       0x38 ./ThirdParty/SEGGER/OS/SEGGER_SYSVIEW_FreeRTOS.o
 .debug_ranges  0x0000000000000fb8       0x58 ./ThirdParty/SEGGER/Rec/segger_uart.o
 .debug_ranges  0x0000000000001010      0x128 ./ThirdParty/SEGGER/SEGGER/SEGGER_RTT.o
 .debug_ranges  0x0000000000001138      0x270 ./ThirdParty/SEGGER/SEGGER/SEGGER_SYSVIEW.o

.debug_macro    0x0000000000000000    0x2cdba
 .debug_macro   0x0000000000000000      0x40c ./Core/Src/main.o
 .debug_macro   0x000000000000040c      0xaa8 ./Core/Src/main.o
 .debug_macro   0x0000000000000eb4      0x1a7 ./Core/Src/main.o
 .debug_macro   0x000000000000105b       0x2e ./Core/Src/main.o
 .debug_macro   0x0000000000001089       0x28 ./Core/Src/main.o
 .debug_macro   0x00000000000010b1       0x22 ./Core/Src/main.o
 .debug_macro   0x00000000000010d3       0x8e ./Core/Src/main.o
 .debug_macro   0x0000000000001161       0x51 ./Core/Src/main.o
 .debug_macro   0x00000000000011b2      0x103 ./Core/Src/main.o
 .debug_macro   0x00000000000012b5       0x6a ./Core/Src/main.o
 .debug_macro   0x000000000000131f      0x1df ./Core/Src/main.o
 .debug_macro   0x00000000000014fe       0x1c ./Core/Src/main.o
 .debug_macro   0x000000000000151a       0x22 ./Core/Src/main.o
 .debug_macro   0x000000000000153c      0x101 ./Core/Src/main.o
 .debug_macro   0x000000000000163d     0x1011 ./Core/Src/main.o
 .debug_macro   0x000000000000264e      0x11f ./Core/Src/main.o
 .debug_macro   0x000000000000276d    0x1cb71 ./Core/Src/main.o
 .debug_macro   0x000000000001f2de       0x6d ./Core/Src/main.o
 .debug_macro   0x000000000001f34b     0x38e9 ./Core/Src/main.o
 .debug_macro   0x0000000000022c34      0x174 ./Core/Src/main.o
 .debug_macro   0x0000000000022da8       0x5c ./Core/Src/main.o
 .debug_macro   0x0000000000022e04     0x1884 ./Core/Src/main.o
 .debug_macro   0x0000000000024688      0x7dc ./Core/Src/main.o
 .debug_macro   0x0000000000024e64      0x1b9 ./Core/Src/main.o
 .debug_macro   0x000000000002501d      0x225 ./Core/Src/main.o
 .debug_macro   0x0000000000025242      0x486 ./Core/Src/main.o
 .debug_macro   0x00000000000256c8      0x1ce ./Core/Src/main.o
 .debug_macro   0x0000000000025896       0x43 ./Core/Src/main.o
 .debug_macro   0x00000000000258d9      0x23d ./Core/Src/main.o
 .debug_macro   0x0000000000025b16      0x241 ./Core/Src/main.o
 .debug_macro   0x0000000000025d57      0x416 ./Core/Src/main.o
 .debug_macro   0x000000000002616d       0x1c ./Core/Src/main.o
 .debug_macro   0x0000000000026189       0xf2 ./Core/Src/main.o
 .debug_macro   0x000000000002627b      0x22c ./Core/Src/main.o
 .debug_macro   0x00000000000264a7       0x61 ./Core/Src/main.o
 .debug_macro   0x0000000000026508       0xa5 ./Core/Src/main.o
 .debug_macro   0x00000000000265ad      0x122 ./Core/Src/main.o
 .debug_macro   0x00000000000266cf      0x3f6 ./Core/Src/main.o
 .debug_macro   0x0000000000026ac5      0xa75 ./Core/Src/main.o
 .debug_macro   0x000000000002753a      0x196 ./Core/Src/main.o
 .debug_macro   0x00000000000276d0      0x432 ./Core/Src/main.o
 .debug_macro   0x0000000000027b02       0x52 ./Core/Src/main.o
 .debug_macro   0x0000000000027b54       0x18 ./Core/Src/main.o
 .debug_macro   0x0000000000027b6c       0x3c ./Core/Src/main.o
 .debug_macro   0x0000000000027ba8       0x34 ./Core/Src/main.o
 .debug_macro   0x0000000000027bdc       0x16 ./Core/Src/main.o
 .debug_macro   0x0000000000027bf2       0x35 ./Core/Src/main.o
 .debug_macro   0x0000000000027c27      0x333 ./Core/Src/main.o
 .debug_macro   0x0000000000027f5a       0x10 ./Core/Src/main.o
 .debug_macro   0x0000000000027f6a       0x16 ./Core/Src/main.o
 .debug_macro   0x0000000000027f80       0x43 ./Core/Src/main.o
 .debug_macro   0x0000000000027fc3       0x34 ./Core/Src/main.o
 .debug_macro   0x0000000000027ff7       0x10 ./Core/Src/main.o
 .debug_macro   0x0000000000028007       0x58 ./Core/Src/main.o
 .debug_macro   0x000000000002805f       0x71 ./Core/Src/main.o
 .debug_macro   0x00000000000280d0       0x1c ./Core/Src/main.o
 .debug_macro   0x00000000000280ec      0x12a ./Core/Src/main.o
 .debug_macro   0x0000000000028216       0x10 ./Core/Src/main.o
 .debug_macro   0x0000000000028226       0x1c ./Core/Src/main.o
 .debug_macro   0x0000000000028242       0x52 ./Core/Src/main.o
 .debug_macro   0x0000000000028294       0x22 ./Core/Src/main.o
 .debug_macro   0x00000000000282b6       0x10 ./Core/Src/main.o
 .debug_macro   0x00000000000282c6       0x40 ./Core/Src/main.o
 .debug_macro   0x0000000000028306       0xd5 ./Core/Src/main.o
 .debug_macro   0x00000000000283db       0x1c ./Core/Src/main.o
 .debug_macro   0x00000000000283f7       0x3d ./Core/Src/main.o
 .debug_macro   0x0000000000028434       0x16 ./Core/Src/main.o
 .debug_macro   0x000000000002844a      0x145 ./Core/Src/main.o
 .debug_macro   0x000000000002858f      0x112 ./Core/Src/main.o
 .debug_macro   0x00000000000286a1       0x4c ./Core/Src/main.o
 .debug_macro   0x00000000000286ed       0x46 ./Core/Src/main.o
 .debug_macro   0x0000000000028733       0x64 ./Core/Src/main.o
 .debug_macro   0x0000000000028797       0x49 ./Core/Src/main.o
 .debug_macro   0x00000000000287e0       0xc3 ./Core/Src/main.o
 .debug_macro   0x00000000000288a3      0x204 ./Core/Src/main.o
 .debug_macro   0x0000000000028aa7      0x450 ./Core/Src/main.o
 .debug_macro   0x0000000000028ef7      0x15a ./Core/Src/main.o
 .debug_macro   0x0000000000029051       0xea ./Core/Src/main.o
 .debug_macro   0x000000000002913b       0x1c ./Core/Src/main.o
 .debug_macro   0x0000000000029157       0x26 ./Core/Src/main.o
 .debug_macro   0x000000000002917d      0x3d0 ./Core/Src/main.o
 .debug_macro   0x000000000002954d       0xb5 ./Core/Src/main.o
 .debug_macro   0x0000000000029602      0x120 ./Core/Src/main.o
 .debug_macro   0x0000000000029722      0x293 ./Core/Src/stm32l4xx_hal_msp.o
 .debug_macro   0x00000000000299b5       0x58 ./Core/Src/stm32l4xx_hal_msp.o
 .debug_macro   0x0000000000029a0d      0x1d3 ./Core/Src/stm32l4xx_hal_timebase_tim.o
 .debug_macro   0x0000000000029be0      0x1e7 ./Core/Src/stm32l4xx_it.o
 .debug_macro   0x0000000000029dc7      0x1d3 ./Core/Src/system_stm32l4xx.o
 .debug_macro   0x0000000000029f9a      0x221 ./Drivers/STM32L4xx_HAL_Driver/Src/stm32l4xx_hal.o
 .debug_macro   0x000000000002a1bb      0x1d3 ./Drivers/STM32L4xx_HAL_Driver/Src/stm32l4xx_hal_cortex.o
 .debug_macro   0x000000000002a38e      0x1da ./Drivers/STM32L4xx_HAL_Driver/Src/stm32l4xx_hal_gpio.o
 .debug_macro   0x000000000002a568      0x1fd ./Drivers/STM32L4xx_HAL_Driver/Src/stm32l4xx_hal_pwr_ex.o
 .debug_macro   0x000000000002a765      0x215 ./Drivers/STM32L4xx_HAL_Driver/Src/stm32l4xx_hal_rcc.o
 .debug_macro   0x000000000002a97a      0x1d4 ./Drivers/STM32L4xx_HAL_Driver/Src/stm32l4xx_hal_tim.o
 .debug_macro   0x000000000002ab4e      0x1d3 ./Drivers/STM32L4xx_HAL_Driver/Src/stm32l4xx_hal_tim_ex.o
 .debug_macro   0x000000000002ad21      0x1f5 ./ThirdParty/FreeRTOS/list.o
 .debug_macro   0x000000000002af16      0x27e ./ThirdParty/FreeRTOS/queue.o
 .debug_macro   0x000000000002b194       0x16 ./ThirdParty/FreeRTOS/queue.o
 .debug_macro   0x000000000002b1aa       0x20 ./ThirdParty/FreeRTOS/queue.o
 .debug_macro   0x000000000002b1ca       0x80 ./ThirdParty/FreeRTOS/queue.o
 .debug_macro   0x000000000002b24a      0x2e2 ./ThirdParty/FreeRTOS/tasks.o
 .debug_macro   0x000000000002b52c       0x10 ./ThirdParty/FreeRTOS/tasks.o
 .debug_macro   0x000000000002b53c      0x23e ./ThirdParty/FreeRTOS/timers.o
 .debug_macro   0x000000000002b77a       0x97 ./ThirdParty/FreeRTOS/timers.o
 .debug_macro   0x000000000002b811      0x1f8 ./ThirdParty/FreeRTOS/portable/GCC/ARM_CM4F/port.o
 .debug_macro   0x000000000002ba09      0x210 ./ThirdParty/FreeRTOS/portable/MemMang/heap_4.o
 .debug_macro   0x000000000002bc19      0x138 ./ThirdParty/SEGGER/Config/SEGGER_SYSVIEW_Config_FreeRTOS.o
 .debug_macro   0x000000000002bd51      0x204 ./ThirdParty/SEGGER/OS/SEGGER_SYSVIEW_FreeRTOS.o
 .debug_macro   0x000000000002bf55      0x42c ./ThirdParty/SEGGER/Rec/segger_uart.o
 .debug_macro   0x000000000002c381       0x3a ./ThirdParty/SEGGER/Rec/segger_uart.o
 .debug_macro   0x000000000002c3bb      0x138 ./ThirdParty/SEGGER/Rec/segger_uart.o
 .debug_macro   0x000000000002c4f3       0xfb ./ThirdParty/SEGGER/Rec/segger_uart.o
 .debug_macro   0x000000000002c5ee       0x56 ./ThirdParty/SEGGER/Rec/segger_uart.o
 .debug_macro   0x000000000002c644      0x1bd ./ThirdParty/SEGGER/SEGGER/SEGGER_RTT.o
 .debug_macro   0x000000000002c801       0x34 ./ThirdParty/SEGGER/SEGGER/SEGGER_RTT.o
 .debug_macro   0x000000000002c835      0x213 ./ThirdParty/SEGGER/SEGGER/SEGGER_SYSVIEW.o
 .debug_macro   0x000000000002ca48      0x204 ./ThirdParty/SEGGER/SEGGER/SEGGER_SYSVIEW.o
 .debug_macro   0x000000000002cc4c      0x16e ./ThirdParty/SEGGER/SEGGER/SEGGER_SYSVIEW.o

.debug_line     0x0000000000000000    0x178ed
 .debug_line    0x0000000000000000      0xe6f ./Core/Src/main.o
 .debug_line    0x0000000000000e6f      0xa09 ./Core/Src/stm32l4xx_hal_msp.o
 .debug_line    0x0000000000001878      0x73f ./Core/Src/stm32l4xx_hal_timebase_tim.o
 .debug_line    0x0000000000001fb7      0x77c ./Core/Src/stm32l4xx_it.o
 .debug_line    0x0000000000002733      0x775 ./Core/Src/system_stm32l4xx.o
 .debug_line    0x0000000000002ea8       0x88 ./Core/Startup/startup_stm32l4r5zitx.o
 .debug_line    0x0000000000002f30      0xacf ./Drivers/STM32L4xx_HAL_Driver/Src/stm32l4xx_hal.o
 .debug_line    0x00000000000039ff      0xc76 ./Drivers/STM32L4xx_HAL_Driver/Src/stm32l4xx_hal_cortex.o
 .debug_line    0x0000000000004675      0xb2b ./Drivers/STM32L4xx_HAL_Driver/Src/stm32l4xx_hal_gpio.o
 .debug_line    0x00000000000051a0      0xd30 ./Drivers/STM32L4xx_HAL_Driver/Src/stm32l4xx_hal_pwr_ex.o
 .debug_line    0x0000000000005ed0     0x102c ./Drivers/STM32L4xx_HAL_Driver/Src/stm32l4xx_hal_rcc.o
 .debug_line    0x0000000000006efc     0x3d09 ./Drivers/STM32L4xx_HAL_Driver/Src/stm32l4xx_hal_tim.o
 .debug_line    0x000000000000ac05     0x1bc8 ./Drivers/STM32L4xx_HAL_Driver/Src/stm32l4xx_hal_tim_ex.o
 .debug_line    0x000000000000c7cd      0x934 ./ThirdParty/FreeRTOS/list.o
 .debug_line    0x000000000000d101     0x180d ./ThirdParty/FreeRTOS/queue.o
 .debug_line    0x000000000000e90e     0x1f59 ./ThirdParty/FreeRTOS/tasks.o
 .debug_line    0x0000000000010867      0xe90 ./ThirdParty/FreeRTOS/timers.o
 .debug_line    0x00000000000116f7      0xaac ./ThirdParty/FreeRTOS/portable/GCC/ARM_CM4F/port.o
 .debug_line    0x00000000000121a3      0xb7f ./ThirdParty/FreeRTOS/portable/MemMang/heap_4.o
 .debug_line    0x0000000000012d22      0x70e ./ThirdParty/SEGGER/Config/SEGGER_SYSVIEW_Config_FreeRTOS.o
 .debug_line    0x0000000000013430      0xa1f ./ThirdParty/SEGGER/OS/SEGGER_SYSVIEW_FreeRTOS.o
 .debug_line    0x0000000000013e4f      0xbc7 ./ThirdParty/SEGGER/Rec/segger_uart.o
 .debug_line    0x0000000000014a16      0xea5 ./ThirdParty/SEGGER/SEGGER/SEGGER_RTT.o
 .debug_line    0x00000000000158bb       0xa0 ./ThirdParty/SEGGER/SEGGER/SEGGER_RTT_ASM_ARMv7M.o
 .debug_line    0x000000000001595b     0x1f92 ./ThirdParty/SEGGER/SEGGER/SEGGER_SYSVIEW.o

.debug_str      0x0000000000000000   0x112314
 .debug_str     0x0000000000000000   0x108aee ./Core/Src/main.o
                                     0x108f75 (size before relaxing)
 .debug_str     0x0000000000108aee       0x2c ./Core/Src/stm32l4xx_hal_msp.o
                                     0x102b19 (size before relaxing)
 .debug_str     0x0000000000108b1a      0x4ef ./Core/Src/stm32l4xx_hal_timebase_tim.o
                                      0xfc5db (size before relaxing)
 .debug_str     0x0000000000109009       0x92 ./Core/Src/stm32l4xx_it.o
                                      0xfbee4 (size before relaxing)
 .debug_str     0x000000000010909b       0xb8 ./Core/Src/system_stm32l4xx.o
                                      0xfba8c (size before relaxing)
 .debug_str     0x0000000000109153       0x36 ./Core/Startup/startup_stm32l4r5zitx.o
                                         0x88 (size before relaxing)
 .debug_str     0x0000000000109189      0x57b ./Drivers/STM32L4xx_HAL_Driver/Src/stm32l4xx_hal.o
                                      0xfc5c8 (size before relaxing)
 .debug_str     0x0000000000109704      0x389 ./Drivers/STM32L4xx_HAL_Driver/Src/stm32l4xx_hal_cortex.o
                                      0xfc313 (size before relaxing)
 .debug_str     0x0000000000109a8d      0x158 ./Drivers/STM32L4xx_HAL_Driver/Src/stm32l4xx_hal_gpio.o
                                      0xfbc52 (size before relaxing)
 .debug_str     0x0000000000109be5      0x586 ./Drivers/STM32L4xx_HAL_Driver/Src/stm32l4xx_hal_pwr_ex.o
                                      0xfc075 (size before relaxing)
 .debug_str     0x000000000010a16b      0x3ee ./Drivers/STM32L4xx_HAL_Driver/Src/stm32l4xx_hal_rcc.o
                                      0xfc0b3 (size before relaxing)
 .debug_str     0x000000000010a559      0xe71 ./Drivers/STM32L4xx_HAL_Driver/Src/stm32l4xx_hal_tim.o
                                      0xfce0b (size before relaxing)
 .debug_str     0x000000000010b3ca      0x65b ./Drivers/STM32L4xx_HAL_Driver/Src/stm32l4xx_hal_tim_ex.o
                                      0xfc6dd (size before relaxing)
 .debug_str     0x000000000010ba25      0x28e ./ThirdParty/FreeRTOS/list.o
                                       0xecf6 (size before relaxing)
 .debug_str     0x000000000010bcb3     0x1048 ./ThirdParty/FreeRTOS/queue.o
                                      0x10fbe (size before relaxing)
 .debug_str     0x000000000010ccfb     0x1cc4 ./ThirdParty/FreeRTOS/tasks.o
                                      0x11e0e (size before relaxing)
 .debug_str     0x000000000010e9bf      0x51d ./ThirdParty/FreeRTOS/timers.o
                                      0x1139e (size before relaxing)
 .debug_str     0x000000000010eedc      0x7fb ./ThirdParty/FreeRTOS/portable/GCC/ARM_CM4F/port.o
                                       0xd3c8 (size before relaxing)
 .debug_str     0x000000000010f6d7      0x327 ./ThirdParty/FreeRTOS/portable/MemMang/heap_4.o
                                      0x10170 (size before relaxing)
 .debug_str     0x000000000010f9fe      0x16e ./ThirdParty/SEGGER/Config/SEGGER_SYSVIEW_Config_FreeRTOS.o
                                       0xb273 (size before relaxing)
 .debug_str     0x000000000010fb6c       0xf5 ./ThirdParty/SEGGER/OS/SEGGER_SYSVIEW_FreeRTOS.o
                                       0xfecf (size before relaxing)
 .debug_str     0x000000000010fc61     0x1057 ./ThirdParty/SEGGER/Rec/segger_uart.o
                                     0x101b8a (size before relaxing)
 .debug_str     0x0000000000110cb8      0x6da ./ThirdParty/SEGGER/SEGGER/SEGGER_RTT.o
                                       0x7c65 (size before relaxing)
 .debug_str     0x0000000000111392       0x34 ./ThirdParty/SEGGER/SEGGER/SEGGER_RTT_ASM_ARMv7M.o
                                         0x94 (size before relaxing)
 .debug_str     0x00000000001113c6      0xf4e ./ThirdParty/SEGGER/SEGGER/SEGGER_SYSVIEW.o
                                       0x9c1b (size before relaxing)

.comment        0x0000000000000000       0x53
 .comment       0x0000000000000000       0x53 ./Core/Src/main.o
                                         0x54 (size before relaxing)
 .comment       0x0000000000000053       0x54 ./Core/Src/stm32l4xx_hal_msp.o
 .comment       0x0000000000000053       0x54 ./Core/Src/stm32l4xx_hal_timebase_tim.o
 .comment       0x0000000000000053       0x54 ./Core/Src/stm32l4xx_it.o
 .comment       0x0000000000000053       0x54 ./Core/Src/system_stm32l4xx.o
 .comment       0x0000000000000053       0x54 ./Drivers/STM32L4xx_HAL_Driver/Src/stm32l4xx_hal.o
 .comment       0x0000000000000053       0x54 ./Drivers/STM32L4xx_HAL_Driver/Src/stm32l4xx_hal_cortex.o
 .comment       0x0000000000000053       0x54 ./Drivers/STM32L4xx_HAL_Driver/Src/stm32l4xx_hal_gpio.o
 .comment       0x0000000000000053       0x54 ./Drivers/STM32L4xx_HAL_Driver/Src/stm32l4xx_hal_pwr_ex.o
 .comment       0x0000000000000053       0x54 ./Drivers/STM32L4xx_HAL_Driver/Src/stm32l4xx_hal_rcc.o
 .comment       0x0000000000000053       0x54 ./Drivers/STM32L4xx_HAL_Driver/Src/stm32l4xx_hal_tim.o
 .comment       0x0000000000000053       0x54 ./Drivers/STM32L4xx_HAL_Driver/Src/stm32l4xx_hal_tim_ex.o
 .comment       0x0000000000000053       0x54 ./ThirdParty/FreeRTOS/list.o
 .comment       0x0000000000000053       0x54 ./ThirdParty/FreeRTOS/queue.o
 .comment       0x0000000000000053       0x54 ./ThirdParty/FreeRTOS/tasks.o
 .comment       0x0000000000000053       0x54 ./ThirdParty/FreeRTOS/timers.o
 .comment       0x0000000000000053       0x54 ./ThirdParty/FreeRTOS/portable/GCC/ARM_CM4F/port.o
 .comment       0x0000000000000053       0x54 ./ThirdParty/FreeRTOS/portable/MemMang/heap_4.o
 .comment       0x0000000000000053       0x54 ./ThirdParty/SEGGER/Config/SEGGER_SYSVIEW_Config_FreeRTOS.o
 .comment       0x0000000000000053       0x54 ./ThirdParty/SEGGER/OS/SEGGER_SYSVIEW_FreeRTOS.o
 .comment       0x0000000000000053       0x54 ./ThirdParty/SEGGER/Rec/segger_uart.o
 .comment       0x0000000000000053       0x54 ./ThirdParty/SEGGER/SEGGER/SEGGER_RTT.o
 .comment       0x0000000000000053       0x54 ./ThirdParty/SEGGER/SEGGER/SEGGER_SYSVIEW.o

.debug_frame    0x0000000000000000     0x5860
 .debug_frame   0x0000000000000000      0x158 ./Core/Src/main.o
 .debug_frame   0x0000000000000158       0x34 ./Core/Src/stm32l4xx_hal_msp.o
 .debug_frame   0x000000000000018c       0x74 ./Core/Src/stm32l4xx_hal_timebase_tim.o
 .debug_frame   0x0000000000000200       0xc4 ./Core/Src/stm32l4xx_it.o
 .debug_frame   0x00000000000002c4       0x58 ./Core/Src/system_stm32l4xx.o
 .debug_frame   0x000000000000031c      0x498 ./Drivers/STM32L4xx_HAL_Driver/Src/stm32l4xx_hal.o
 .debug_frame   0x00000000000007b4      0x498 ./Drivers/STM32L4xx_HAL_Driver/Src/stm32l4xx_hal_cortex.o
 .debug_frame   0x0000000000000c4c      0x14c ./Drivers/STM32L4xx_HAL_Driver/Src/stm32l4xx_hal_gpio.o
 .debug_frame   0x0000000000000d98      0x5c4 ./Drivers/STM32L4xx_HAL_Driver/Src/stm32l4xx_hal_pwr_ex.o
 .debug_frame   0x000000000000135c      0x248 ./Drivers/STM32L4xx_HAL_Driver/Src/stm32l4xx_hal_rcc.o
 .debug_frame   0x00000000000015a4     0x121c ./Drivers/STM32L4xx_HAL_Driver/Src/stm32l4xx_hal_tim.o
 .debug_frame   0x00000000000027c0      0x6b0 ./Drivers/STM32L4xx_HAL_Driver/Src/stm32l4xx_hal_tim_ex.o
 .debug_frame   0x0000000000002e70       0xd8 ./ThirdParty/FreeRTOS/list.o
 .debug_frame   0x0000000000002f48      0x544 ./ThirdParty/FreeRTOS/queue.o
 .debug_frame   0x000000000000348c      0x8fc ./ThirdParty/FreeRTOS/tasks.o
 .debug_frame   0x0000000000003d88      0x38c ./ThirdParty/FreeRTOS/timers.o
 .debug_frame   0x0000000000004114      0x1d0 ./ThirdParty/FreeRTOS/portable/GCC/ARM_CM4F/port.o
 .debug_frame   0x00000000000042e4      0x12c ./ThirdParty/FreeRTOS/portable/MemMang/heap_4.o
 .debug_frame   0x0000000000004410       0x48 ./ThirdParty/SEGGER/Config/SEGGER_SYSVIEW_Config_FreeRTOS.o
 .debug_frame   0x0000000000004458       0xfc ./ThirdParty/SEGGER/OS/SEGGER_SYSVIEW_FreeRTOS.o
 .debug_frame   0x0000000000004554      0x178 ./ThirdParty/SEGGER/Rec/segger_uart.o
 .debug_frame   0x00000000000046cc      0x530 ./ThirdParty/SEGGER/SEGGER/SEGGER_RTT.o
 .debug_frame   0x0000000000004bfc      0xbc4 ./ThirdParty/SEGGER/SEGGER/SEGGER_SYSVIEW.o