02:08:01 **** Incremental Build of configuration Debug for project 003Queues ****
make -j8 all 
arm-none-eabi-gcc "../Core/Src/main.c" -mcpu=cortex-m4 -std=gnu11 -g3 -DDEBUG -DUSE_HAL_DRIVER -DSTM32L4R5xx -c -I../Core/Inc -I../Drivers/STM32L4xx_HAL_Driver/Inc -I../Drivers/STM32L4xx_HAL_Driver/Inc/Legacy -I../Drivers/CMSIS/Device/ST/STM32L4xx/Include -I../Drivers/CMSIS/Include -I"C:/Users/bystr/Embedded_FreeRTOS/Mastering-FreeRTOS/Workspace/002LED_Blinky/ThirdParty/FreeRTOS/include" -I"C:/Users/bystr/Embedded_FreeRTOS/Mastering-FreeRTOS/Workspace/002LED_Blinky/ThirdParty/FreeRTOS/portable" -I"C:/Users/bystr/Embedded_FreeRTOS/Mastering-FreeRTOS/Workspace/002LED_Blinky/ThirdParty/FreeRTOS/portable/GCC/ARM_CM4F" -I"C:/Users/bystr/Embedded_FreeRTOS/Mastering-FreeRTOS/Workspace/002LED_Blinky/ThirdParty/SEGGER/SEGGER" -I"C:/Users/bystr/Embedded_FreeRTOS/Mastering-FreeRTOS/Workspace/002LED_Blinky/ThirdParty/SEGGER" -I"C:/Users/bystr/Embedded_FreeRTOS/Mastering-FreeRTOS/Workspace/002LED_Blinky/ThirdParty/SEGGER/OS" -I"C:/Users/bystr/Embedded_FreeRTOS/Mastering-FreeRTOS/Workspace/002LED_Blinky/ThirdParty/SEGGER/Config" -O0 -ffunction-sections -fdata-sections -Wall -fstack-usage -MMD -MP -MF"Core/Src/main.d" -MT"Core/Src/main.o" --specs=nano.specs -mfpu=fpv4-sp-d16 -mfloat-abi=hard -mthumb -o "Core/Src/main.o"
arm-none-eabi-gcc "../Core/Src/stm32l4xx_it.c" -mcpu=cortex-m4 -std=gnu11 -g3 -DDEBUG -DUSE_HAL_DRIVER -DSTM32L4R5xx -c -I../Core/Inc -I../Drivers/STM32L4xx_HAL_Driver/Inc -I../Drivers/STM32L4xx_HAL_Driver/Inc/Legacy -I../Drivers/CMSIS/Device/ST/STM32L4xx/Include -I../Drivers/CMSIS/Include -I"C:/Users/bystr/Embedded_FreeRTOS/Mastering-FreeRTOS/Workspace/002LED_Blinky/ThirdParty/FreeRTOS/include" -I"C:/Users/bystr/Embedded_FreeRTOS/Mastering-FreeRTOS/Workspace/002LED_Blinky/ThirdParty/FreeRTOS/portable" -I"C:/Users/bystr/Embedded_FreeRTOS/Mastering-FreeRTOS/Workspace/002LED_Blinky/ThirdParty/FreeRTOS/portable/GCC/ARM_CM4F" -I"C:/Users/bystr/Embedded_FreeRTOS/Mastering-FreeRTOS/Workspace/002LED_Blinky/ThirdParty/SEGGER/SEGGER" -I"C:/Users/bystr/Embedded_FreeRTOS/Mastering-FreeRTOS/Workspace/002LED_Blinky/ThirdParty/SEGGER" -I"C:/Users/bystr/Embedded_FreeRTOS/Mastering-FreeRTOS/Workspace/002LED_Blinky/ThirdParty/SEGGER/OS" -I"C:/Users/bystr/Embedded_FreeRTOS/Mastering-FreeRTOS/Workspace/002LED_Blinky/ThirdParty/SEGGER/Config" -O0 -ffunction-sections -fdata-sections -Wall -fstack-usage -MMD -MP -MF"Core/Src/stm32l4xx_it.d" -MT"Core/Src/stm32l4xx_it.o" --specs=nano.specs -mfpu=fpv4-sp-d16 -mfloat-abi=hard -mthumb -o "Core/Src/stm32l4xx_it.o"
arm-none-eabi-gcc -o "003Queues.elf" @"objects.list"   -mcpu=cortex-m4 -T"C:\Users\bystr\Embedded_FreeRTOS\Mastering-FreeRTOS\Workspace\003Queues\STM32L4R5ZITX_FLASH.ld" -Wl,-Map="003Queues.map" -Wl,--gc-sections -static --specs=nano.specs -mfpu=fpv4-sp-d16 -mfloat-abi=hard -mthumb -Wl,--start-group -lc -lm -Wl,--end-group
Finished building target: 003Queues.elf
 
arm-none-eabi-size   003Queues.elf 
arm-none-eabi-objdump -h -S  003Queues.elf  > "003Queues.list"
arm-none-eabi-objcopy  -O binary  003Queues.elf  "003Queues.bin"
   text	   data	    bss	    dec	    hex	filename
  41816	     28	 117604	 159448	  26ed8	003Queues.elf
Finished building: default.size.stdout
 
Finished building: 003Queues.bin
 
Finished building: 003Queues.list
 

02:08:04 Build Finished. 0 errors, 0 warnings. (took 3s.165ms)

