Archive member included to satisfy reference by file (symbol)

c:/st/stm32cubeide_1.8.0/stm32cubeide/plugins/com.st.stm32cube.ide.mcu.externaltools.gnu-tools-for-stm32.9-2020-q2-update.win32_2.0.0.202105311346/tools/bin/../lib/gcc/arm-none-eabi/9.3.1/../../../../arm-none-eabi/lib/thumb/v7e-m+fp/hard\libc_nano.a(lib_a-errno.o)
                              ./Core/Src/syscalls.o (__errno)
c:/st/stm32cubeide_1.8.0/stm32cubeide/plugins/com.st.stm32cube.ide.mcu.externaltools.gnu-tools-for-stm32.9-2020-q2-update.win32_2.0.0.202105311346/tools/bin/../lib/gcc/arm-none-eabi/9.3.1/../../../../arm-none-eabi/lib/thumb/v7e-m+fp/hard\libc_nano.a(lib_a-exit.o)
                              c:/st/stm32cubeide_1.8.0/stm32cubeide/plugins/com.st.stm32cube.ide.mcu.externaltools.gnu-tools-for-stm32.9-2020-q2-update.win32_2.0.0.202105311346/tools/bin/../lib/gcc/arm-none-eabi/9.3.1/../../../../arm-none-eabi/lib/thumb/v7e-m+fp/hard/crt0.o (exit)
c:/st/stm32cubeide_1.8.0/stm32cubeide/plugins/com.st.stm32cube.ide.mcu.externaltools.gnu-tools-for-stm32.9-2020-q2-update.win32_2.0.0.202105311346/tools/bin/../lib/gcc/arm-none-eabi/9.3.1/../../../../arm-none-eabi/lib/thumb/v7e-m+fp/hard\libc_nano.a(lib_a-impure.o)
                              c:/st/stm32cubeide_1.8.0/stm32cubeide/plugins/com.st.stm32cube.ide.mcu.externaltools.gnu-tools-for-stm32.9-2020-q2-update.win32_2.0.0.202105311346/tools/bin/../lib/gcc/arm-none-eabi/9.3.1/../../../../arm-none-eabi/lib/thumb/v7e-m+fp/hard\libc_nano.a(lib_a-exit.o) (_global_impure_ptr)
c:/st/stm32cubeide_1.8.0/stm32cubeide/plugins/com.st.stm32cube.ide.mcu.externaltools.gnu-tools-for-stm32.9-2020-q2-update.win32_2.0.0.202105311346/tools/bin/../lib/gcc/arm-none-eabi/9.3.1/../../../../arm-none-eabi/lib/thumb/v7e-m+fp/hard\libc_nano.a(lib_a-init.o)
                              c:/st/stm32cubeide_1.8.0/stm32cubeide/plugins/com.st.stm32cube.ide.mcu.externaltools.gnu-tools-for-stm32.9-2020-q2-update.win32_2.0.0.202105311346/tools/bin/../lib/gcc/arm-none-eabi/9.3.1/../../../../arm-none-eabi/lib/thumb/v7e-m+fp/hard/crt0.o (__libc_init_array)
c:/st/stm32cubeide_1.8.0/stm32cubeide/plugins/com.st.stm32cube.ide.mcu.externaltools.gnu-tools-for-stm32.9-2020-q2-update.win32_2.0.0.202105311346/tools/bin/../lib/gcc/arm-none-eabi/9.3.1/../../../../arm-none-eabi/lib/thumb/v7e-m+fp/hard\libc_nano.a(lib_a-memcmp.o)
                              ./common/ThirdParty/SEGGER/OS/SEGGER_SYSVIEW_FreeRTOS.o (memcmp)
c:/st/stm32cubeide_1.8.0/stm32cubeide/plugins/com.st.stm32cube.ide.mcu.externaltools.gnu-tools-for-stm32.9-2020-q2-update.win32_2.0.0.202105311346/tools/bin/../lib/gcc/arm-none-eabi/9.3.1/../../../../arm-none-eabi/lib/thumb/v7e-m+fp/hard\libc_nano.a(lib_a-memcpy-stub.o)
                              ./common/ThirdParty/FreeRTOS/queue.o (memcpy)
c:/st/stm32cubeide_1.8.0/stm32cubeide/plugins/com.st.stm32cube.ide.mcu.externaltools.gnu-tools-for-stm32.9-2020-q2-update.win32_2.0.0.202105311346/tools/bin/../lib/gcc/arm-none-eabi/9.3.1/../../../../arm-none-eabi/lib/thumb/v7e-m+fp/hard\libc_nano.a(lib_a-memset.o)
                              c:/st/stm32cubeide_1.8.0/stm32cubeide/plugins/com.st.stm32cube.ide.mcu.externaltools.gnu-tools-for-stm32.9-2020-q2-update.win32_2.0.0.202105311346/tools/bin/../lib/gcc/arm-none-eabi/9.3.1/../../../../arm-none-eabi/lib/thumb/v7e-m+fp/hard/crt0.o (memset)
c:/st/stm32cubeide_1.8.0/stm32cubeide/plugins/com.st.stm32cube.ide.mcu.externaltools.gnu-tools-for-stm32.9-2020-q2-update.win32_2.0.0.202105311346/tools/bin/../lib/gcc/arm-none-eabi/9.3.1/../../../../arm-none-eabi/lib/thumb/v7e-m+fp/hard\libc_nano.a(lib_a-strlen.o)
                              ./common/ThirdParty/SEGGER/SEGGER/SEGGER_RTT.o (strlen)

Allocating common symbols
Common symbol       size              file

SEGGER_SYSVIEW_InterruptId
                    0x4               ./common/ThirdParty/SEGGER/SEGGER/SEGGER_SYSVIEW.o
task_to_delete      0x4               ./Core/Src/main.o
handle_button       0x4               ./Core/Src/main.o
SEGGER_SYSVIEW_TickCnt
                    0x4               ./common/ThirdParty/SEGGER/SEGGER/SEGGER_SYSVIEW.o
handle_LED_blue     0x4               ./Core/Src/main.o
uwTick              0x4               ./Drivers/STM32L4xx_HAL_Driver/Src/stm32l4xx_hal.o
xQueueRegistry      0x40              ./common/ThirdParty/FreeRTOS/queue.o
handle_LED_green    0x4               ./Core/Src/main.o
htim6               0x4c              ./Core/Src/stm32l4xx_hal_timebase_tim.o
handle_LED_red      0x4               ./Core/Src/main.o
_SEGGER_RTT         0xa8              ./common/ThirdParty/SEGGER/SEGGER/SEGGER_RTT.o

Discarded input sections

 .text          0x0000000000000000        0x0 c:/st/stm32cubeide_1.8.0/stm32cubeide/plugins/com.st.stm32cube.ide.mcu.externaltools.gnu-tools-for-stm32.9-2020-q2-update.win32_2.0.0.202105311346/tools/bin/../lib/gcc/arm-none-eabi/9.3.1/thumb/v7e-m+fp/hard/crti.o
[...]
Memory Configuration

Name             Origin             Length             Attributes
RAM              0x0000000020000000 0x00000000000a0000 xrw
RAM2             0x0000000010000000 0x0000000000010000 xrw
RAM3             0x0000000020040000 0x0000000000060000 xrw
FLASH            0x0000000008000000 0x0000000000200000 xr
*default*        0x0000000000000000 0xffffffffffffffff

Linker script and memory map

LOAD c:/st/stm32cubeide_1.8.0/stm32cubeide/plugins/com.st.stm32cube.ide.mcu.externaltools.gnu-tools-for-stm32.9-2020-q2-update.win32_2.0.0.202105311346/tools/bin/../lib/gcc/arm-none-eabi/9.3.1/thumb/v7e-m+fp/hard/crti.o
LOAD c:/st/stm32cubeide_1.8.0/stm32cubeide/plugins/com.st.stm32cube.ide.mcu.externaltools.gnu-tools-for-stm32.9-2020-q2-update.win32_2.0.0.202105311346/tools/bin/../lib/gcc/arm-none-eabi/9.3.1/thumb/v7e-m+fp/hard/crtbegin.o
LOAD c:/st/stm32cubeide_1.8.0/stm32cubeide/plugins/com.st.stm32cube.ide.mcu.externaltools.gnu-tools-for-stm32.9-2020-q2-update.win32_2.0.0.202105311346/tools/bin/../lib/gcc/arm-none-eabi/9.3.1/../../../../arm-none-eabi/lib/thumb/v7e-m+fp/hard/crt0.o
LOAD ./Core/Src/main.o
LOAD ./Core/Src/stm32l4xx_hal_msp.o
LOAD ./Core/Src/stm32l4xx_hal_timebase_tim.o
LOAD ./Core/Src/stm32l4xx_it.o
LOAD ./Core/Src/syscalls.o
LOAD ./Core/Src/sysmem.o
LOAD ./Core/Src/system_stm32l4xx.o
LOAD ./Core/Startup/startup_stm32l4r5zitx.o
LOAD ./Drivers/STM32L4xx_HAL_Driver/Src/stm32l4xx_hal.o
LOAD ./Drivers/STM32L4xx_HAL_Driver/Src/stm32l4xx_hal_cortex.o
LOAD ./Drivers/STM32L4xx_HAL_Driver/Src/stm32l4xx_hal_dma.o
LOAD ./Drivers/STM32L4xx_HAL_Driver/Src/stm32l4xx_hal_dma_ex.o
LOAD ./Drivers/STM32L4xx_HAL_Driver/Src/stm32l4xx_hal_exti.o
LOAD ./Drivers/STM32L4xx_HAL_Driver/Src/stm32l4xx_hal_flash.o
LOAD ./Drivers/STM32L4xx_HAL_Driver/Src/stm32l4xx_hal_flash_ex.o
LOAD ./Drivers/STM32L4xx_HAL_Driver/Src/stm32l4xx_hal_flash_ramfunc.o
LOAD ./Drivers/STM32L4xx_HAL_Driver/Src/stm32l4xx_hal_gpio.o
LOAD ./Drivers/STM32L4xx_HAL_Driver/Src/stm32l4xx_hal_i2c.o
LOAD ./Drivers/STM32L4xx_HAL_Driver/Src/stm32l4xx_hal_i2c_ex.o
LOAD ./Drivers/STM32L4xx_HAL_Driver/Src/stm32l4xx_hal_pwr.o
LOAD ./Drivers/STM32L4xx_HAL_Driver/Src/stm32l4xx_hal_pwr_ex.o
LOAD ./Drivers/STM32L4xx_HAL_Driver/Src/stm32l4xx_hal_rcc.o
LOAD ./Drivers/STM32L4xx_HAL_Driver/Src/stm32l4xx_hal_rcc_ex.o
LOAD ./Drivers/STM32L4xx_HAL_Driver/Src/stm32l4xx_hal_tim.o
LOAD ./Drivers/STM32L4xx_HAL_Driver/Src/stm32l4xx_hal_tim_ex.o
LOAD ./common/ThirdParty/FreeRTOS/croutine.o
LOAD ./common/ThirdParty/FreeRTOS/event_groups.o
LOAD ./common/ThirdParty/FreeRTOS/list.o
LOAD ./common/ThirdParty/FreeRTOS/queue.o
LOAD ./common/ThirdParty/FreeRTOS/stream_buffer.o
LOAD ./common/ThirdParty/FreeRTOS/tasks.o
LOAD ./common/ThirdParty/FreeRTOS/timers.o
LOAD ./common/ThirdParty/FreeRTOS/portable/GCC/ARM_CM4F/port.o
LOAD ./common/ThirdParty/FreeRTOS/portable/MemMang/heap_4.o
LOAD ./common/ThirdParty/SEGGER/Config/SEGGER_SYSVIEW_Config_FreeRTOS.o
LOAD ./common/ThirdParty/SEGGER/OS/SEGGER_SYSVIEW_FreeRTOS.o
LOAD ./common/ThirdParty/SEGGER/SEGGER/SEGGER_RTT.o
LOAD ./common/ThirdParty/SEGGER/SEGGER/SEGGER_RTT_ASM_ARMv7M.o
LOAD ./common/ThirdParty/SEGGER/SEGGER/SEGGER_RTT_printf.o
LOAD ./common/ThirdParty/SEGGER/SEGGER/SEGGER_SYSVIEW.o
LOAD ./common/ThirdParty/SEGGER/SEGGER/Syscalls/SEGGER_RTT_Syscalls_GCC.o
START GROUP
LOAD c:/st/stm32cubeide_1.8.0/stm32cubeide/plugins/com.st.stm32cube.ide.mcu.externaltools.gnu-tools-for-stm32.9-2020-q2-update.win32_2.0.0.202105311346/tools/bin/../lib/gcc/arm-none-eabi/9.3.1/../../../../arm-none-eabi/lib/thumb/v7e-m+fp/hard\libstdc++_nano.a
LOAD c:/st/stm32cubeide_1.8.0/stm32cubeide/plugins/com.st.stm32cube.ide.mcu.externaltools.gnu-tools-for-stm32.9-2020-q2-update.win32_2.0.0.202105311346/tools/bin/../lib/gcc/arm-none-eabi/9.3.1/../../../../arm-none-eabi/lib/thumb/v7e-m+fp/hard\libsupc++_nano.a
END GROUP
LOAD c:/st/stm32cubeide_1.8.0/stm32cubeide/plugins/com.st.stm32cube.ide.mcu.externaltools.gnu-tools-for-stm32.9-2020-q2-update.win32_2.0.0.202105311346/tools/bin/../lib/gcc/arm-none-eabi/9.3.1/../../../../arm-none-eabi/lib/thumb/v7e-m+fp/hard\libstdc++_nano.a
LOAD c:/st/stm32cubeide_1.8.0/stm32cubeide/plugins/com.st.stm32cube.ide.mcu.externaltools.gnu-tools-for-stm32.9-2020-q2-update.win32_2.0.0.202105311346/tools/bin/../lib/gcc/arm-none-eabi/9.3.1/../../../../arm-none-eabi/lib/thumb/v7e-m+fp/hard\libm.a
LOAD c:/st/stm32cubeide_1.8.0/stm32cubeide/plugins/com.st.stm32cube.ide.mcu.externaltools.gnu-tools-for-stm32.9-2020-q2-update.win32_2.0.0.202105311346/tools/bin/../lib/gcc/arm-none-eabi/9.3.1/../../../../arm-none-eabi/lib/thumb/v7e-m+fp/hard\libc_nano.a
START GROUP
LOAD c:/st/stm32cubeide_1.8.0/stm32cubeide/plugins/com.st.stm32cube.ide.mcu.externaltools.gnu-tools-for-stm32.9-2020-q2-update.win32_2.0.0.202105311346/tools/bin/../lib/gcc/arm-none-eabi/9.3.1/thumb/v7e-m+fp/hard\libgcc.a
LOAD c:/st/stm32cubeide_1.8.0/stm32cubeide/plugins/com.st.stm32cube.ide.mcu.externaltools.gnu-tools-for-stm32.9-2020-q2-update.win32_2.0.0.202105311346/tools/bin/../lib/gcc/arm-none-eabi/9.3.1/../../../../arm-none-eabi/lib/thumb/v7e-m+fp/hard\libc_nano.a
END GROUP
START GROUP
LOAD c:/st/stm32cubeide_1.8.0/stm32cubeide/plugins/com.st.stm32cube.ide.mcu.externaltools.gnu-tools-for-stm32.9-2020-q2-update.win32_2.0.0.202105311346/tools/bin/../lib/gcc/arm-none-eabi/9.3.1/thumb/v7e-m+fp/hard\libgcc.a
LOAD c:/st/stm32cubeide_1.8.0/stm32cubeide/plugins/com.st.stm32cube.ide.mcu.externaltools.gnu-tools-for-stm32.9-2020-q2-update.win32_2.0.0.202105311346/tools/bin/../lib/gcc/arm-none-eabi/9.3.1/../../../../arm-none-eabi/lib/thumb/v7e-m+fp/hard\libc_nano.a
LOAD c:/st/stm32cubeide_1.8.0/stm32cubeide/plugins/com.st.stm32cube.ide.mcu.externaltools.gnu-tools-for-stm32.9-2020-q2-update.win32_2.0.0.202105311346/tools/bin/../lib/gcc/arm-none-eabi/9.3.1/../../../../arm-none-eabi/lib/thumb/v7e-m+fp/hard\libnosys.a
END GROUP
START GROUP
LOAD c:/st/stm32cubeide_1.8.0/stm32cubeide/plugins/com.st.stm32cube.ide.mcu.externaltools.gnu-tools-for-stm32.9-2020-q2-update.win32_2.0.0.202105311346/tools/bin/../lib/gcc/arm-none-eabi/9.3.1/thumb/v7e-m+fp/hard\libgcc.a
LOAD c:/st/stm32cubeide_1.8.0/stm32cubeide/plugins/com.st.stm32cube.ide.mcu.externaltools.gnu-tools-for-stm32.9-2020-q2-update.win32_2.0.0.202105311346/tools/bin/../lib/gcc/arm-none-eabi/9.3.1/../../../../arm-none-eabi/lib/thumb/v7e-m+fp/hard\libc_nano.a
LOAD c:/st/stm32cubeide_1.8.0/stm32cubeide/plugins/com.st.stm32cube.ide.mcu.externaltools.gnu-tools-for-stm32.9-2020-q2-update.win32_2.0.0.202105311346/tools/bin/../lib/gcc/arm-none-eabi/9.3.1/../../../../arm-none-eabi/lib/thumb/v7e-m+fp/hard\libnosys.a
END GROUP
LOAD c:/st/stm32cubeide_1.8.0/stm32cubeide/plugins/com.st.stm32cube.ide.mcu.externaltools.gnu-tools-for-stm32.9-2020-q2-update.win32_2.0.0.202105311346/tools/bin/../lib/gcc/arm-none-eabi/9.3.1/thumb/v7e-m+fp/hard/crtend.o
LOAD c:/st/stm32cubeide_1.8.0/stm32cubeide/plugins/com.st.stm32cube.ide.mcu.externaltools.gnu-tools-for-stm32.9-2020-q2-update.win32_2.0.0.202105311346/tools/bin/../lib/gcc/arm-none-eabi/9.3.1/thumb/v7e-m+fp/hard/crtn.o
                0x00000000200a0000                _estack = (ORIGIN (RAM) + LENGTH (RAM))
                0x0000000000000200                _Min_Heap_Size = 0x200
                0x0000000000000400                _Min_Stack_Size = 0x400

.isr_vector     0x0000000008000000      0x1bc
                0x0000000008000000                . = ALIGN (0x4)
 *(.isr_vector)
 .isr_vector    0x0000000008000000      0x1bc ./Core/Startup/startup_stm32l4r5zitx.o
                0x0000000008000000                g_pfnVectors
                0x00000000080001bc                . = ALIGN (0x4)

.text           0x00000000080001c0     0x74d0
                0x00000000080001c0                . = ALIGN (0x4)
 *(.text)
 .text          0x00000000080001c0       0x40 c:/st/stm32cubeide_1.8.0/stm32cubeide/plugins/com.st.stm32cube.ide.mcu.externaltools.gnu-tools-for-stm32.9-2020-q2-update.win32_2.0.0.202105311346/tools/bin/../lib/gcc/arm-none-eabi/9.3.1/thumb/v7e-m+fp/hard/crtbegin.o
 .text          0x0000000008000200       0x94 ./common/ThirdParty/SEGGER/SEGGER/SEGGER_RTT_ASM_ARMv7M.o
                0x0000000008000200                SEGGER_RTT_ASM_WriteSkipNoLock
 *(.text*)
 .text.main     0x0000000008000294      0x118 ./Core/Src/main.o
                0x0000000008000294                main
 .text.SystemClock_Config
                0x00000000080003ac       0x8c ./Core/Src/main.o
                0x00000000080003ac                SystemClock_Config
 .text.MX_GPIO_Init
                0x0000000008000438       0xc4 ./Core/Src/main.o
 .text.handler_LED_red
                0x00000000080004fc       0x68 ./Core/Src/main.o
 .text.handler_LED_blue
                0x0000000008000564       0x6c ./Core/Src/main.o
 .text.handler_LED_green
                0x00000000080005d0       0x6c ./Core/Src/main.o
 .text.handler_button
                0x000000000800063c       0xfc ./Core/Src/main.o
 .text.NotifyAndSuspend
                0x0000000008000738       0x40 ./Core/Src/main.o
                0x0000000008000738                NotifyAndSuspend
 .text.HAL_TIM_PeriodElapsedCallback
                0x0000000008000778       0x24 ./Core/Src/main.o
                0x0000000008000778                HAL_TIM_PeriodElapsedCallback
 .text.Error_Handler
                0x000000000800079c        0xa ./Core/Src/main.o
                0x000000000800079c                Error_Handler
 *fill*         0x00000000080007a6        0x2 
 .text.HAL_MspInit
                0x00000000080007a8       0x48 ./Core/Src/stm32l4xx_hal_msp.o
                0x00000000080007a8                HAL_MspInit
 .text.HAL_InitTick
                0x00000000080007f0       0xac ./Core/Src/stm32l4xx_hal_timebase_tim.o
                0x00000000080007f0                HAL_InitTick
 .text.NMI_Handler
                0x000000000800089c        0x6 ./Core/Src/stm32l4xx_it.o
                0x000000000800089c                NMI_Handler
 .text.HardFault_Handler
                0x00000000080008a2        0x6 ./Core/Src/stm32l4xx_it.o
                0x00000000080008a2                HardFault_Handler
 .text.MemManage_Handler
                0x00000000080008a8        0x6 ./Core/Src/stm32l4xx_it.o
                0x00000000080008a8                MemManage_Handler
 .text.BusFault_Handler
                0x00000000080008ae        0x6 ./Core/Src/stm32l4xx_it.o
                0x00000000080008ae                BusFault_Handler
 .text.UsageFault_Handler
                0x00000000080008b4        0x6 ./Core/Src/stm32l4xx_it.o
                0x00000000080008b4                UsageFault_Handler
 .text.DebugMon_Handler
                0x00000000080008ba        0xe ./Core/Src/stm32l4xx_it.o
                0x00000000080008ba                DebugMon_Handler
 .text.TIM6_DAC_IRQHandler
                0x00000000080008c8       0x14 ./Core/Src/stm32l4xx_it.o
                0x00000000080008c8                TIM6_DAC_IRQHandler
 .text.SystemInit
                0x00000000080008dc       0x24 ./Core/Src/system_stm32l4xx.o
                0x00000000080008dc                SystemInit
 .text.Reset_Handler
                0x0000000008000900       0x50 ./Core/Startup/startup_stm32l4r5zitx.o
                0x0000000008000900                Reset_Handler
 .text.Default_Handler
                0x0000000008000950        0x2 ./Core/Startup/startup_stm32l4r5zitx.o
                0x0000000008000950                RTC_Alarm_IRQHandler
                0x0000000008000950                EXTI2_IRQHandler
                0x0000000008000950                TIM8_TRG_COM_IRQHandler
                0x0000000008000950                TIM8_CC_IRQHandler
                0x0000000008000950                TIM1_CC_IRQHandler
                0x0000000008000950                TSC_IRQHandler
                0x0000000008000950                TAMP_STAMP_IRQHandler
                0x0000000008000950                EXTI3_IRQHandler
                0x0000000008000950                LPTIM2_IRQHandler
                0x0000000008000950                DFSDM1_FLT1_IRQHandler
                0x0000000008000950                GFXMMU_IRQHandler
                0x0000000008000950                I2C3_ER_IRQHandler
                0x0000000008000950                DFSDM1_FLT2_IRQHandler
                0x0000000008000950                EXTI0_IRQHandler
                0x0000000008000950                I2C2_EV_IRQHandler
                0x0000000008000950                CAN1_RX0_IRQHandler
                0x0000000008000950                FPU_IRQHandler
                0x0000000008000950                TIM1_UP_TIM16_IRQHandler
                0x0000000008000950                LTDC_ER_IRQHandler
                0x0000000008000950                SPI1_IRQHandler
                0x0000000008000950                OCTOSPI1_IRQHandler
                0x0000000008000950                DCMI_IRQHandler
                0x0000000008000950                TIM8_UP_IRQHandler
                0x0000000008000950                OCTOSPI2_IRQHandler
                0x0000000008000950                DMA2_Channel2_IRQHandler
                0x0000000008000950                DMA1_Channel4_IRQHandler
                0x0000000008000950                SAI2_IRQHandler
                0x0000000008000950                ADC1_IRQHandler
                0x0000000008000950                DFSDM1_FLT3_IRQHandler
                0x0000000008000950                USART3_IRQHandler
                0x0000000008000950                DMA1_Channel7_IRQHandler
                0x0000000008000950                CAN1_RX1_IRQHandler
                0x0000000008000950                UART5_IRQHandler
                0x0000000008000950                TIM4_IRQHandler
                0x0000000008000950                DMA2_Channel1_IRQHandler
                0x0000000008000950                I2C1_EV_IRQHandler
                0x0000000008000950                DMAMUX1_OVR_IRQHandler
                0x0000000008000950                DMA1_Channel6_IRQHandler
                0x0000000008000950                UART4_IRQHandler
                0x0000000008000950                DMA2_Channel4_IRQHandler
                0x0000000008000950                TIM3_IRQHandler
                0x0000000008000950                RCC_IRQHandler
                0x0000000008000950                DMA1_Channel1_IRQHandler
                0x0000000008000950                Default_Handler
                0x0000000008000950                DMA2_Channel7_IRQHandler
                0x0000000008000950                EXTI15_10_IRQHandler
                0x0000000008000950                TIM7_IRQHandler
                0x0000000008000950                SDMMC1_IRQHandler
                0x0000000008000950                TIM5_IRQHandler
                0x0000000008000950                I2C3_EV_IRQHandler
                0x0000000008000950                EXTI9_5_IRQHandler
                0x0000000008000950                RTC_WKUP_IRQHandler
                0x0000000008000950                LTDC_IRQHandler
                0x0000000008000950                PVD_PVM_IRQHandler
                0x0000000008000950                SPI2_IRQHandler
                0x0000000008000950                CAN1_TX_IRQHandler
                0x0000000008000950                DMA2_Channel5_IRQHandler
                0x0000000008000950                CRS_IRQHandler
                0x0000000008000950                DMA1_Channel5_IRQHandler
                0x0000000008000950                EXTI4_IRQHandler
                0x0000000008000950                RNG_IRQHandler
                0x0000000008000950                TIM1_TRG_COM_TIM17_IRQHandler
                0x0000000008000950                DMA1_Channel3_IRQHandler
                0x0000000008000950                COMP_IRQHandler
                0x0000000008000950                WWDG_IRQHandler
                0x0000000008000950                I2C4_EV_IRQHandler
                0x0000000008000950                LPUART1_IRQHandler
                0x0000000008000950                DMA2_Channel6_IRQHandler
                0x0000000008000950                TIM2_IRQHandler
                0x0000000008000950                DMA2D_IRQHandler
                0x0000000008000950                EXTI1_IRQHandler
                0x0000000008000950                USART2_IRQHandler
                0x0000000008000950                DFSDM1_FLT0_IRQHandler
                0x0000000008000950                I2C2_ER_IRQHandler
                0x0000000008000950                DMA1_Channel2_IRQHandler
                0x0000000008000950                TIM8_BRK_IRQHandler
                0x0000000008000950                CAN1_SCE_IRQHandler
                0x0000000008000950                FLASH_IRQHandler
                0x0000000008000950                USART1_IRQHandler
                0x0000000008000950                OTG_FS_IRQHandler
                0x0000000008000950                SPI3_IRQHandler
                0x0000000008000950                I2C1_ER_IRQHandler
                0x0000000008000950                FMC_IRQHandler
                0x0000000008000950                LPTIM1_IRQHandler
                0x0000000008000950                I2C4_ER_IRQHandler
                0x0000000008000950                SAI1_IRQHandler
                0x0000000008000950                DMA2_Channel3_IRQHandler
                0x0000000008000950                TIM1_BRK_TIM15_IRQHandler
 .text.HAL_Init
                0x0000000008000952       0x30 ./Drivers/STM32L4xx_HAL_Driver/Src/stm32l4xx_hal.o
                0x0000000008000952                HAL_Init
 *fill*         0x0000000008000982        0x2 
 .text.HAL_IncTick
                0x0000000008000984       0x28 ./Drivers/STM32L4xx_HAL_Driver/Src/stm32l4xx_hal.o
                0x0000000008000984                HAL_IncTick
 .text.HAL_GetTick
                0x00000000080009ac       0x18 ./Drivers/STM32L4xx_HAL_Driver/Src/stm32l4xx_hal.o
                0x00000000080009ac                HAL_GetTick
 .text.__NVIC_SetPriorityGrouping
                0x00000000080009c4       0x48 ./Drivers/STM32L4xx_HAL_Driver/Src/stm32l4xx_hal_cortex.o
 .text.__NVIC_GetPriorityGrouping
                0x0000000008000a0c       0x1c ./Drivers/STM32L4xx_HAL_Driver/Src/stm32l4xx_hal_cortex.o
 .text.__NVIC_EnableIRQ
                0x0000000008000a28       0x3c ./Drivers/STM32L4xx_HAL_Driver/Src/stm32l4xx_hal_cortex.o
 .text.__NVIC_SetPriority
                0x0000000008000a64       0x54 ./Drivers/STM32L4xx_HAL_Driver/Src/stm32l4xx_hal_cortex.o
 .text.NVIC_EncodePriority
                0x0000000008000ab8       0x66 ./Drivers/STM32L4xx_HAL_Driver/Src/stm32l4xx_hal_cortex.o
 .text.HAL_NVIC_SetPriorityGrouping
                0x0000000008000b1e       0x16 ./Drivers/STM32L4xx_HAL_Driver/Src/stm32l4xx_hal_cortex.o
                0x0000000008000b1e                HAL_NVIC_SetPriorityGrouping
 .text.HAL_NVIC_SetPriority
                0x0000000008000b34       0x38 ./Drivers/STM32L4xx_HAL_Driver/Src/stm32l4xx_hal_cortex.o
                0x0000000008000b34                HAL_NVIC_SetPriority
 .text.HAL_NVIC_EnableIRQ
                0x0000000008000b6c       0x1c ./Drivers/STM32L4xx_HAL_Driver/Src/stm32l4xx_hal_cortex.o
                0x0000000008000b6c                HAL_NVIC_EnableIRQ
 .text.HAL_GPIO_Init
                0x0000000008000b88      0x324 ./Drivers/STM32L4xx_HAL_Driver/Src/stm32l4xx_hal_gpio.o
                0x0000000008000b88                HAL_GPIO_Init
 .text.HAL_GPIO_ReadPin
                0x0000000008000eac       0x30 ./Drivers/STM32L4xx_HAL_Driver/Src/stm32l4xx_hal_gpio.o
                0x0000000008000eac                HAL_GPIO_ReadPin
 .text.HAL_GPIO_WritePin
                0x0000000008000edc       0x30 ./Drivers/STM32L4xx_HAL_Driver/Src/stm32l4xx_hal_gpio.o
                0x0000000008000edc                HAL_GPIO_WritePin
 .text.HAL_GPIO_TogglePin
                0x0000000008000f0c       0x34 ./Drivers/STM32L4xx_HAL_Driver/Src/stm32l4xx_hal_gpio.o
                0x0000000008000f0c                HAL_GPIO_TogglePin
 .text.HAL_PWREx_GetVoltageRange
                0x0000000008000f40       0x40 ./Drivers/STM32L4xx_HAL_Driver/Src/stm32l4xx_hal_pwr_ex.o
                0x0000000008000f40                HAL_PWREx_GetVoltageRange
 .text.HAL_PWREx_ControlVoltageScaling
                0x0000000008000f80      0x148 ./Drivers/STM32L4xx_HAL_Driver/Src/stm32l4xx_hal_pwr_ex.o
                0x0000000008000f80                HAL_PWREx_ControlVoltageScaling
 .text.HAL_RCC_OscConfig
                0x00000000080010c8      0x84c ./Drivers/STM32L4xx_HAL_Driver/Src/stm32l4xx_hal_rcc.o
                0x00000000080010c8                HAL_RCC_OscConfig
 .text.HAL_RCC_ClockConfig
                0x0000000008001914      0x258 ./Drivers/STM32L4xx_HAL_Driver/Src/stm32l4xx_hal_rcc.o
                0x0000000008001914                HAL_RCC_ClockConfig
 .text.HAL_RCC_GetSysClockFreq
                0x0000000008001b6c      0x118 ./Drivers/STM32L4xx_HAL_Driver/Src/stm32l4xx_hal_rcc.o
                0x0000000008001b6c                HAL_RCC_GetSysClockFreq
 .text.HAL_RCC_GetHCLKFreq
                0x0000000008001c84       0x18 ./Drivers/STM32L4xx_HAL_Driver/Src/stm32l4xx_hal_rcc.o
                0x0000000008001c84                HAL_RCC_GetHCLKFreq
 .text.HAL_RCC_GetPCLK1Freq
                0x0000000008001c9c       0x2c ./Drivers/STM32L4xx_HAL_Driver/Src/stm32l4xx_hal_rcc.o
                0x0000000008001c9c                HAL_RCC_GetPCLK1Freq
 .text.HAL_RCC_GetClockConfig
                0x0000000008001cc8       0x64 ./Drivers/STM32L4xx_HAL_Driver/Src/stm32l4xx_hal_rcc.o
                0x0000000008001cc8                HAL_RCC_GetClockConfig
 .text.RCC_SetFlashLatencyFromMSIRange
                0x0000000008001d2c       0xb4 ./Drivers/STM32L4xx_HAL_Driver/Src/stm32l4xx_hal_rcc.o
 .text.RCC_GetSysClockFreqFromPLLSource
                0x0000000008001de0       0xd0 ./Drivers/STM32L4xx_HAL_Driver/Src/stm32l4xx_hal_rcc.o
 .text.HAL_TIM_Base_Init
                0x0000000008001eb0       0xae ./Drivers/STM32L4xx_HAL_Driver/Src/stm32l4xx_hal_tim.o
                0x0000000008001eb0                HAL_TIM_Base_Init
 .text.HAL_TIM_Base_MspInit
                0x0000000008001f5e       0x14 ./Drivers/STM32L4xx_HAL_Driver/Src/stm32l4xx_hal_tim.o
                0x0000000008001f5e                HAL_TIM_Base_MspInit
 *fill*         0x0000000008001f72        0x2 
 .text.HAL_TIM_Base_Start_IT
                0x0000000008001f74       0xe0 ./Drivers/STM32L4xx_HAL_Driver/Src/stm32l4xx_hal_tim.o
                0x0000000008001f74                HAL_TIM_Base_Start_IT
 .text.HAL_TIM_IRQHandler
                0x0000000008002054      0x23e ./Drivers/STM32L4xx_HAL_Driver/Src/stm32l4xx_hal_tim.o
                0x0000000008002054                HAL_TIM_IRQHandler
 .text.HAL_TIM_OC_DelayElapsedCallback
                0x0000000008002292       0x14 ./Drivers/STM32L4xx_HAL_Driver/Src/stm32l4xx_hal_tim.o
                0x0000000008002292                HAL_TIM_OC_DelayElapsedCallback
 .text.HAL_TIM_IC_CaptureCallback
                0x00000000080022a6       0x14 ./Drivers/STM32L4xx_HAL_Driver/Src/stm32l4xx_hal_tim.o
                0x00000000080022a6                HAL_TIM_IC_CaptureCallback
 .text.HAL_TIM_PWM_PulseFinishedCallback
                0x00000000080022ba       0x14 ./Drivers/STM32L4xx_HAL_Driver/Src/stm32l4xx_hal_tim.o
                0x00000000080022ba                HAL_TIM_PWM_PulseFinishedCallback
 .text.HAL_TIM_TriggerCallback
                0x00000000080022ce       0x14 ./Drivers/STM32L4xx_HAL_Driver/Src/stm32l4xx_hal_tim.o
                0x00000000080022ce                HAL_TIM_TriggerCallback
 *fill*         0x00000000080022e2        0x2 
 .text.TIM_Base_SetConfig
                0x00000000080022e4      0x134 ./Drivers/STM32L4xx_HAL_Driver/Src/stm32l4xx_hal_tim.o
                0x00000000080022e4                TIM_Base_SetConfig
 .text.HAL_TIMEx_CommutCallback
                0x0000000008002418       0x14 ./Drivers/STM32L4xx_HAL_Driver/Src/stm32l4xx_hal_tim_ex.o
                0x0000000008002418                HAL_TIMEx_CommutCallback
 .text.HAL_TIMEx_BreakCallback
                0x000000000800242c       0x14 ./Drivers/STM32L4xx_HAL_Driver/Src/stm32l4xx_hal_tim_ex.o
                0x000000000800242c                HAL_TIMEx_BreakCallback
 .text.HAL_TIMEx_Break2Callback
                0x0000000008002440       0x14 ./Drivers/STM32L4xx_HAL_Driver/Src/stm32l4xx_hal_tim_ex.o
                0x0000000008002440                HAL_TIMEx_Break2Callback
 .text.vListInitialise
                0x0000000008002454       0x40 ./common/ThirdParty/FreeRTOS/list.o
                0x0000000008002454                vListInitialise
 .text.vListInitialiseItem
                0x0000000008002494       0x1a ./common/ThirdParty/FreeRTOS/list.o
                0x0000000008002494                vListInitialiseItem
 .text.vListInsertEnd
                0x00000000080024ae       0x48 ./common/ThirdParty/FreeRTOS/list.o
                0x00000000080024ae                vListInsertEnd
 .text.vListInsert
                0x00000000080024f6       0x72 ./common/ThirdParty/FreeRTOS/list.o
                0x00000000080024f6                vListInsert
 .text.uxListRemove
                0x0000000008002568       0x54 ./common/ThirdParty/FreeRTOS/list.o
                0x0000000008002568                uxListRemove
 .text.xQueueGenericReset
                0x00000000080025bc       0xd0 ./common/ThirdParty/FreeRTOS/queue.o
                0x00000000080025bc                xQueueGenericReset
 .text.xQueueGenericCreate
                0x000000000800268c       0xbe ./common/ThirdParty/FreeRTOS/queue.o
                0x000000000800268c                xQueueGenericCreate
 .text.prvInitialiseNewQueue
                0x000000000800274a       0x52 ./common/ThirdParty/FreeRTOS/queue.o
 .text.xQueueGenericSend
                0x000000000800279c      0x24c ./common/ThirdParty/FreeRTOS/queue.o
                0x000000000800279c                xQueueGenericSend
 .text.xQueueGenericSendFromISR
                0x00000000080029e8      0x17c ./common/ThirdParty/FreeRTOS/queue.o
                0x00000000080029e8                xQueueGenericSendFromISR
 .text.xQueueReceive
                0x0000000008002b64      0x220 ./common/ThirdParty/FreeRTOS/queue.o
                0x0000000008002b64                xQueueReceive
 .text.prvCopyDataToQueue
                0x0000000008002d84       0xd4 ./common/ThirdParty/FreeRTOS/queue.o
 .text.prvCopyDataFromQueue
                0x0000000008002e58       0x4c ./common/ThirdParty/FreeRTOS/queue.o
 .text.prvUnlockQueue
                0x0000000008002ea4       0xa4 ./common/ThirdParty/FreeRTOS/queue.o
 .text.prvIsQueueEmpty
                0x0000000008002f48       0x2c ./common/ThirdParty/FreeRTOS/queue.o
 .text.prvIsQueueFull
                0x0000000008002f74       0x30 ./common/ThirdParty/FreeRTOS/queue.o
 .text.vQueueAddToRegistry
                0x0000000008002fa4       0x64 ./common/ThirdParty/FreeRTOS/queue.o
                0x0000000008002fa4                vQueueAddToRegistry
 .text.vQueueWaitForMessageRestricted
                0x0000000008003008       0x68 ./common/ThirdParty/FreeRTOS/queue.o
                0x0000000008003008                vQueueWaitForMessageRestricted
 .text.xTaskCreate
                0x0000000008003070       0x82 ./common/ThirdParty/FreeRTOS/tasks.o
                0x0000000008003070                xTaskCreate
 .text.prvInitialiseNewTask
                0x00000000080030f2      0x12c ./common/ThirdParty/FreeRTOS/tasks.o
 *fill*         0x000000000800321e        0x2 
 .text.prvAddNewTaskToReadyList
                0x0000000008003220      0x118 ./common/ThirdParty/FreeRTOS/tasks.o
 .text.xTaskDelayUntil
                0x0000000008003338      0x104 ./common/ThirdParty/FreeRTOS/tasks.o
                0x0000000008003338                xTaskDelayUntil
 .text.vTaskDelay
                0x000000000800343c       0x70 ./common/ThirdParty/FreeRTOS/tasks.o
                0x000000000800343c                vTaskDelay
 .text.vTaskSuspend
                0x00000000080034ac      0x15c ./common/ThirdParty/FreeRTOS/tasks.o
                0x00000000080034ac                vTaskSuspend
 .text.prvTaskIsTaskSuspended
                0x0000000008003608       0x64 ./common/ThirdParty/FreeRTOS/tasks.o
 .text.vTaskResume
                0x000000000800366c       0xd4 ./common/ThirdParty/FreeRTOS/tasks.o
                0x000000000800366c                vTaskResume
 .text.vTaskStartScheduler
                0x0000000008003740       0xc4 ./common/ThirdParty/FreeRTOS/tasks.o
                0x0000000008003740                vTaskStartScheduler
 .text.vTaskSuspendAll
                0x0000000008003804       0x1c ./common/ThirdParty/FreeRTOS/tasks.o
                0x0000000008003804                vTaskSuspendAll
 .text.xTaskResumeAll
                0x0000000008003820      0x140 ./common/ThirdParty/FreeRTOS/tasks.o
                0x0000000008003820                xTaskResumeAll
 .text.xTaskGetTickCount
                0x0000000008003960       0x20 ./common/ThirdParty/FreeRTOS/tasks.o
                0x0000000008003960                xTaskGetTickCount
 .text.xTaskGetTickCountFromISR
                0x0000000008003980       0x24 ./common/ThirdParty/FreeRTOS/tasks.o
                0x0000000008003980                xTaskGetTickCountFromISR
 .text.xTaskIncrementTick
                0x00000000080039a4      0x178 ./common/ThirdParty/FreeRTOS/tasks.o
                0x00000000080039a4                xTaskIncrementTick
 .text.vTaskSwitchContext
                0x0000000008003b1c       0xd4 ./common/ThirdParty/FreeRTOS/tasks.o
                0x0000000008003b1c                vTaskSwitchContext
 .text.vTaskPlaceOnEventList
                0x0000000008003bf0       0x48 ./common/ThirdParty/FreeRTOS/tasks.o
                0x0000000008003bf0                vTaskPlaceOnEventList
 .text.vTaskPlaceOnEventListRestricted
                0x0000000008003c38       0x5c ./common/ThirdParty/FreeRTOS/tasks.o
                0x0000000008003c38                vTaskPlaceOnEventListRestricted
 .text.xTaskRemoveFromEventList
                0x0000000008003c94       0xcc ./common/ThirdParty/FreeRTOS/tasks.o
                0x0000000008003c94                xTaskRemoveFromEventList
 .text.vTaskInternalSetTimeOutState
                0x0000000008003d60       0x2c ./common/ThirdParty/FreeRTOS/tasks.o
                0x0000000008003d60                vTaskInternalSetTimeOutState
 .text.xTaskCheckForTimeOut
                0x0000000008003d8c       0xcc ./common/ThirdParty/FreeRTOS/tasks.o
                0x0000000008003d8c                xTaskCheckForTimeOut
 .text.vTaskMissedYield
                0x0000000008003e58       0x18 ./common/ThirdParty/FreeRTOS/tasks.o
                0x0000000008003e58                vTaskMissedYield
 .text.prvIdleTask
                0x0000000008003e70       0x30 ./common/ThirdParty/FreeRTOS/tasks.o
 .text.prvInitialiseTaskLists
                0x0000000008003ea0       0x80 ./common/ThirdParty/FreeRTOS/tasks.o
 .text.prvCheckTasksWaitingTermination
                0x0000000008003f20       0x5c ./common/ThirdParty/FreeRTOS/tasks.o
 .text.prvDeleteTCB
                0x0000000008003f7c       0x20 ./common/ThirdParty/FreeRTOS/tasks.o
 .text.prvResetNextTaskUnblockTime
                0x0000000008003f9c       0x38 ./common/ThirdParty/FreeRTOS/tasks.o
 .text.xTaskGetSchedulerState
                0x0000000008003fd4       0x3c ./common/ThirdParty/FreeRTOS/tasks.o
                0x0000000008003fd4                xTaskGetSchedulerState
 .text.xTaskPriorityDisinherit
                0x0000000008004010      0x100 ./common/ThirdParty/FreeRTOS/tasks.o
                0x0000000008004010                xTaskPriorityDisinherit
 .text.xTaskGenericNotifyWait
                0x0000000008004110      0x110 ./common/ThirdParty/FreeRTOS/tasks.o
                0x0000000008004110                xTaskGenericNotifyWait
 .text.xTaskGenericNotify
                0x0000000008004220      0x1e4 ./common/ThirdParty/FreeRTOS/tasks.o
                0x0000000008004220                xTaskGenericNotify
 .text.prvAddCurrentTaskToDelayedList
                0x0000000008004404       0xf0 ./common/ThirdParty/FreeRTOS/tasks.o
 .text.xTimerCreateTimerTask
                0x00000000080044f4       0x64 ./common/ThirdParty/FreeRTOS/timers.o
                0x00000000080044f4                xTimerCreateTimerTask
 .text.xTimerGenericCommand
                0x0000000008004558       0x9c ./common/ThirdParty/FreeRTOS/timers.o
                0x0000000008004558                xTimerGenericCommand
 .text.prvProcessExpiredTimer
                0x00000000080045f4       0x98 ./common/ThirdParty/FreeRTOS/timers.o
 .text.prvTimerTask
                0x000000000800468c       0x24 ./common/ThirdParty/FreeRTOS/timers.o
 .text.prvProcessTimerOrBlockTask
                0x00000000080046b0       0x9c ./common/ThirdParty/FreeRTOS/timers.o
 .text.prvGetNextExpireTime
                0x000000000800474c       0x48 ./common/ThirdParty/FreeRTOS/timers.o
 .text.prvSampleTimeNow
                0x0000000008004794       0x40 ./common/ThirdParty/FreeRTOS/timers.o
 .text.prvInsertTimerInActiveList
                0x00000000080047d4       0x84 ./common/ThirdParty/FreeRTOS/timers.o
 .text.prvProcessReceivedCommands
                0x0000000008004858      0x18c ./common/ThirdParty/FreeRTOS/timers.o
 .text.prvSwitchTimerLists
                0x00000000080049e4       0xc8 ./common/ThirdParty/FreeRTOS/timers.o
 .text.prvCheckForValidListAndQueue
                0x0000000008004aac       0x6c ./common/ThirdParty/FreeRTOS/timers.o
 .text.pxPortInitialiseStack
                0x0000000008004b18       0x68 ./common/ThirdParty/FreeRTOS/portable/GCC/ARM_CM4F/port.o
                0x0000000008004b18                pxPortInitialiseStack
 .text.prvTaskExitError
                0x0000000008004b80       0x58 ./common/ThirdParty/FreeRTOS/portable/GCC/ARM_CM4F/port.o
 *fill*         0x0000000008004bd8        0x8 
 .text.SVC_Handler
                0x0000000008004be0       0x28 ./common/ThirdParty/FreeRTOS/portable/GCC/ARM_CM4F/port.o
                0x0000000008004be0                SVC_Handler
 .text.prvPortStartFirstTask
                0x0000000008004c08       0x2c ./common/ThirdParty/FreeRTOS/portable/GCC/ARM_CM4F/port.o
 .text.xPortStartScheduler
                0x0000000008004c34      0x144 ./common/ThirdParty/FreeRTOS/portable/GCC/ARM_CM4F/port.o
                0x0000000008004c34                xPortStartScheduler
 .text.vInitPrioGroupValue
                0x0000000008004d78       0xfc ./common/ThirdParty/FreeRTOS/portable/GCC/ARM_CM4F/port.o
                0x0000000008004d78                vInitPrioGroupValue
 .text.vPortEnterCritical
                0x0000000008004e74       0x60 ./common/ThirdParty/FreeRTOS/portable/GCC/ARM_CM4F/port.o
                0x0000000008004e74                vPortEnterCritical
 .text.vPortExitCritical
                0x0000000008004ed4       0x54 ./common/ThirdParty/FreeRTOS/portable/GCC/ARM_CM4F/port.o
                0x0000000008004ed4                vPortExitCritical
 *fill*         0x0000000008004f28        0x8 
 .text.PendSV_Handler
                0x0000000008004f30       0x68 ./common/ThirdParty/FreeRTOS/portable/GCC/ARM_CM4F/port.o
                0x0000000008004f30                PendSV_Handler
 .text.SysTick_Handler
                0x0000000008004f98       0x54 ./common/ThirdParty/FreeRTOS/portable/GCC/ARM_CM4F/port.o
                0x0000000008004f98                SysTick_Handler
 .text.vPortSetupTimerInterrupt
                0x0000000008004fec       0x34 ./common/ThirdParty/FreeRTOS/portable/GCC/ARM_CM4F/port.o
                0x0000000008004fec                vPortSetupTimerInterrupt
 .text.vPortEnableVFP
                0x0000000008005020       0x18 ./common/ThirdParty/FreeRTOS/portable/GCC/ARM_CM4F/port.o
 .text.vPortValidateInterruptPriority
                0x0000000008005038       0x80 ./common/ThirdParty/FreeRTOS/portable/GCC/ARM_CM4F/port.o
                0x0000000008005038                vPortValidateInterruptPriority
 .text.pvPortMalloc
                0x00000000080050b8      0x1c0 ./common/ThirdParty/FreeRTOS/portable/MemMang/heap_4.o
                0x00000000080050b8                pvPortMalloc
 .text.vPortFree
                0x0000000008005278       0xc4 ./common/ThirdParty/FreeRTOS/portable/MemMang/heap_4.o
                0x0000000008005278                vPortFree
 .text.prvHeapInit
                0x000000000800533c       0xc4 ./common/ThirdParty/FreeRTOS/portable/MemMang/heap_4.o
 .text.prvInsertBlockIntoFreeList
                0x0000000008005400       0xb4 ./common/ThirdParty/FreeRTOS/portable/MemMang/heap_4.o
 .text._cbSendSystemDesc
                0x00000000080054b4       0x1c ./common/ThirdParty/SEGGER/Config/SEGGER_SYSVIEW_Config_FreeRTOS.o
 .text.SEGGER_SYSVIEW_Conf
                0x00000000080054d0       0x28 ./common/ThirdParty/SEGGER/Config/SEGGER_SYSVIEW_Config_FreeRTOS.o
                0x00000000080054d0                SEGGER_SYSVIEW_Conf
 .text._cbSendTaskList
                0x00000000080054f8       0x90 ./common/ThirdParty/SEGGER/OS/SEGGER_SYSVIEW_FreeRTOS.o
 .text._cbGetTime
                0x0000000008005588       0x90 ./common/ThirdParty/SEGGER/OS/SEGGER_SYSVIEW_FreeRTOS.o
 .text.SYSVIEW_AddTask
                0x0000000008005618       0xd0 ./common/ThirdParty/SEGGER/OS/SEGGER_SYSVIEW_FreeRTOS.o
                0x0000000008005618                SYSVIEW_AddTask
 .text.SYSVIEW_SendTaskInfo
                0x00000000080056e8       0x42 ./common/ThirdParty/SEGGER/OS/SEGGER_SYSVIEW_FreeRTOS.o
                0x00000000080056e8                SYSVIEW_SendTaskInfo
 *fill*         0x000000000800572a        0x2 
 .text._DoInit  0x000000000800572c       0xb0 ./common/ThirdParty/SEGGER/SEGGER/SEGGER_RTT.o
 .text.SEGGER_RTT_ReadNoLock
                0x00000000080057dc      0x10c ./common/ThirdParty/SEGGER/SEGGER/SEGGER_RTT.o
                0x00000000080057dc                SEGGER_RTT_ReadNoLock
 .text.SEGGER_RTT_AllocUpBuffer
                0x00000000080058e8      0x108 ./common/ThirdParty/SEGGER/SEGGER/SEGGER_RTT.o
                0x00000000080058e8                SEGGER_RTT_AllocUpBuffer
 .text.SEGGER_RTT_ConfigDownBuffer
                0x00000000080059f0       0x98 ./common/ThirdParty/SEGGER/SEGGER/SEGGER_RTT.o
                0x00000000080059f0                SEGGER_RTT_ConfigDownBuffer
 .text._EncodeStr
                0x0000000008005a88       0xa0 ./common/ThirdParty/SEGGER/SEGGER/SEGGER_SYSVIEW.o
 .text._PreparePacket
                0x0000000008005b28       0x18 ./common/ThirdParty/SEGGER/SEGGER/SEGGER_SYSVIEW.o
 .text._HandleIncomingPacket
                0x0000000008005b40       0xe4 ./common/ThirdParty/SEGGER/SEGGER/SEGGER_SYSVIEW.o
 .text._TrySendOverflowPacket
                0x0000000008005c24       0xe4 ./common/ThirdParty/SEGGER/SEGGER/SEGGER_SYSVIEW.o
 .text._SendPacket
                0x0000000008005d08      0x1cc ./common/ThirdParty/SEGGER/SEGGER/SEGGER_SYSVIEW.o
 .text._StoreChar
                0x0000000008005ed4       0xf6 ./common/ThirdParty/SEGGER/SEGGER/SEGGER_SYSVIEW.o
 *fill*         0x0000000008005fca        0x2 
 .text._PrintUnsigned
                0x0000000008005fcc      0x12c ./common/ThirdParty/SEGGER/SEGGER/SEGGER_SYSVIEW.o
 .text._PrintInt
                0x00000000080060f8      0x11e ./common/ThirdParty/SEGGER/SEGGER/SEGGER_SYSVIEW.o
 *fill*         0x0000000008006216        0x2 
 .text._VPrintTarget
                0x0000000008006218      0x3f0 ./common/ThirdParty/SEGGER/SEGGER/SEGGER_SYSVIEW.o
 .text.SEGGER_SYSVIEW_Init
                0x0000000008006608       0x88 ./common/ThirdParty/SEGGER/SEGGER/SEGGER_SYSVIEW.o
                0x0000000008006608                SEGGER_SYSVIEW_Init
 .text.SEGGER_SYSVIEW_SetRAMBase
                0x0000000008006690       0x20 ./common/ThirdParty/SEGGER/SEGGER/SEGGER_SYSVIEW.o
                0x0000000008006690                SEGGER_SYSVIEW_SetRAMBase
 .text.SEGGER_SYSVIEW_RecordVoid
                0x00000000080066b0       0x3c ./common/ThirdParty/SEGGER/SEGGER/SEGGER_SYSVIEW.o
                0x00000000080066b0                SEGGER_SYSVIEW_RecordVoid
 .text.SEGGER_SYSVIEW_RecordU32
                0x00000000080066ec       0x78 ./common/ThirdParty/SEGGER/SEGGER/SEGGER_SYSVIEW.o
                0x00000000080066ec                SEGGER_SYSVIEW_RecordU32
 .text.SEGGER_SYSVIEW_RecordU32x2
                0x0000000008006764       0xb4 ./common/ThirdParty/SEGGER/SEGGER/SEGGER_SYSVIEW.o
                0x0000000008006764                SEGGER_SYSVIEW_RecordU32x2
 .text.SEGGER_SYSVIEW_RecordU32x3
                0x0000000008006818       0xec ./common/ThirdParty/SEGGER/SEGGER/SEGGER_SYSVIEW.o
                0x0000000008006818                SEGGER_SYSVIEW_RecordU32x3
 .text.SEGGER_SYSVIEW_RecordU32x4
                0x0000000008006904      0x124 ./common/ThirdParty/SEGGER/SEGGER/SEGGER_SYSVIEW.o
                0x0000000008006904                SEGGER_SYSVIEW_RecordU32x4
 .text.SEGGER_SYSVIEW_Start
                0x0000000008006a28      0x174 ./common/ThirdParty/SEGGER/SEGGER/SEGGER_SYSVIEW.o
                0x0000000008006a28                SEGGER_SYSVIEW_Start
 .text.SEGGER_SYSVIEW_Stop
                0x0000000008006b9c       0x4c ./common/ThirdParty/SEGGER/SEGGER/SEGGER_SYSVIEW.o
                0x0000000008006b9c                SEGGER_SYSVIEW_Stop
 .text.SEGGER_SYSVIEW_GetSysDesc
                0x0000000008006be8      0x134 ./common/ThirdParty/SEGGER/SEGGER/SEGGER_SYSVIEW.o
                0x0000000008006be8                SEGGER_SYSVIEW_GetSysDesc
 .text.SEGGER_SYSVIEW_SendTaskInfo
                0x0000000008006d1c      0x1c8 ./common/ThirdParty/SEGGER/SEGGER/SEGGER_SYSVIEW.o
                0x0000000008006d1c                SEGGER_SYSVIEW_SendTaskInfo
 .text.SEGGER_SYSVIEW_SendTaskList
                0x0000000008006ee4       0x28 ./common/ThirdParty/SEGGER/SEGGER/SEGGER_SYSVIEW.o
                0x0000000008006ee4                SEGGER_SYSVIEW_SendTaskList
 .text.SEGGER_SYSVIEW_SendSysDesc
                0x0000000008006f0c       0x48 ./common/ThirdParty/SEGGER/SEGGER/SEGGER_SYSVIEW.o
                0x0000000008006f0c                SEGGER_SYSVIEW_SendSysDesc
 .text.SEGGER_SYSVIEW_RecordSystime
                0x0000000008006f54       0x64 ./common/ThirdParty/SEGGER/SEGGER/SEGGER_SYSVIEW.o
                0x0000000008006f54                SEGGER_SYSVIEW_RecordSystime
 .text.SEGGER_SYSVIEW_RecordEnterISR
                0x0000000008006fb8       0x84 ./common/ThirdParty/SEGGER/SEGGER/SEGGER_SYSVIEW.o
                0x0000000008006fb8                SEGGER_SYSVIEW_RecordEnterISR
 .text.SEGGER_SYSVIEW_RecordExitISR
                0x000000000800703c       0x38 ./common/ThirdParty/SEGGER/SEGGER/SEGGER_SYSVIEW.o
                0x000000000800703c                SEGGER_SYSVIEW_RecordExitISR
 .text.SEGGER_SYSVIEW_RecordExitISRToScheduler
                0x0000000008007074       0x38 ./common/ThirdParty/SEGGER/SEGGER/SEGGER_SYSVIEW.o
                0x0000000008007074                SEGGER_SYSVIEW_RecordExitISRToScheduler
 .text.SEGGER_SYSVIEW_OnIdle
                0x00000000080070ac       0x38 ./common/ThirdParty/SEGGER/SEGGER/SEGGER_SYSVIEW.o
                0x00000000080070ac                SEGGER_SYSVIEW_OnIdle
 .text.SEGGER_SYSVIEW_OnTaskCreate
                0x00000000080070e4       0x84 ./common/ThirdParty/SEGGER/SEGGER/SEGGER_SYSVIEW.o
                0x00000000080070e4                SEGGER_SYSVIEW_OnTaskCreate
 .text.SEGGER_SYSVIEW_OnTaskStartExec
                0x0000000008007168       0x84 ./common/ThirdParty/SEGGER/SEGGER/SEGGER_SYSVIEW.o
                0x0000000008007168                SEGGER_SYSVIEW_OnTaskStartExec
 .text.SEGGER_SYSVIEW_OnTaskStartReady
                0x00000000080071ec       0x84 ./common/ThirdParty/SEGGER/SEGGER/SEGGER_SYSVIEW.o
                0x00000000080071ec                SEGGER_SYSVIEW_OnTaskStartReady
 .text.SEGGER_SYSVIEW_OnTaskStopReady
                0x0000000008007270       0xc0 ./common/ThirdParty/SEGGER/SEGGER/SEGGER_SYSVIEW.o
                0x0000000008007270                SEGGER_SYSVIEW_OnTaskStopReady
 .text.SEGGER_SYSVIEW_ShrinkId
                0x0000000008007330       0x20 ./common/ThirdParty/SEGGER/SEGGER/SEGGER_SYSVIEW.o
                0x0000000008007330                SEGGER_SYSVIEW_ShrinkId
 .text.SEGGER_SYSVIEW_SendModule
                0x0000000008007350      0x100 ./common/ThirdParty/SEGGER/SEGGER/SEGGER_SYSVIEW.o
                0x0000000008007350                SEGGER_SYSVIEW_SendModule
 .text.SEGGER_SYSVIEW_SendModuleDescription
                0x0000000008007450       0x3c ./common/ThirdParty/SEGGER/SEGGER/SEGGER_SYSVIEW.o
                0x0000000008007450                SEGGER_SYSVIEW_SendModuleDescription
 .text.SEGGER_SYSVIEW_SendNumModules
                0x000000000800748c       0x7c ./common/ThirdParty/SEGGER/SEGGER/SEGGER_SYSVIEW.o
                0x000000000800748c                SEGGER_SYSVIEW_SendNumModules
 .text.SEGGER_SYSVIEW_PrintfTarget
                0x0000000008007508       0x28 ./common/ThirdParty/SEGGER/SEGGER/SEGGER_SYSVIEW.o
                0x0000000008007508                SEGGER_SYSVIEW_PrintfTarget
 .text.SEGGER_SYSVIEW_Warn
                0x0000000008007530       0xb8 ./common/ThirdParty/SEGGER/SEGGER/SEGGER_SYSVIEW.o
                0x0000000008007530                SEGGER_SYSVIEW_Warn
 .text.__libc_init_array
                0x00000000080075e8       0x48 c:/st/stm32cubeide_1.8.0/stm32cubeide/plugins/com.st.stm32cube.ide.mcu.externaltools.gnu-tools-for-stm32.9-2020-q2-update.win32_2.0.0.202105311346/tools/bin/../lib/gcc/arm-none-eabi/9.3.1/../../../../arm-none-eabi/lib/thumb/v7e-m+fp/hard\libc_nano.a(lib_a-init.o)
                0x00000000080075e8                __libc_init_array
 .text.memcmp   0x0000000008007630       0x1c c:/st/stm32cubeide_1.8.0/stm32cubeide/plugins/com.st.stm32cube.ide.mcu.externaltools.gnu-tools-for-stm32.9-2020-q2-update.win32_2.0.0.202105311346/tools/bin/../lib/gcc/arm-none-eabi/9.3.1/../../../../arm-none-eabi/lib/thumb/v7e-m+fp/hard\libc_nano.a(lib_a-memcmp.o)
                0x0000000008007630                memcmp
 .text.memcpy   0x000000000800764c       0x1c c:/st/stm32cubeide_1.8.0/stm32cubeide/plugins/com.st.stm32cube.ide.mcu.externaltools.gnu-tools-for-stm32.9-2020-q2-update.win32_2.0.0.202105311346/tools/bin/../lib/gcc/arm-none-eabi/9.3.1/../../../../arm-none-eabi/lib/thumb/v7e-m+fp/hard\libc_nano.a(lib_a-memcpy-stub.o)
                0x000000000800764c                memcpy
 .text.memset   0x0000000008007668       0x10 c:/st/stm32cubeide_1.8.0/stm32cubeide/plugins/com.st.stm32cube.ide.mcu.externaltools.gnu-tools-for-stm32.9-2020-q2-update.win32_2.0.0.202105311346/tools/bin/../lib/gcc/arm-none-eabi/9.3.1/../../../../arm-none-eabi/lib/thumb/v7e-m+fp/hard\libc_nano.a(lib_a-memset.o)
                0x0000000008007668                memset
 *(.glue_7)
 .glue_7        0x0000000008007678        0x0 linker stubs
 *(.glue_7t)
 .glue_7t       0x0000000008007678        0x0 linker stubs
 *(.eh_frame)
 .eh_frame      0x0000000008007678        0x0 c:/st/stm32cubeide_1.8.0/stm32cubeide/plugins/com.st.stm32cube.ide.mcu.externaltools.gnu-tools-for-stm32.9-2020-q2-update.win32_2.0.0.202105311346/tools/bin/../lib/gcc/arm-none-eabi/9.3.1/thumb/v7e-m+fp/hard/crtbegin.o
 *(.init)
 .init          0x0000000008007678        0x4 c:/st/stm32cubeide_1.8.0/stm32cubeide/plugins/com.st.stm32cube.ide.mcu.externaltools.gnu-tools-for-stm32.9-2020-q2-update.win32_2.0.0.202105311346/tools/bin/../lib/gcc/arm-none-eabi/9.3.1/thumb/v7e-m+fp/hard/crti.o
                0x0000000008007678                _init
 .init          0x000000000800767c        0x8 c:/st/stm32cubeide_1.8.0/stm32cubeide/plugins/com.st.stm32cube.ide.mcu.externaltools.gnu-tools-for-stm32.9-2020-q2-update.win32_2.0.0.202105311346/tools/bin/../lib/gcc/arm-none-eabi/9.3.1/thumb/v7e-m+fp/hard/crtn.o
 *(.fini)
 .fini          0x0000000008007684        0x4 c:/st/stm32cubeide_1.8.0/stm32cubeide/plugins/com.st.stm32cube.ide.mcu.externaltools.gnu-tools-for-stm32.9-2020-q2-update.win32_2.0.0.202105311346/tools/bin/../lib/gcc/arm-none-eabi/9.3.1/thumb/v7e-m+fp/hard/crti.o
                0x0000000008007684                _fini
 .fini          0x0000000008007688        0x8 c:/st/stm32cubeide_1.8.0/stm32cubeide/plugins/com.st.stm32cube.ide.mcu.externaltools.gnu-tools-for-stm32.9-2020-q2-update.win32_2.0.0.202105311346/tools/bin/../lib/gcc/arm-none-eabi/9.3.1/thumb/v7e-m+fp/hard/crtn.o
                0x0000000008007690                . = ALIGN (0x4)
                0x0000000008007690                _etext = .

.vfp11_veneer   0x0000000008007690        0x0
 .vfp11_veneer  0x0000000008007690        0x0 linker stubs

.v4_bx          0x0000000008007690        0x0
 .v4_bx         0x0000000008007690        0x0 linker stubs

.iplt           0x0000000008007690        0x0
 .iplt          0x0000000008007690        0x0 c:/st/stm32cubeide_1.8.0/stm32cubeide/plugins/com.st.stm32cube.ide.mcu.externaltools.gnu-tools-for-stm32.9-2020-q2-update.win32_2.0.0.202105311346/tools/bin/../lib/gcc/arm-none-eabi/9.3.1/thumb/v7e-m+fp/hard/crtbegin.o

.rodata         0x0000000008007690      0x18c
                0x0000000008007690                . = ALIGN (0x4)
 *(.rodata)
 .rodata        0x0000000008007690       0x3f ./Core/Src/main.o
 *fill*         0x00000000080076cf        0x1 
 .rodata        0x00000000080076d0        0x5 ./common/ThirdParty/FreeRTOS/tasks.o
 *fill*         0x00000000080076d5        0x3 
 .rodata        0x00000000080076d8        0xd ./common/ThirdParty/FreeRTOS/timers.o
 *fill*         0x00000000080076e5        0x3 
 .rodata        0x00000000080076e8       0x4d ./common/ThirdParty/SEGGER/Config/SEGGER_SYSVIEW_Config_FreeRTOS.o
 *fill*         0x0000000008007735        0x3 
 .rodata        0x0000000008007738       0x58 ./common/ThirdParty/SEGGER/OS/SEGGER_SYSVIEW_FreeRTOS.o
 .rodata        0x0000000008007790       0x17 ./common/ThirdParty/SEGGER/SEGGER/SEGGER_RTT.o
 *fill*         0x00000000080077a7        0x1 
 .rodata        0x00000000080077a8        0x8 ./common/ThirdParty/SEGGER/SEGGER/SEGGER_SYSVIEW.o
 *(.rodata*)
 .rodata.AHBPrescTable
                0x00000000080077b0       0x10 ./Core/Src/system_stm32l4xx.o
                0x00000000080077b0                AHBPrescTable
 .rodata.APBPrescTable
                0x00000000080077c0        0x8 ./Core/Src/system_stm32l4xx.o
                0x00000000080077c0                APBPrescTable
 .rodata.MSIRangeTable
                0x00000000080077c8       0x30 ./Core/Src/system_stm32l4xx.o
                0x00000000080077c8                MSIRangeTable
 .rodata.SYSVIEW_X_OS_TraceAPI
                0x00000000080077f8        0x8 ./common/ThirdParty/SEGGER/OS/SEGGER_SYSVIEW_FreeRTOS.o
                0x00000000080077f8                SYSVIEW_X_OS_TraceAPI
 .rodata._abSync
                0x0000000008007800        0xa ./common/ThirdParty/SEGGER/SEGGER/SEGGER_SYSVIEW.o
 *fill*         0x000000000800780a        0x2 
 .rodata._aV2C.7072
                0x000000000800780c       0x10 ./common/ThirdParty/SEGGER/SEGGER/SEGGER_SYSVIEW.o
                0x000000000800781c                . = ALIGN (0x4)

.rel.dyn        0x000000000800781c        0x0
 .rel.iplt      0x000000000800781c        0x0 c:/st/stm32cubeide_1.8.0/stm32cubeide/plugins/com.st.stm32cube.ide.mcu.externaltools.gnu-tools-for-stm32.9-2020-q2-update.win32_2.0.0.202105311346/tools/bin/../lib/gcc/arm-none-eabi/9.3.1/thumb/v7e-m+fp/hard/crtbegin.o

.ARM.extab      0x000000000800781c        0x0
                0x000000000800781c                . = ALIGN (0x4)
 *(.ARM.extab* .gnu.linkonce.armextab.*)
                0x000000000800781c                . = ALIGN (0x4)

.ARM            0x000000000800781c        0x0
                0x000000000800781c                . = ALIGN (0x4)
                0x000000000800781c                __exidx_start = .
 *(.ARM.exidx*)
                0x000000000800781c                __exidx_end = .
                0x000000000800781c                . = ALIGN (0x4)

.preinit_array  0x000000000800781c        0x0
                0x000000000800781c                . = ALIGN (0x4)
                0x000000000800781c                PROVIDE (__preinit_array_start = .)
 *(.preinit_array*)
                0x000000000800781c                PROVIDE (__preinit_array_end = .)
                0x000000000800781c                . = ALIGN (0x4)

.init_array     0x000000000800781c        0x4
                0x000000000800781c                . = ALIGN (0x4)
                0x000000000800781c                PROVIDE (__init_array_start = .)
 *(SORT_BY_NAME(.init_array.*))
 *(.init_array*)
 .init_array    0x000000000800781c        0x4 c:/st/stm32cubeide_1.8.0/stm32cubeide/plugins/com.st.stm32cube.ide.mcu.externaltools.gnu-tools-for-stm32.9-2020-q2-update.win32_2.0.0.202105311346/tools/bin/../lib/gcc/arm-none-eabi/9.3.1/thumb/v7e-m+fp/hard/crtbegin.o
                0x0000000008007820                PROVIDE (__init_array_end = .)
                0x0000000008007820                . = ALIGN (0x4)

.fini_array     0x0000000008007820        0x4
                0x0000000008007820                . = ALIGN (0x4)
                [!provide]                        PROVIDE (__fini_array_start = .)
 *(SORT_BY_NAME(.fini_array.*))
 *(.fini_array*)
 .fini_array    0x0000000008007820        0x4 c:/st/stm32cubeide_1.8.0/stm32cubeide/plugins/com.st.stm32cube.ide.mcu.externaltools.gnu-tools-for-stm32.9-2020-q2-update.win32_2.0.0.202105311346/tools/bin/../lib/gcc/arm-none-eabi/9.3.1/thumb/v7e-m+fp/hard/crtbegin.o
                [!provide]                        PROVIDE (__fini_array_end = .)
                0x0000000008007824                . = ALIGN (0x4)
                0x0000000008007824                _sidata = LOADADDR (.data)

.data           0x0000000020000000       0x14 load address 0x0000000008007824
                0x0000000020000000                . = ALIGN (0x4)
                0x0000000020000000                _sdata = .
 *(.data)
 *(.data*)
 .data.SystemCoreClock
                0x0000000020000000        0x4 ./Core/Src/system_stm32l4xx.o
                0x0000000020000000                SystemCoreClock
 .data.uwTickPrio
                0x0000000020000004        0x4 ./Drivers/STM32L4xx_HAL_Driver/Src/stm32l4xx_hal.o
                0x0000000020000004                uwTickPrio
 .data.uwTickFreq
                0x0000000020000008        0x1 ./Drivers/STM32L4xx_HAL_Driver/Src/stm32l4xx_hal.o
                0x0000000020000008                uwTickFreq
 *fill*         0x0000000020000009        0x3 
 .data.uxTopUsedPriority
                0x000000002000000c        0x4 ./common/ThirdParty/FreeRTOS/tasks.o
                0x000000002000000c                uxTopUsedPriority
 .data.uxCriticalNesting
                0x0000000020000010        0x4 ./common/ThirdParty/FreeRTOS/portable/GCC/ARM_CM4F/port.o
 *(.RamFunc)
 *(.RamFunc*)
                0x0000000020000014                . = ALIGN (0x4)
                0x0000000020000014                _edata = .

.igot.plt       0x0000000020000014        0x0 load address 0x0000000008007838
 .igot.plt      0x0000000020000014        0x0 c:/st/stm32cubeide_1.8.0/stm32cubeide/plugins/com.st.stm32cube.ide.mcu.externaltools.gnu-tools-for-stm32.9-2020-q2-update.win32_2.0.0.202105311346/tools/bin/../lib/gcc/arm-none-eabi/9.3.1/thumb/v7e-m+fp/hard/crtbegin.o
                0x0000000020000014                . = ALIGN (0x4)

.bss            0x0000000020000014    0x1c4a0 load address 0x0000000008007838
                0x0000000020000014                _sbss = .
                0x0000000020000014                __bss_start__ = _sbss
 *(.bss)
 .bss           0x0000000020000014       0x1c c:/st/stm32cubeide_1.8.0/stm32cubeide/plugins/com.st.stm32cube.ide.mcu.externaltools.gnu-tools-for-stm32.9-2020-q2-update.win32_2.0.0.202105311346/tools/bin/../lib/gcc/arm-none-eabi/9.3.1/thumb/v7e-m+fp/hard/crtbegin.o
 *(.bss*)
 .bss.pxCurrentTCB
                0x0000000020000030        0x4 ./common/ThirdParty/FreeRTOS/tasks.o
                0x0000000020000030                pxCurrentTCB
 .bss.pxReadyTasksLists
                0x0000000020000034       0x64 ./common/ThirdParty/FreeRTOS/tasks.o
 .bss.xDelayedTaskList1
                0x0000000020000098       0x14 ./common/ThirdParty/FreeRTOS/tasks.o
 .bss.xDelayedTaskList2
                0x00000000200000ac       0x14 ./common/ThirdParty/FreeRTOS/tasks.o
 .bss.pxDelayedTaskList
                0x00000000200000c0        0x4 ./common/ThirdParty/FreeRTOS/tasks.o
 .bss.pxOverflowDelayedTaskList
                0x00000000200000c4        0x4 ./common/ThirdParty/FreeRTOS/tasks.o
 .bss.xPendingReadyList
                0x00000000200000c8       0x14 ./common/ThirdParty/FreeRTOS/tasks.o
 .bss.xTasksWaitingTermination
                0x00000000200000dc       0x14 ./common/ThirdParty/FreeRTOS/tasks.o
 .bss.uxDeletedTasksWaitingCleanUp
                0x00000000200000f0        0x4 ./common/ThirdParty/FreeRTOS/tasks.o
 .bss.xSuspendedTaskList
                0x00000000200000f4       0x14 ./common/ThirdParty/FreeRTOS/tasks.o
 .bss.uxCurrentNumberOfTasks
                0x0000000020000108        0x4 ./common/ThirdParty/FreeRTOS/tasks.o
 .bss.xTickCount
                0x000000002000010c        0x4 ./common/ThirdParty/FreeRTOS/tasks.o
 .bss.uxTopReadyPriority
                0x0000000020000110        0x4 ./common/ThirdParty/FreeRTOS/tasks.o
 .bss.xSchedulerRunning
                0x0000000020000114        0x4 ./common/ThirdParty/FreeRTOS/tasks.o
 .bss.xPendedTicks
                0x0000000020000118        0x4 ./common/ThirdParty/FreeRTOS/tasks.o
 .bss.xYieldPending
                0x000000002000011c        0x4 ./common/ThirdParty/FreeRTOS/tasks.o
 .bss.xNumOfOverflows
                0x0000000020000120        0x4 ./common/ThirdParty/FreeRTOS/tasks.o
 .bss.uxTaskNumber
                0x0000000020000124        0x4 ./common/ThirdParty/FreeRTOS/tasks.o
 .bss.xNextTaskUnblockTime
                0x0000000020000128        0x4 ./common/ThirdParty/FreeRTOS/tasks.o
 .bss.xIdleTaskHandle
                0x000000002000012c        0x4 ./common/ThirdParty/FreeRTOS/tasks.o
 .bss.uxSchedulerSuspended
                0x0000000020000130        0x4 ./common/ThirdParty/FreeRTOS/tasks.o
 .bss.xActiveTimerList1
                0x0000000020000134       0x14 ./common/ThirdParty/FreeRTOS/timers.o
 .bss.xActiveTimerList2
                0x0000000020000148       0x14 ./common/ThirdParty/FreeRTOS/timers.o
 .bss.pxCurrentTimerList
                0x000000002000015c        0x4 ./common/ThirdParty/FreeRTOS/timers.o
 .bss.pxOverflowTimerList
                0x0000000020000160        0x4 ./common/ThirdParty/FreeRTOS/timers.o
 .bss.xTimerQueue
                0x0000000020000164        0x4 ./common/ThirdParty/FreeRTOS/timers.o
 .bss.xTimerTaskHandle
                0x0000000020000168        0x4 ./common/ThirdParty/FreeRTOS/timers.o
 .bss.xLastTime.7306
                0x000000002000016c        0x4 ./common/ThirdParty/FreeRTOS/timers.o
 .bss.ucMaxSysCallPriority
                0x0000000020000170        0x1 ./common/ThirdParty/FreeRTOS/portable/GCC/ARM_CM4F/port.o
 *fill*         0x0000000020000171        0x3 
 .bss.ulMaxPRIGROUPValue
                0x0000000020000174        0x4 ./common/ThirdParty/FreeRTOS/portable/GCC/ARM_CM4F/port.o
 .bss.ucHeap    0x0000000020000178    0x12c00 ./common/ThirdParty/FreeRTOS/portable/MemMang/heap_4.o
 .bss.xStart    0x0000000020012d78        0x8 ./common/ThirdParty/FreeRTOS/portable/MemMang/heap_4.o
 .bss.pxEnd     0x0000000020012d80        0x4 ./common/ThirdParty/FreeRTOS/portable/MemMang/heap_4.o
 .bss.xFreeBytesRemaining
                0x0000000020012d84        0x4 ./common/ThirdParty/FreeRTOS/portable/MemMang/heap_4.o
 .bss.xMinimumEverFreeBytesRemaining
                0x0000000020012d88        0x4 ./common/ThirdParty/FreeRTOS/portable/MemMang/heap_4.o
 .bss.xNumberOfSuccessfulAllocations
                0x0000000020012d8c        0x4 ./common/ThirdParty/FreeRTOS/portable/MemMang/heap_4.o
 .bss.xNumberOfSuccessfulFrees
                0x0000000020012d90        0x4 ./common/ThirdParty/FreeRTOS/portable/MemMang/heap_4.o
 .bss.xBlockAllocatedBit
                0x0000000020012d94        0x4 ./common/ThirdParty/FreeRTOS/portable/MemMang/heap_4.o
 .bss._aTasks   0x0000000020012d98       0xa0 ./common/ThirdParty/SEGGER/OS/SEGGER_SYSVIEW_FreeRTOS.o
 .bss._NumTasks
                0x0000000020012e38        0x4 ./common/ThirdParty/SEGGER/OS/SEGGER_SYSVIEW_FreeRTOS.o
 .bss._acUpBuffer
                0x0000000020012e3c      0x400 ./common/ThirdParty/SEGGER/SEGGER/SEGGER_RTT.o
 .bss._acDownBuffer
                0x000000002001323c       0x10 ./common/ThirdParty/SEGGER/SEGGER/SEGGER_RTT.o
 .bss._UpBuffer
                0x000000002001324c     0x9000 ./common/ThirdParty/SEGGER/SEGGER/SEGGER_SYSVIEW.o
 .bss._DownBuffer
                0x000000002001c24c        0x8 ./common/ThirdParty/SEGGER/SEGGER/SEGGER_SYSVIEW.o
 .bss._SYSVIEW_Globals
                0x000000002001c254       0x28 ./common/ThirdParty/SEGGER/SEGGER/SEGGER_SYSVIEW.o
 .bss._pFirstModule
                0x000000002001c27c        0x4 ./common/ThirdParty/SEGGER/SEGGER/SEGGER_SYSVIEW.o
 .bss._NumModules
                0x000000002001c280        0x1 ./common/ThirdParty/SEGGER/SEGGER/SEGGER_SYSVIEW.o
 *fill*         0x000000002001c281        0x3 
 .bss._aPacket  0x000000002001c284       0xe3 ./common/ThirdParty/SEGGER/SEGGER/SEGGER_SYSVIEW.o
 *(COMMON)
 *fill*         0x000000002001c367        0x1 
 COMMON         0x000000002001c368       0x14 ./Core/Src/main.o
                0x000000002001c368                task_to_delete
                0x000000002001c36c                handle_button
                0x000000002001c370                handle_LED_blue
                0x000000002001c374                handle_LED_green
                0x000000002001c378                handle_LED_red
 COMMON         0x000000002001c37c       0x4c ./Core/Src/stm32l4xx_hal_timebase_tim.o
                0x000000002001c37c                htim6
 COMMON         0x000000002001c3c8        0x4 ./Drivers/STM32L4xx_HAL_Driver/Src/stm32l4xx_hal.o
                0x000000002001c3c8                uwTick
 COMMON         0x000000002001c3cc       0x40 ./common/ThirdParty/FreeRTOS/queue.o
                0x000000002001c3cc                xQueueRegistry
 COMMON         0x000000002001c40c       0xa8 ./common/ThirdParty/SEGGER/SEGGER/SEGGER_RTT.o
                0x000000002001c40c                _SEGGER_RTT
                0x000000002001c4b4                . = ALIGN (0x4)
                0x000000002001c4b4                _ebss = .
                0x000000002001c4b4                __bss_end__ = _ebss

._user_heap_stack
                0x000000002001c4b4      0x604 load address 0x0000000008007838
                0x000000002001c4b8                . = ALIGN (0x8)
 *fill*         0x000000002001c4b4        0x4 
                [!provide]                        PROVIDE (end = .)
                0x000000002001c4b8                PROVIDE (_end = .)
                0x000000002001c6b8                . = (. + _Min_Heap_Size)
 *fill*         0x000000002001c4b8      0x200 
                0x000000002001cab8                . = (. + _Min_Stack_Size)
 *fill*         0x000000002001c6b8      0x400 
                0x000000002001cab8                . = ALIGN (0x8)

/DISCARD/
 libc.a(*)
 libm.a(*)
 libgcc.a(*)

.ARM.attributes
                0x0000000000000000       0x30
 *(.ARM.attributes)
 .ARM.attributes
                0x0000000000000000       0x1e c:/st/stm32cubeide_1.8.0/stm32cubeide/plugins/com.st.stm32cube.ide.mcu.externaltools.gnu-tools-for-stm32.9-2020-q2-update.win32_2.0.0.202105311346/tools/bin/../lib/gcc/arm-none-eabi/9.3.1/thumb/v7e-m+fp/hard/crti.o
 .ARM.attributes
                0x000000000000001e       0x34 c:/st/stm32cubeide_1.8.0/stm32cubeide/plugins/com.st.stm32cube.ide.mcu.externaltools.gnu-tools-for-stm32.9-2020-q2-update.win32_2.0.0.202105311346/tools/bin/../lib/gcc/arm-none-eabi/9.3.1/thumb/v7e-m+fp/hard/crtbegin.o
 .ARM.attributes
                0x0000000000000052       0x34 ./Core/Src/main.o
 .ARM.attributes
                0x0000000000000086       0x34 ./Core/Src/stm32l4xx_hal_msp.o
 .ARM.attributes
                0x00000000000000ba       0x34 ./Core/Src/stm32l4xx_hal_timebase_tim.o
 .ARM.attributes
                0x00000000000000ee       0x34 ./Core/Src/stm32l4xx_it.o
 .ARM.attributes
                0x0000000000000122       0x34 ./Core/Src/system_stm32l4xx.o
 .ARM.attributes
                0x0000000000000156       0x21 ./Core/Startup/startup_stm32l4r5zitx.o
 .ARM.attributes
                0x0000000000000177       0x34 ./Drivers/STM32L4xx_HAL_Driver/Src/stm32l4xx_hal.o
 .ARM.attributes
                0x00000000000001ab       0x34 ./Drivers/STM32L4xx_HAL_Driver/Src/stm32l4xx_hal_cortex.o
 .ARM.attributes
                0x00000000000001df       0x34 ./Drivers/STM32L4xx_HAL_Driver/Src/stm32l4xx_hal_gpio.o
 .ARM.attributes
                0x0000000000000213       0x34 ./Drivers/STM32L4xx_HAL_Driver/Src/stm32l4xx_hal_pwr_ex.o
 .ARM.attributes
                0x0000000000000247       0x34 ./Drivers/STM32L4xx_HAL_Driver/Src/stm32l4xx_hal_rcc.o
 .ARM.attributes
                0x000000000000027b       0x34 ./Drivers/STM32L4xx_HAL_Driver/Src/stm32l4xx_hal_tim.o
 .ARM.attributes
                0x00000000000002af       0x34 ./Drivers/STM32L4xx_HAL_Driver/Src/stm32l4xx_hal_tim_ex.o
 .ARM.attributes
                0x00000000000002e3       0x34 ./common/ThirdParty/FreeRTOS/list.o
 .ARM.attributes
                0x0000000000000317       0x34 ./common/ThirdParty/FreeRTOS/queue.o
 .ARM.attributes
                0x000000000000034b       0x34 ./common/ThirdParty/FreeRTOS/tasks.o
 .ARM.attributes
                0x000000000000037f       0x34 ./common/ThirdParty/FreeRTOS/timers.o
 .ARM.attributes
                0x00000000000003b3       0x34 ./common/ThirdParty/FreeRTOS/portable/GCC/ARM_CM4F/port.o
 .ARM.attributes
                0x00000000000003e7       0x34 ./common/ThirdParty/FreeRTOS/portable/MemMang/heap_4.o
 .ARM.attributes
                0x000000000000041b       0x34 ./common/ThirdParty/SEGGER/Config/SEGGER_SYSVIEW_Config_FreeRTOS.o
 .ARM.attributes
                0x000000000000044f       0x34 ./common/ThirdParty/SEGGER/OS/SEGGER_SYSVIEW_FreeRTOS.o
 .ARM.attributes
                0x0000000000000483       0x34 ./common/ThirdParty/SEGGER/SEGGER/SEGGER_RTT.o
 .ARM.attributes
                0x00000000000004b7       0x20 ./common/ThirdParty/SEGGER/SEGGER/SEGGER_RTT_ASM_ARMv7M.o
 .ARM.attributes
                0x00000000000004d7       0x34 ./common/ThirdParty/SEGGER/SEGGER/SEGGER_SYSVIEW.o
 .ARM.attributes
                0x000000000000050b       0x34 c:/st/stm32cubeide_1.8.0/stm32cubeide/plugins/com.st.stm32cube.ide.mcu.externaltools.gnu-tools-for-stm32.9-2020-q2-update.win32_2.0.0.202105311346/tools/bin/../lib/gcc/arm-none-eabi/9.3.1/../../../../arm-none-eabi/lib/thumb/v7e-m+fp/hard\libc_nano.a(lib_a-init.o)
 .ARM.attributes
                0x000000000000053f       0x34 c:/st/stm32cubeide_1.8.0/stm32cubeide/plugins/com.st.stm32cube.ide.mcu.externaltools.gnu-tools-for-stm32.9-2020-q2-update.win32_2.0.0.202105311346/tools/bin/../lib/gcc/arm-none-eabi/9.3.1/../../../../arm-none-eabi/lib/thumb/v7e-m+fp/hard\libc_nano.a(lib_a-memcmp.o)
 .ARM.attributes
                0x0000000000000573       0x34 c:/st/stm32cubeide_1.8.0/stm32cubeide/plugins/com.st.stm32cube.ide.mcu.externaltools.gnu-tools-for-stm32.9-2020-q2-update.win32_2.0.0.202105311346/tools/bin/../lib/gcc/arm-none-eabi/9.3.1/../../../../arm-none-eabi/lib/thumb/v7e-m+fp/hard\libc_nano.a(lib_a-memcpy-stub.o)
 .ARM.attributes
                0x00000000000005a7       0x34 c:/st/stm32cubeide_1.8.0/stm32cubeide/plugins/com.st.stm32cube.ide.mcu.externaltools.gnu-tools-for-stm32.9-2020-q2-update.win32_2.0.0.202105311346/tools/bin/../lib/gcc/arm-none-eabi/9.3.1/../../../../arm-none-eabi/lib/thumb/v7e-m+fp/hard\libc_nano.a(lib_a-memset.o)
 .ARM.attributes
                0x00000000000005db       0x1e c:/st/stm32cubeide_1.8.0/stm32cubeide/plugins/com.st.stm32cube.ide.mcu.externaltools.gnu-tools-for-stm32.9-2020-q2-update.win32_2.0.0.202105311346/tools/bin/../lib/gcc/arm-none-eabi/9.3.1/thumb/v7e-m+fp/hard/crtn.o
OUTPUT(002LED_Blinky.elf elf32-littlearm)
LOAD linker stubs
LOAD c:/st/stm32cubeide_1.8.0/stm32cubeide/plugins/com.st.stm32cube.ide.mcu.externaltools.gnu-tools-for-stm32.9-2020-q2-update.win32_2.0.0.202105311346/tools/bin/../lib/gcc/arm-none-eabi/9.3.1/../../../../arm-none-eabi/lib/thumb/v7e-m+fp/hard\libc.a
LOAD c:/st/stm32cubeide_1.8.0/stm32cubeide/plugins/com.st.stm32cube.ide.mcu.externaltools.gnu-tools-for-stm32.9-2020-q2-update.win32_2.0.0.202105311346/tools/bin/../lib/gcc/arm-none-eabi/9.3.1/../../../../arm-none-eabi/lib/thumb/v7e-m+fp/hard\libm.a
LOAD c:/st/stm32cubeide_1.8.0/stm32cubeide/plugins/com.st.stm32cube.ide.mcu.externaltools.gnu-tools-for-stm32.9-2020-q2-update.win32_2.0.0.202105311346/tools/bin/../lib/gcc/arm-none-eabi/9.3.1/thumb/v7e-m+fp/hard\libgcc.a

.debug_info     0x0000000000000000    0x1b992
 .debug_info    0x0000000000000000     0x1b96 ./Core/Src/main.o
 .debug_info    0x0000000000001b96      0x59c ./Core/Src/stm32l4xx_hal_msp.o
 .debug_info    0x0000000000002132      0xf93 ./Core/Src/stm32l4xx_hal_timebase_tim.o
 .debug_info    0x00000000000030c5      0xa3c ./Core/Src/stm32l4xx_it.o
 .debug_info    0x0000000000003b01      0x7aa ./Core/Src/system_stm32l4xx.o
 .debug_info    0x00000000000042ab       0x22 ./Core/Startup/startup_stm32l4r5zitx.o
 .debug_info    0x00000000000042cd      0xd17 ./Drivers/STM32L4xx_HAL_Driver/Src/stm32l4xx_hal.o
 .debug_info    0x0000000000004fe4     0x1046 ./Drivers/STM32L4xx_HAL_Driver/Src/stm32l4xx_hal_cortex.o
 .debug_info    0x000000000000602a      0xa96 ./Drivers/STM32L4xx_HAL_Driver/Src/stm32l4xx_hal_gpio.o
 .debug_info    0x0000000000006ac0      0xc6e ./Drivers/STM32L4xx_HAL_Driver/Src/stm32l4xx_hal_pwr_ex.o
 .debug_info    0x000000000000772e      0xf63 ./Drivers/STM32L4xx_HAL_Driver/Src/stm32l4xx_hal_rcc.o
 .debug_info    0x0000000000008691     0x2f64 ./Drivers/STM32L4xx_HAL_Driver/Src/stm32l4xx_hal_tim.o
 .debug_info    0x000000000000b5f5     0x19bd ./Drivers/STM32L4xx_HAL_Driver/Src/stm32l4xx_hal_tim_ex.o
 .debug_info    0x000000000000cfb2      0xb9a ./common/ThirdParty/FreeRTOS/list.o
 .debug_info    0x000000000000db4c     0x1ffc ./common/ThirdParty/FreeRTOS/queue.o
 .debug_info    0x000000000000fb48     0x2a1f ./common/ThirdParty/FreeRTOS/tasks.o
 .debug_info    0x0000000000012567     0x157f ./common/ThirdParty/FreeRTOS/timers.o
 .debug_info    0x0000000000013ae6      0x5b1 ./common/ThirdParty/FreeRTOS/portable/GCC/ARM_CM4F/port.o
 .debug_info    0x0000000000014097      0xda4 ./common/ThirdParty/FreeRTOS/portable/MemMang/heap_4.o
 .debug_info    0x0000000000014e3b      0x131 ./common/ThirdParty/SEGGER/Config/SEGGER_SYSVIEW_Config_FreeRTOS.o
 .debug_info    0x0000000000014f6c      0xc58 ./common/ThirdParty/SEGGER/OS/SEGGER_SYSVIEW_FreeRTOS.o
 .debug_info    0x0000000000015bc4     0x1dc1 ./common/ThirdParty/SEGGER/SEGGER/SEGGER_RTT.o
 .debug_info    0x0000000000017985       0x26 ./common/ThirdParty/SEGGER/SEGGER/SEGGER_RTT_ASM_ARMv7M.o
 .debug_info    0x00000000000179ab     0x3fe7 ./common/ThirdParty/SEGGER/SEGGER/SEGGER_SYSVIEW.o

.debug_abbrev   0x0000000000000000     0x3429
 .debug_abbrev  0x0000000000000000      0x35f ./Core/Src/main.o
 .debug_abbrev  0x000000000000035f      0x13d ./Core/Src/stm32l4xx_hal_msp.o
 .debug_abbrev  0x000000000000049c      0x1bf ./Core/Src/stm32l4xx_hal_timebase_tim.o
 .debug_abbrev  0x000000000000065b      0x176 ./Core/Src/stm32l4xx_it.o
 .debug_abbrev  0x00000000000007d1      0x165 ./Core/Src/system_stm32l4xx.o
 .debug_abbrev  0x0000000000000936       0x12 ./Core/Startup/startup_stm32l4r5zitx.o
 .debug_abbrev  0x0000000000000948      0x227 ./Drivers/STM32L4xx_HAL_Driver/Src/stm32l4xx_hal.o
 .debug_abbrev  0x0000000000000b6f      0x33c ./Drivers/STM32L4xx_HAL_Driver/Src/stm32l4xx_hal_cortex.o
 .debug_abbrev  0x0000000000000eab      0x1e8 ./Drivers/STM32L4xx_HAL_Driver/Src/stm32l4xx_hal_gpio.o
 .debug_abbrev  0x0000000000001093      0x1f3 ./Drivers/STM32L4xx_HAL_Driver/Src/stm32l4xx_hal_pwr_ex.o
 .debug_abbrev  0x0000000000001286      0x2b1 ./Drivers/STM32L4xx_HAL_Driver/Src/stm32l4xx_hal_rcc.o
 .debug_abbrev  0x0000000000001537      0x25e ./Drivers/STM32L4xx_HAL_Driver/Src/stm32l4xx_hal_tim.o
 .debug_abbrev  0x0000000000001795      0x266 ./Drivers/STM32L4xx_HAL_Driver/Src/stm32l4xx_hal_tim_ex.o
 .debug_abbrev  0x00000000000019fb      0x1f7 ./common/ThirdParty/FreeRTOS/list.o
 .debug_abbrev  0x0000000000001bf2      0x333 ./common/ThirdParty/FreeRTOS/queue.o
 .debug_abbrev  0x0000000000001f25      0x3a9 ./common/ThirdParty/FreeRTOS/tasks.o
 .debug_abbrev  0x00000000000022ce      0x2fd ./common/ThirdParty/FreeRTOS/timers.o
 .debug_abbrev  0x00000000000025cb      0x231 ./common/ThirdParty/FreeRTOS/portable/GCC/ARM_CM4F/port.o
 .debug_abbrev  0x00000000000027fc      0x2d3 ./common/ThirdParty/FreeRTOS/portable/MemMang/heap_4.o
 .debug_abbrev  0x0000000000002acf       0xc1 ./common/ThirdParty/SEGGER/Config/SEGGER_SYSVIEW_Config_FreeRTOS.o
 .debug_abbrev  0x0000000000002b90      0x219 ./common/ThirdParty/SEGGER/OS/SEGGER_SYSVIEW_FreeRTOS.o
 .debug_abbrev  0x0000000000002da9      0x2e1 ./common/ThirdParty/SEGGER/SEGGER/SEGGER_RTT.o
 .debug_abbrev  0x000000000000308a       0x14 ./common/ThirdParty/SEGGER/SEGGER/SEGGER_RTT_ASM_ARMv7M.o
 .debug_abbrev  0x000000000000309e      0x38b ./common/ThirdParty/SEGGER/SEGGER/SEGGER_SYSVIEW.o

.debug_aranges  0x0000000000000000     0x14d8
 .debug_aranges
                0x0000000000000000       0x68 ./Core/Src/main.o
 .debug_aranges
                0x0000000000000068       0x20 ./Core/Src/stm32l4xx_hal_msp.o
 .debug_aranges
                0x0000000000000088       0x30 ./Core/Src/stm32l4xx_hal_timebase_tim.o
 .debug_aranges
                0x00000000000000b8       0x50 ./Core/Src/stm32l4xx_it.o
 .debug_aranges
                0x0000000000000108       0x28 ./Core/Src/system_stm32l4xx.o
 .debug_aranges
                0x0000000000000130       0x28 ./Core/Startup/startup_stm32l4r5zitx.o
 .debug_aranges
                0x0000000000000158      0x130 ./Drivers/STM32L4xx_HAL_Driver/Src/stm32l4xx_hal.o
 .debug_aranges
                0x0000000000000288      0x118 ./Drivers/STM32L4xx_HAL_Driver/Src/stm32l4xx_hal_cortex.o
 .debug_aranges
                0x00000000000003a0       0x58 ./Drivers/STM32L4xx_HAL_Driver/Src/stm32l4xx_hal_gpio.o
 .debug_aranges
                0x00000000000003f8      0x170 ./Drivers/STM32L4xx_HAL_Driver/Src/stm32l4xx_hal_pwr_ex.o
 .debug_aranges
                0x0000000000000568       0x98 ./Drivers/STM32L4xx_HAL_Driver/Src/stm32l4xx_hal_rcc.o
 .debug_aranges
                0x0000000000000600      0x3e0 ./Drivers/STM32L4xx_HAL_Driver/Src/stm32l4xx_hal_tim.o
 .debug_aranges
                0x00000000000009e0      0x180 ./Drivers/STM32L4xx_HAL_Driver/Src/stm32l4xx_hal_tim_ex.o
 .debug_aranges
                0x0000000000000b60       0x40 ./common/ThirdParty/FreeRTOS/list.o
 .debug_aranges
                0x0000000000000ba0      0x130 ./common/ThirdParty/FreeRTOS/queue.o
 .debug_aranges
                0x0000000000000cd0      0x208 ./common/ThirdParty/FreeRTOS/tasks.o
 .debug_aranges
                0x0000000000000ed8       0xd8 ./common/ThirdParty/FreeRTOS/timers.o
 .debug_aranges
                0x0000000000000fb0       0x88 ./common/ThirdParty/FreeRTOS/portable/GCC/ARM_CM4F/port.o
 .debug_aranges
                0x0000000000001038       0x58 ./common/ThirdParty/FreeRTOS/portable/MemMang/heap_4.o
 .debug_aranges
                0x0000000000001090       0x28 ./common/ThirdParty/SEGGER/Config/SEGGER_SYSVIEW_Config_FreeRTOS.o
 .debug_aranges
                0x00000000000010b8       0x48 ./common/ThirdParty/SEGGER/OS/SEGGER_SYSVIEW_FreeRTOS.o
 .debug_aranges
                0x0000000000001100      0x138 ./common/ThirdParty/SEGGER/SEGGER/SEGGER_RTT.o
 .debug_aranges
                0x0000000000001238       0x20 ./common/ThirdParty/SEGGER/SEGGER/SEGGER_RTT_ASM_ARMv7M.o
 .debug_aranges
                0x0000000000001258      0x280 ./common/ThirdParty/SEGGER/SEGGER/SEGGER_SYSVIEW.o

.debug_ranges   0x0000000000000000     0x1350
 .debug_ranges  0x0000000000000000       0x58 ./Core/Src/main.o
 .debug_ranges  0x0000000000000058       0x10 ./Core/Src/stm32l4xx_hal_msp.o
 .debug_ranges  0x0000000000000068       0x20 ./Core/Src/stm32l4xx_hal_timebase_tim.o
 .debug_ranges  0x0000000000000088       0x40 ./Core/Src/stm32l4xx_it.o
 .debug_ranges  0x00000000000000c8       0x18 ./Core/Src/system_stm32l4xx.o
 .debug_ranges  0x00000000000000e0       0x20 ./Core/Startup/startup_stm32l4r5zitx.o
 .debug_ranges  0x0000000000000100      0x120 ./Drivers/STM32L4xx_HAL_Driver/Src/stm32l4xx_hal.o
 .debug_ranges  0x0000000000000220      0x108 ./Drivers/STM32L4xx_HAL_Driver/Src/stm32l4xx_hal_cortex.o
 .debug_ranges  0x0000000000000328       0x48 ./Drivers/STM32L4xx_HAL_Driver/Src/stm32l4xx_hal_gpio.o
 .debug_ranges  0x0000000000000370      0x160 ./Drivers/STM32L4xx_HAL_Driver/Src/stm32l4xx_hal_pwr_ex.o
 .debug_ranges  0x00000000000004d0       0x88 ./Drivers/STM32L4xx_HAL_Driver/Src/stm32l4xx_hal_rcc.o
 .debug_ranges  0x0000000000000558      0x3d0 ./Drivers/STM32L4xx_HAL_Driver/Src/stm32l4xx_hal_tim.o
 .debug_ranges  0x0000000000000928      0x170 ./Drivers/STM32L4xx_HAL_Driver/Src/stm32l4xx_hal_tim_ex.o
 .debug_ranges  0x0000000000000a98       0x30 ./common/ThirdParty/FreeRTOS/list.o
 .debug_ranges  0x0000000000000ac8      0x120 ./common/ThirdParty/FreeRTOS/queue.o
 .debug_ranges  0x0000000000000be8      0x1f8 ./common/ThirdParty/FreeRTOS/tasks.o
 .debug_ranges  0x0000000000000de0       0xc8 ./common/ThirdParty/FreeRTOS/timers.o
 .debug_ranges  0x0000000000000ea8       0x78 ./common/ThirdParty/FreeRTOS/portable/GCC/ARM_CM4F/port.o
 .debug_ranges  0x0000000000000f20       0x48 ./common/ThirdParty/FreeRTOS/portable/MemMang/heap_4.o
 .debug_ranges  0x0000000000000f68       0x18 ./common/ThirdParty/SEGGER/Config/SEGGER_SYSVIEW_Config_FreeRTOS.o
 .debug_ranges  0x0000000000000f80       0x38 ./common/ThirdParty/SEGGER/OS/SEGGER_SYSVIEW_FreeRTOS.o
 .debug_ranges  0x0000000000000fb8      0x128 ./common/ThirdParty/SEGGER/SEGGER/SEGGER_RTT.o
 .debug_ranges  0x00000000000010e0      0x270 ./common/ThirdParty/SEGGER/SEGGER/SEGGER_SYSVIEW.o

.debug_macro    0x0000000000000000    0x2c7ff
 .debug_macro   0x0000000000000000      0x40c ./Core/Src/main.o
 .debug_macro   0x000000000000040c      0xaa8 ./Core/Src/main.o
 .debug_macro   0x0000000000000eb4      0x1a7 ./Core/Src/main.o
 .debug_macro   0x000000000000105b       0x2e ./Core/Src/main.o
 .debug_macro   0x0000000000001089       0x28 ./Core/Src/main.o
 .debug_macro   0x00000000000010b1       0x22 ./Core/Src/main.o
 .debug_macro   0x00000000000010d3       0x8e ./Core/Src/main.o
 .debug_macro   0x0000000000001161       0x51 ./Core/Src/main.o
 .debug_macro   0x00000000000011b2      0x103 ./Core/Src/main.o
 .debug_macro   0x00000000000012b5       0x6a ./Core/Src/main.o
 .debug_macro   0x000000000000131f      0x1df ./Core/Src/main.o
 .debug_macro   0x00000000000014fe       0x1c ./Core/Src/main.o
 .debug_macro   0x000000000000151a       0x22 ./Core/Src/main.o
 .debug_macro   0x000000000000153c      0x101 ./Core/Src/main.o
 .debug_macro   0x000000000000163d     0x1011 ./Core/Src/main.o
 .debug_macro   0x000000000000264e      0x11f ./Core/Src/main.o
 .debug_macro   0x000000000000276d    0x1cb71 ./Core/Src/main.o
 .debug_macro   0x000000000001f2de       0x6d ./Core/Src/main.o
 .debug_macro   0x000000000001f34b     0x38e9 ./Core/Src/main.o
 .debug_macro   0x0000000000022c34      0x174 ./Core/Src/main.o
 .debug_macro   0x0000000000022da8       0x5c ./Core/Src/main.o
 .debug_macro   0x0000000000022e04     0x1884 ./Core/Src/main.o
 .debug_macro   0x0000000000024688      0x7dc ./Core/Src/main.o
 .debug_macro   0x0000000000024e64      0x1b9 ./Core/Src/main.o
 .debug_macro   0x000000000002501d      0x225 ./Core/Src/main.o
 .debug_macro   0x0000000000025242      0x486 ./Core/Src/main.o
 .debug_macro   0x00000000000256c8      0x1ce ./Core/Src/main.o
 .debug_macro   0x0000000000025896       0x43 ./Core/Src/main.o
 .debug_macro   0x00000000000258d9      0x23d ./Core/Src/main.o
 .debug_macro   0x0000000000025b16      0x241 ./Core/Src/main.o
 .debug_macro   0x0000000000025d57      0x416 ./Core/Src/main.o
 .debug_macro   0x000000000002616d       0x1c ./Core/Src/main.o
 .debug_macro   0x0000000000026189       0xf2 ./Core/Src/main.o
 .debug_macro   0x000000000002627b      0x22c ./Core/Src/main.o
 .debug_macro   0x00000000000264a7       0x61 ./Core/Src/main.o
 .debug_macro   0x0000000000026508       0xa5 ./Core/Src/main.o
 .debug_macro   0x00000000000265ad      0x122 ./Core/Src/main.o
 .debug_macro   0x00000000000266cf      0x3f6 ./Core/Src/main.o
 .debug_macro   0x0000000000026ac5      0xa75 ./Core/Src/main.o
 .debug_macro   0x000000000002753a      0x196 ./Core/Src/main.o
 .debug_macro   0x00000000000276d0      0x432 ./Core/Src/main.o
 .debug_macro   0x0000000000027b02       0x52 ./Core/Src/main.o
 .debug_macro   0x0000000000027b54       0x18 ./Core/Src/main.o
 .debug_macro   0x0000000000027b6c       0x3c ./Core/Src/main.o
 .debug_macro   0x0000000000027ba8       0x34 ./Core/Src/main.o
 .debug_macro   0x0000000000027bdc       0x16 ./Core/Src/main.o
 .debug_macro   0x0000000000027bf2       0x35 ./Core/Src/main.o
 .debug_macro   0x0000000000027c27      0x333 ./Core/Src/main.o
 .debug_macro   0x0000000000027f5a       0x10 ./Core/Src/main.o
 .debug_macro   0x0000000000027f6a       0x16 ./Core/Src/main.o
 .debug_macro   0x0000000000027f80       0x43 ./Core/Src/main.o
 .debug_macro   0x0000000000027fc3       0x34 ./Core/Src/main.o
 .debug_macro   0x0000000000027ff7       0x10 ./Core/Src/main.o
 .debug_macro   0x0000000000028007       0x58 ./Core/Src/main.o
 .debug_macro   0x000000000002805f       0x71 ./Core/Src/main.o
 .debug_macro   0x00000000000280d0       0x1c ./Core/Src/main.o
 .debug_macro   0x00000000000280ec      0x12a ./Core/Src/main.o
 .debug_macro   0x0000000000028216       0x10 ./Core/Src/main.o
 .debug_macro   0x0000000000028226       0x1c ./Core/Src/main.o
 .debug_macro   0x0000000000028242       0x52 ./Core/Src/main.o
 .debug_macro   0x0000000000028294       0x22 ./Core/Src/main.o
 .debug_macro   0x00000000000282b6       0x10 ./Core/Src/main.o
 .debug_macro   0x00000000000282c6       0x40 ./Core/Src/main.o
 .debug_macro   0x0000000000028306       0xd5 ./Core/Src/main.o
 .debug_macro   0x00000000000283db       0x1c ./Core/Src/main.o
 .debug_macro   0x00000000000283f7       0x3d ./Core/Src/main.o
 .debug_macro   0x0000000000028434       0x16 ./Core/Src/main.o
 .debug_macro   0x000000000002844a      0x145 ./Core/Src/main.o
 .debug_macro   0x000000000002858f      0x112 ./Core/Src/main.o
 .debug_macro   0x00000000000286a1       0x4c ./Core/Src/main.o
 .debug_macro   0x00000000000286ed       0x46 ./Core/Src/main.o
 .debug_macro   0x0000000000028733       0x64 ./Core/Src/main.o
 .debug_macro   0x0000000000028797       0x49 ./Core/Src/main.o
 .debug_macro   0x00000000000287e0       0xc3 ./Core/Src/main.o
 .debug_macro   0x00000000000288a3      0x204 ./Core/Src/main.o
 .debug_macro   0x0000000000028aa7      0x450 ./Core/Src/main.o
 .debug_macro   0x0000000000028ef7      0x15a ./Core/Src/main.o
 .debug_macro   0x0000000000029051       0xea ./Core/Src/main.o
 .debug_macro   0x000000000002913b       0x1c ./Core/Src/main.o
 .debug_macro   0x0000000000029157       0x26 ./Core/Src/main.o
 .debug_macro   0x000000000002917d      0x3d0 ./Core/Src/main.o
 .debug_macro   0x000000000002954d       0xb5 ./Core/Src/main.o
 .debug_macro   0x0000000000029602      0x120 ./Core/Src/main.o
 .debug_macro   0x0000000000029722      0x28f ./Core/Src/stm32l4xx_hal_msp.o
 .debug_macro   0x00000000000299b1       0x58 ./Core/Src/stm32l4xx_hal_msp.o
 .debug_macro   0x0000000000029a09      0x1d3 ./Core/Src/stm32l4xx_hal_timebase_tim.o
 .debug_macro   0x0000000000029bdc      0x1e7 ./Core/Src/stm32l4xx_it.o
 .debug_macro   0x0000000000029dc3      0x1d3 ./Core/Src/system_stm32l4xx.o
 .debug_macro   0x0000000000029f96      0x221 ./Drivers/STM32L4xx_HAL_Driver/Src/stm32l4xx_hal.o
 .debug_macro   0x000000000002a1b7      0x1d3 ./Drivers/STM32L4xx_HAL_Driver/Src/stm32l4xx_hal_cortex.o
 .debug_macro   0x000000000002a38a      0x1da ./Drivers/STM32L4xx_HAL_Driver/Src/stm32l4xx_hal_gpio.o
 .debug_macro   0x000000000002a564      0x1fd ./Drivers/STM32L4xx_HAL_Driver/Src/stm32l4xx_hal_pwr_ex.o
 .debug_macro   0x000000000002a761      0x215 ./Drivers/STM32L4xx_HAL_Driver/Src/stm32l4xx_hal_rcc.o
 .debug_macro   0x000000000002a976      0x1d4 ./Drivers/STM32L4xx_HAL_Driver/Src/stm32l4xx_hal_tim.o
 .debug_macro   0x000000000002ab4a      0x1d3 ./Drivers/STM32L4xx_HAL_Driver/Src/stm32l4xx_hal_tim_ex.o
 .debug_macro   0x000000000002ad1d      0x1f5 ./common/ThirdParty/FreeRTOS/list.o
 .debug_macro   0x000000000002af12      0x27e ./common/ThirdParty/FreeRTOS/queue.o
 .debug_macro   0x000000000002b190       0x16 ./common/ThirdParty/FreeRTOS/queue.o
 .debug_macro   0x000000000002b1a6       0x20 ./common/ThirdParty/FreeRTOS/queue.o
 .debug_macro   0x000000000002b1c6       0x80 ./common/ThirdParty/FreeRTOS/queue.o
 .debug_macro   0x000000000002b246      0x2e2 ./common/ThirdParty/FreeRTOS/tasks.o
 .debug_macro   0x000000000002b528       0x10 ./common/ThirdParty/FreeRTOS/tasks.o
 .debug_macro   0x000000000002b538      0x23e ./common/ThirdParty/FreeRTOS/timers.o
 .debug_macro   0x000000000002b776       0x97 ./common/ThirdParty/FreeRTOS/timers.o
 .debug_macro   0x000000000002b80d      0x1f8 ./common/ThirdParty/FreeRTOS/portable/GCC/ARM_CM4F/port.o
 .debug_macro   0x000000000002ba05      0x210 ./common/ThirdParty/FreeRTOS/portable/MemMang/heap_4.o
 .debug_macro   0x000000000002bc15      0x138 ./common/ThirdParty/SEGGER/Config/SEGGER_SYSVIEW_Config_FreeRTOS.o
 .debug_macro   0x000000000002bd4d      0x204 ./common/ThirdParty/SEGGER/OS/SEGGER_SYSVIEW_FreeRTOS.o
 .debug_macro   0x000000000002bf51      0x1bd ./common/ThirdParty/SEGGER/SEGGER/SEGGER_RTT.o
 .debug_macro   0x000000000002c10e       0x34 ./common/ThirdParty/SEGGER/SEGGER/SEGGER_RTT.o
 .debug_macro   0x000000000002c142      0x138 ./common/ThirdParty/SEGGER/SEGGER/SEGGER_RTT.o
 .debug_macro   0x000000000002c27a      0x213 ./common/ThirdParty/SEGGER/SEGGER/SEGGER_SYSVIEW.o
 .debug_macro   0x000000000002c48d      0x204 ./common/ThirdParty/SEGGER/SEGGER/SEGGER_SYSVIEW.o
 .debug_macro   0x000000000002c691      0x16e ./common/ThirdParty/SEGGER/SEGGER/SEGGER_SYSVIEW.o

.debug_line     0x0000000000000000    0x16d39
 .debug_line    0x0000000000000000      0xe3d ./Core/Src/main.o
 .debug_line    0x0000000000000e3d      0x9e5 ./Core/Src/stm32l4xx_hal_msp.o
 .debug_line    0x0000000000001822      0x73c ./Core/Src/stm32l4xx_hal_timebase_tim.o
 .debug_line    0x0000000000001f5e      0x77c ./Core/Src/stm32l4xx_it.o
 .debug_line    0x00000000000026da      0x775 ./Core/Src/system_stm32l4xx.o
 .debug_line    0x0000000000002e4f       0x88 ./Core/Startup/startup_stm32l4r5zitx.o
 .debug_line    0x0000000000002ed7      0xacf ./Drivers/STM32L4xx_HAL_Driver/Src/stm32l4xx_hal.o
 .debug_line    0x00000000000039a6      0xc76 ./Drivers/STM32L4xx_HAL_Driver/Src/stm32l4xx_hal_cortex.o
 .debug_line    0x000000000000461c      0xb2b ./Drivers/STM32L4xx_HAL_Driver/Src/stm32l4xx_hal_gpio.o
 .debug_line    0x0000000000005147      0xd30 ./Drivers/STM32L4xx_HAL_Driver/Src/stm32l4xx_hal_pwr_ex.o
 .debug_line    0x0000000000005e77     0x102c ./Drivers/STM32L4xx_HAL_Driver/Src/stm32l4xx_hal_rcc.o
 .debug_line    0x0000000000006ea3     0x3d09 ./Drivers/STM32L4xx_HAL_Driver/Src/stm32l4xx_hal_tim.o
 .debug_line    0x000000000000abac     0x1bc8 ./Drivers/STM32L4xx_HAL_Driver/Src/stm32l4xx_hal_tim_ex.o
 .debug_line    0x000000000000c774      0x953 ./common/ThirdParty/FreeRTOS/list.o
 .debug_line    0x000000000000d0c7     0x182c ./common/ThirdParty/FreeRTOS/queue.o
 .debug_line    0x000000000000e8f3     0x1f78 ./common/ThirdParty/FreeRTOS/tasks.o
 .debug_line    0x000000000001086b      0xeaf ./common/ThirdParty/FreeRTOS/timers.o
 .debug_line    0x000000000001171a      0xa5c ./common/ThirdParty/FreeRTOS/portable/GCC/ARM_CM4F/port.o
 .debug_line    0x0000000000012176      0xb9e ./common/ThirdParty/FreeRTOS/portable/MemMang/heap_4.o
 .debug_line    0x0000000000012d14      0x6cf ./common/ThirdParty/SEGGER/Config/SEGGER_SYSVIEW_Config_FreeRTOS.o
 .debug_line    0x00000000000133e3      0x9c7 ./common/ThirdParty/SEGGER/OS/SEGGER_SYSVIEW_FreeRTOS.o
 .debug_line    0x0000000000013daa      0xee0 ./common/ThirdParty/SEGGER/SEGGER/SEGGER_RTT.o
 .debug_line    0x0000000000014c8a       0xe2 ./common/ThirdParty/SEGGER/SEGGER/SEGGER_RTT_ASM_ARMv7M.o
 .debug_line    0x0000000000014d6c     0x1fcd ./common/ThirdParty/SEGGER/SEGGER/SEGGER_SYSVIEW.o

.debug_str      0x0000000000000000   0x111f10
 .debug_str     0x0000000000000000   0x108aec ./Core/Src/main.o
                                     0x108f73 (size before relaxing)
 .debug_str     0x0000000000108aec       0x2c ./Core/Src/stm32l4xx_hal_msp.o
                                     0x102b17 (size before relaxing)
 .debug_str     0x0000000000108b18      0x4fb ./Core/Src/stm32l4xx_hal_timebase_tim.o
                                      0xfc5db (size before relaxing)
 .debug_str     0x0000000000109013       0x92 ./Core/Src/stm32l4xx_it.o
                                      0xfbee4 (size before relaxing)
 .debug_str     0x00000000001090a5       0xb8 ./Core/Src/system_stm32l4xx.o
                                      0xfba8c (size before relaxing)
 .debug_str     0x000000000010915d       0x36 ./Core/Startup/startup_stm32l4r5zitx.o
                                         0x88 (size before relaxing)
 .debug_str     0x0000000000109193      0x57b ./Drivers/STM32L4xx_HAL_Driver/Src/stm32l4xx_hal.o
                                      0xfc5c8 (size before relaxing)
 .debug_str     0x000000000010970e      0x389 ./Drivers/STM32L4xx_HAL_Driver/Src/stm32l4xx_hal_cortex.o
                                      0xfc313 (size before relaxing)
 .debug_str     0x0000000000109a97      0x158 ./Drivers/STM32L4xx_HAL_Driver/Src/stm32l4xx_hal_gpio.o
                                      0xfbc52 (size before relaxing)
 .debug_str     0x0000000000109bef      0x586 ./Drivers/STM32L4xx_HAL_Driver/Src/stm32l4xx_hal_pwr_ex.o
                                      0xfc075 (size before relaxing)
 .debug_str     0x000000000010a175      0x3ee ./Drivers/STM32L4xx_HAL_Driver/Src/stm32l4xx_hal_rcc.o
                                      0xfc0b3 (size before relaxing)
 .debug_str     0x000000000010a563      0xe71 ./Drivers/STM32L4xx_HAL_Driver/Src/stm32l4xx_hal_tim.o
                                      0xfce0b (size before relaxing)
 .debug_str     0x000000000010b3d4      0x65b ./Drivers/STM32L4xx_HAL_Driver/Src/stm32l4xx_hal_tim_ex.o
                                      0xfc6dd (size before relaxing)
 .debug_str     0x000000000010ba2f      0x2d0 ./common/ThirdParty/FreeRTOS/list.o
                                       0xed36 (size before relaxing)
 .debug_str     0x000000000010bcff     0x108a ./common/ThirdParty/FreeRTOS/queue.o
                                      0x10ffe (size before relaxing)
 .debug_str     0x000000000010cd89     0x1d06 ./common/ThirdParty/FreeRTOS/tasks.o
                                      0x11e4e (size before relaxing)
 .debug_str     0x000000000010ea8f      0x55f ./common/ThirdParty/FreeRTOS/timers.o
                                      0x113de (size before relaxing)
 .debug_str     0x000000000010efee      0x83d ./common/ThirdParty/FreeRTOS/portable/GCC/ARM_CM4F/port.o
                                       0xd408 (size before relaxing)
 .debug_str     0x000000000010f82b      0x369 ./common/ThirdParty/FreeRTOS/portable/MemMang/heap_4.o
                                      0x101b0 (size before relaxing)
 .debug_str     0x000000000010fb94      0x1b0 ./common/ThirdParty/SEGGER/Config/SEGGER_SYSVIEW_Config_FreeRTOS.o
                                       0xb2b3 (size before relaxing)
 .debug_str     0x000000000010fd44      0x137 ./common/ThirdParty/SEGGER/OS/SEGGER_SYSVIEW_FreeRTOS.o
                                       0xff0f (size before relaxing)
 .debug_str     0x000000000010fe7b     0x108f ./common/ThirdParty/SEGGER/SEGGER/SEGGER_RTT.o
                                       0x7ca7 (size before relaxing)
 .debug_str     0x0000000000110f0a       0x76 ./common/ThirdParty/SEGGER/SEGGER/SEGGER_RTT_ASM_ARMv7M.o
                                         0xd6 (size before relaxing)
 .debug_str     0x0000000000110f80      0xf90 ./common/ThirdParty/SEGGER/SEGGER/SEGGER_SYSVIEW.o
                                       0x9c5d (size before relaxing)

.comment        0x0000000000000000       0x53
 .comment       0x0000000000000000       0x53 ./Core/Src/main.o
                                         0x54 (size before relaxing)
 .comment       0x0000000000000053       0x54 ./Core/Src/stm32l4xx_hal_msp.o
 .comment       0x0000000000000053       0x54 ./Core/Src/stm32l4xx_hal_timebase_tim.o
 .comment       0x0000000000000053       0x54 ./Core/Src/stm32l4xx_it.o
 .comment       0x0000000000000053       0x54 ./Core/Src/system_stm32l4xx.o
 .comment       0x0000000000000053       0x54 ./Drivers/STM32L4xx_HAL_Driver/Src/stm32l4xx_hal.o
 .comment       0x0000000000000053       0x54 ./Drivers/STM32L4xx_HAL_Driver/Src/stm32l4xx_hal_cortex.o
 .comment       0x0000000000000053       0x54 ./Drivers/STM32L4xx_HAL_Driver/Src/stm32l4xx_hal_gpio.o
 .comment       0x0000000000000053       0x54 ./Drivers/STM32L4xx_HAL_Driver/Src/stm32l4xx_hal_pwr_ex.o
 .comment       0x0000000000000053       0x54 ./Drivers/STM32L4xx_HAL_Driver/Src/stm32l4xx_hal_rcc.o
 .comment       0x0000000000000053       0x54 ./Drivers/STM32L4xx_HAL_Driver/Src/stm32l4xx_hal_tim.o
 .comment       0x0000000000000053       0x54 ./Drivers/STM32L4xx_HAL_Driver/Src/stm32l4xx_hal_tim_ex.o
 .comment       0x0000000000000053       0x54 ./common/ThirdParty/FreeRTOS/list.o
 .comment       0x0000000000000053       0x54 ./common/ThirdParty/FreeRTOS/queue.o
 .comment       0x0000000000000053       0x54 ./common/ThirdParty/FreeRTOS/tasks.o
 .comment       0x0000000000000053       0x54 ./common/ThirdParty/FreeRTOS/timers.o
 .comment       0x0000000000000053       0x54 ./common/ThirdParty/FreeRTOS/portable/GCC/ARM_CM4F/port.o
 .comment       0x0000000000000053       0x54 ./common/ThirdParty/FreeRTOS/portable/MemMang/heap_4.o
 .comment       0x0000000000000053       0x54 ./common/ThirdParty/SEGGER/Config/SEGGER_SYSVIEW_Config_FreeRTOS.o
 .comment       0x0000000000000053       0x54 ./common/ThirdParty/SEGGER/OS/SEGGER_SYSVIEW_FreeRTOS.o